Archive member included to satisfy reference by file (symbol)

/home/hehe/xPacks/riscv-none-embed-gcc/8.3.0-1.1/bin/../lib/gcc/riscv-none-embed/8.3.0/../../../../riscv-none-embed/lib/rv64imafdc/lp64d/libc.a(lib_a-assert.o)
                              build/packages/kendryte-sdk-latest/kendryte-standalone-sdk/lib/drivers/kpu.o (__assert_func)
/home/hehe/xPacks/riscv-none-embed-gcc/8.3.0-1.1/bin/../lib/gcc/riscv-none-embed/8.3.0/../../../../riscv-none-embed/lib/rv64imafdc/lp64d/libc.a(lib_a-atexit.o)
                              build/packages/kendryte-sdk-latest/kendryte-standalone-sdk/lib/bsp/entry_user.o (atexit)
/home/hehe/xPacks/riscv-none-embed-gcc/8.3.0-1.1/bin/../lib/gcc/riscv-none-embed/8.3.0/../../../../riscv-none-embed/lib/rv64imafdc/lp64d/libc.a(lib_a-fclose.o)
                              build/kernel/components/libc/compilers/newlib/stdio.o (fclose)
/home/hehe/xPacks/riscv-none-embed-gcc/8.3.0-1.1/bin/../lib/gcc/riscv-none-embed/8.3.0/../../../../riscv-none-embed/lib/rv64imafdc/lp64d/libc.a(lib_a-fflush.o)
                              /home/hehe/xPacks/riscv-none-embed-gcc/8.3.0-1.1/bin/../lib/gcc/riscv-none-embed/8.3.0/../../../../riscv-none-embed/lib/rv64imafdc/lp64d/libc.a(lib_a-fclose.o) (__sflush_r)
/home/hehe/xPacks/riscv-none-embed-gcc/8.3.0-1.1/bin/../lib/gcc/riscv-none-embed/8.3.0/../../../../riscv-none-embed/lib/rv64imafdc/lp64d/libc.a(lib_a-fileno.o)
                              build/kernel/components/libc/compilers/newlib/stdio.o (fileno)
/home/hehe/xPacks/riscv-none-embed-gcc/8.3.0-1.1/bin/../lib/gcc/riscv-none-embed/8.3.0/../../../../riscv-none-embed/lib/rv64imafdc/lp64d/libc.a(lib_a-findfp.o)
                              /home/hehe/xPacks/riscv-none-embed-gcc/8.3.0-1.1/bin/../lib/gcc/riscv-none-embed/8.3.0/../../../../riscv-none-embed/lib/rv64imafdc/lp64d/libc.a(lib_a-fclose.o) (__sinit)
/home/hehe/xPacks/riscv-none-embed-gcc/8.3.0-1.1/bin/../lib/gcc/riscv-none-embed/8.3.0/../../../../riscv-none-embed/lib/rv64imafdc/lp64d/libc.a(lib_a-fini.o)
                              build/packages/kendryte-sdk-latest/kendryte-standalone-sdk/lib/bsp/entry_user.o (__libc_fini_array)
/home/hehe/xPacks/riscv-none-embed-gcc/8.3.0-1.1/bin/../lib/gcc/riscv-none-embed/8.3.0/../../../../riscv-none-embed/lib/rv64imafdc/lp64d/libc.a(lib_a-fiprintf.o)
                              /home/hehe/xPacks/riscv-none-embed-gcc/8.3.0-1.1/bin/../lib/gcc/riscv-none-embed/8.3.0/../../../../riscv-none-embed/lib/rv64imafdc/lp64d/libc.a(lib_a-assert.o) (fiprintf)
/home/hehe/xPacks/riscv-none-embed-gcc/8.3.0-1.1/bin/../lib/gcc/riscv-none-embed/8.3.0/../../../../riscv-none-embed/lib/rv64imafdc/lp64d/libc.a(lib_a-fopen.o)
                              build/kernel/components/libc/compilers/newlib/stdio.o (fopen)
/home/hehe/xPacks/riscv-none-embed-gcc/8.3.0-1.1/bin/../lib/gcc/riscv-none-embed/8.3.0/../../../../riscv-none-embed/lib/rv64imafdc/lp64d/libc.a(lib_a-fseek.o)
                              /home/hehe/xPacks/riscv-none-embed-gcc/8.3.0-1.1/bin/../lib/gcc/riscv-none-embed/8.3.0/../../../../riscv-none-embed/lib/rv64imafdc/lp64d/libc.a(lib_a-fopen.o) (_fseek_r)
/home/hehe/xPacks/riscv-none-embed-gcc/8.3.0-1.1/bin/../lib/gcc/riscv-none-embed/8.3.0/../../../../riscv-none-embed/lib/rv64imafdc/lp64d/libc.a(lib_a-fseeko.o)
                              /home/hehe/xPacks/riscv-none-embed-gcc/8.3.0-1.1/bin/../lib/gcc/riscv-none-embed/8.3.0/../../../../riscv-none-embed/lib/rv64imafdc/lp64d/libc.a(lib_a-fseek.o) (_fseeko_r)
/home/hehe/xPacks/riscv-none-embed-gcc/8.3.0-1.1/bin/../lib/gcc/riscv-none-embed/8.3.0/../../../../riscv-none-embed/lib/rv64imafdc/lp64d/libc.a(lib_a-fwalk.o)
                              /home/hehe/xPacks/riscv-none-embed-gcc/8.3.0-1.1/bin/../lib/gcc/riscv-none-embed/8.3.0/../../../../riscv-none-embed/lib/rv64imafdc/lp64d/libc.a(lib_a-findfp.o) (_fwalk)
/home/hehe/xPacks/riscv-none-embed-gcc/8.3.0-1.1/bin/../lib/gcc/riscv-none-embed/8.3.0/../../../../riscv-none-embed/lib/rv64imafdc/lp64d/libc.a(lib_a-getchar.o)
                              build/kernel/components/finsh/shell.o (getchar)
/home/hehe/xPacks/riscv-none-embed-gcc/8.3.0-1.1/bin/../lib/gcc/riscv-none-embed/8.3.0/../../../../riscv-none-embed/lib/rv64imafdc/lp64d/libc.a(lib_a-impure.o)
                              build/kernel/components/libc/compilers/newlib/stdio.o (_global_impure_ptr)
/home/hehe/xPacks/riscv-none-embed-gcc/8.3.0-1.1/bin/../lib/gcc/riscv-none-embed/8.3.0/../../../../riscv-none-embed/lib/rv64imafdc/lp64d/libc.a(lib_a-lock.o)
                              /home/hehe/xPacks/riscv-none-embed-gcc/8.3.0-1.1/bin/../lib/gcc/riscv-none-embed/8.3.0/../../../../riscv-none-embed/lib/rv64imafdc/lp64d/libc.a(lib_a-findfp.o) (__retarget_lock_init_recursive)
/home/hehe/xPacks/riscv-none-embed-gcc/8.3.0-1.1/bin/../lib/gcc/riscv-none-embed/8.3.0/../../../../riscv-none-embed/lib/rv64imafdc/lp64d/libc.a(lib_a-makebuf.o)
[...]
Memory Configuration

Name             Origin             Length             Attributes
SRAM             0x0000000080000000 0x0000000000600000
*default*        0x0000000000000000 0xffffffffffffffff

Linker script and memory map

LOAD build/applications/main.o
LOAD build/applications/mnt.o
LOAD build/driver/board.o
LOAD build/driver/heap.o
LOAD build/driver/drv_uart.o
LOAD build/driver/drv_io_config.o
LOAD build/driver/drv_interrupt.o
LOAD build/driver/drv_tft.o
LOAD build/driver/drv_gpio.o
LOAD build/kernel/src/clock.o
LOAD build/kernel/src/components.o
LOAD build/kernel/src/cpu.o
LOAD build/kernel/src/device.o
LOAD build/kernel/src/idle.o
LOAD build/kernel/src/ipc.o
LOAD build/kernel/src/irq.o
LOAD build/kernel/src/kservice.o
LOAD build/kernel/src/object.o
LOAD build/kernel/src/scheduler.o
LOAD build/kernel/src/signal.o
LOAD build/kernel/src/slab.o
LOAD build/kernel/src/thread.o
LOAD build/kernel/src/timer.o
LOAD build/kernel/libcpu/risc-v/common/cpuport.o
LOAD build/kernel/libcpu/risc-v/common/context_gcc.o
LOAD build/kernel/libcpu/risc-v/k210/cpuport_smp.o
LOAD build/kernel/libcpu/risc-v/k210/interrupt.o
LOAD build/kernel/libcpu/risc-v/k210/tick.o
LOAD build/kernel/libcpu/risc-v/k210/interrupt_gcc.o
LOAD build/kernel/libcpu/risc-v/k210/startup_gcc.o
LOAD build/kernel/components/dfs/src/dfs.o
LOAD build/kernel/components/dfs/src/dfs_file.o
LOAD build/kernel/components/dfs/src/dfs_fs.o
LOAD build/kernel/components/dfs/src/dfs_posix.o
LOAD build/kernel/components/dfs/src/poll.o
LOAD build/kernel/components/dfs/src/select.o
LOAD build/kernel/components/dfs/filesystems/devfs/devfs.o
LOAD build/kernel/components/drivers/misc/pin.o
LOAD build/kernel/components/drivers/serial/serial.o
LOAD build/kernel/components/drivers/src/completion.o
LOAD build/kernel/components/drivers/src/dataqueue.o
LOAD build/kernel/components/drivers/src/pipe.o
LOAD build/kernel/components/drivers/src/ringblk_buf.o
LOAD build/kernel/components/drivers/src/ringbuffer.o
LOAD build/kernel/components/drivers/src/waitqueue.o
LOAD build/kernel/components/drivers/src/workqueue.o
LOAD build/kernel/components/finsh/shell.o
LOAD build/kernel/components/finsh/cmd.o
LOAD build/kernel/components/finsh/msh.o
LOAD build/kernel/components/finsh/msh_file.o
LOAD build/kernel/components/libc/compilers/newlib/libc.o
LOAD build/kernel/components/libc/compilers/newlib/libc_syms.o
LOAD build/kernel/components/libc/compilers/newlib/stdio.o
LOAD build/kernel/components/libc/compilers/newlib/syscalls.o
LOAD build/kernel/components/libc/compilers/newlib/time.o
LOAD build/kernel/components/utilities/ulog/ulog.o
LOAD build/kernel/components/utilities/ulog/backend/console_be.o
LOAD build/packages/kendryte-sdk-latest/kendryte-standalone-sdk/lib/bsp/sleep.o
LOAD build/packages/kendryte-sdk-latest/kendryte-standalone-sdk/lib/bsp/entry.o
LOAD build/packages/kendryte-sdk-latest/kendryte-standalone-sdk/lib/bsp/entry_user.o
LOAD build/packages/kendryte-sdk-latest/kendryte-standalone-sdk/lib/drivers/aes.o
LOAD build/packages/kendryte-sdk-latest/kendryte-standalone-sdk/lib/drivers/clint.o
LOAD build/packages/kendryte-sdk-latest/kendryte-standalone-sdk/lib/drivers/dmac.o
LOAD build/packages/kendryte-sdk-latest/kendryte-standalone-sdk/lib/drivers/dvp.o
LOAD build/packages/kendryte-sdk-latest/kendryte-standalone-sdk/lib/drivers/fft.o
LOAD build/packages/kendryte-sdk-latest/kendryte-standalone-sdk/lib/drivers/fpioa.o
LOAD build/packages/kendryte-sdk-latest/kendryte-standalone-sdk/lib/drivers/gpio.o
LOAD build/packages/kendryte-sdk-latest/kendryte-standalone-sdk/lib/drivers/gpiohs.o
LOAD build/packages/kendryte-sdk-latest/kendryte-standalone-sdk/lib/drivers/i2c.o
LOAD build/packages/kendryte-sdk-latest/kendryte-standalone-sdk/lib/drivers/i2s.o
LOAD build/packages/kendryte-sdk-latest/kendryte-standalone-sdk/lib/drivers/kpu.o
LOAD build/packages/kendryte-sdk-latest/kendryte-standalone-sdk/lib/drivers/plic.o
LOAD build/packages/kendryte-sdk-latest/kendryte-standalone-sdk/lib/drivers/pwm.o
LOAD build/packages/kendryte-sdk-latest/kendryte-standalone-sdk/lib/drivers/rtc.o
LOAD build/packages/kendryte-sdk-latest/kendryte-standalone-sdk/lib/drivers/sha256.o
LOAD build/packages/kendryte-sdk-latest/kendryte-standalone-sdk/lib/drivers/spi.o
LOAD build/packages/kendryte-sdk-latest/kendryte-standalone-sdk/lib/drivers/sysctl.o
LOAD build/packages/kendryte-sdk-latest/kendryte-standalone-sdk/lib/drivers/timer.o
LOAD build/packages/kendryte-sdk-latest/kendryte-standalone-sdk/lib/drivers/utils.o
LOAD build/packages/kendryte-sdk-latest/kendryte-standalone-sdk/lib/drivers/wdt.o
LOAD /home/hehe/xPacks/riscv-none-embed-gcc/8.3.0-1.1/bin/../lib/gcc/riscv-none-embed/8.3.0/../../../../riscv-none-embed/lib/rv64imafdc/lp64d/libc.a
LOAD /home/hehe/xPacks/riscv-none-embed-gcc/8.3.0-1.1/bin/../lib/gcc/riscv-none-embed/8.3.0/../../../../riscv-none-embed/lib/rv64imafdc/lp64d/libm.a
LOAD /home/hehe/xPacks/riscv-none-embed-gcc/8.3.0-1.1/bin/../lib/gcc/riscv-none-embed/8.3.0/rv64imafdc/lp64d/libgcc.a
START GROUP
LOAD /home/hehe/xPacks/riscv-none-embed-gcc/8.3.0-1.1/bin/../lib/gcc/riscv-none-embed/8.3.0/rv64imafdc/lp64d/libgcc.a
LOAD /home/hehe/xPacks/riscv-none-embed-gcc/8.3.0-1.1/bin/../lib/gcc/riscv-none-embed/8.3.0/../../../../riscv-none-embed/lib/rv64imafdc/lp64d/libg.a
LOAD /home/hehe/xPacks/riscv-none-embed-gcc/8.3.0-1.1/bin/../lib/gcc/riscv-none-embed/8.3.0/../../../../riscv-none-embed/lib/rv64imafdc/lp64d/libc.a
END GROUP
LOAD /home/hehe/xPacks/riscv-none-embed-gcc/8.3.0-1.1/bin/../lib/gcc/riscv-none-embed/8.3.0/rv64imafdc/lp64d/libgcc.a
                0x0000000000001000                __STACKSIZE__ = 0x1000
                0x0000000080000000                . = 0x80000000

.start          0x0000000080000000      0x140
 *(.start)
 .start         0x0000000080000000      0x140 build/kernel/libcpu/risc-v/k210/startup_gcc.o
                0x0000000080000000                _start
                0x0000000080000008                g_wake_up
                0x0000000080000140                . = ALIGN (0x8)

.text           0x0000000080000140    0x259d0
 *(.text)
 .text          0x0000000080000140       0xe0 build/kernel/libcpu/risc-v/common/context_gcc.o
                0x0000000080000140                rt_hw_local_irq_disable
                0x0000000080000146                rt_hw_local_irq_enable
                0x000000008000014c                rt_hw_context_switch_to
                0x000000008000015e                rt_hw_context_switch
                0x00000000800001ba                rt_hw_context_switch_interrupt
                0x00000000800001c8                rt_hw_context_switch_exit
 .text          0x0000000080000220       0xaa /home/hehe/xPacks/riscv-none-embed-gcc/8.3.0-1.1/bin/../lib/gcc/riscv-none-embed/8.3.0/../../../../riscv-none-embed/lib/rv64imafdc/lp64d/libc.a(lib_a-memset.o)
                0x0000000080000220                memset
 .text          0x00000000800002ca       0xea /home/hehe/xPacks/riscv-none-embed-gcc/8.3.0-1.1/bin/../lib/gcc/riscv-none-embed/8.3.0/../../../../riscv-none-embed/lib/rv64imafdc/lp64d/libc.a(lib_a-strcmp.o)
                0x00000000800002ca                strcmp
 *(.text.*)
 .text.main     0x00000000800003b4       0xc6 build/applications/main.o
                0x00000000800003b4                main
 .text.get_pin_config
                0x000000008000047a       0x68 build/applications/main.o
 .text.init_bss
                0x00000000800004e2       0x3c build/driver/board.o
                0x00000000800004e2                init_bss
 .text.primary_cpu_entry
                0x000000008000051e       0x1e build/driver/board.o
                0x000000008000051e                primary_cpu_entry
 .text.freq     0x000000008000053c      0x142 build/driver/board.o
                0x000000008000053c                freq
 .text.rt_hw_board_init
                0x000000008000067e       0x88 build/driver/board.o
                0x000000008000067e                rt_hw_board_init
 .text.rt_hw_cpu_reset
                0x0000000080000706       0x1a build/driver/board.o
                0x0000000080000706                rt_hw_cpu_reset
 .text.rt_hw_uart_init
                0x0000000080000720       0xee build/driver/drv_uart.o
                0x0000000080000720                rt_hw_uart_init
 .text.uart_configure
                0x000000008000080e      0x12e build/driver/drv_uart.o
 .text.uart_control
                0x000000008000093c       0xa6 build/driver/drv_uart.o
 .text.drv_uart_putc
                0x00000000800009e2       0x60 build/driver/drv_uart.o
 .text.drv_uart_getc
                0x0000000080000a42       0x54 build/driver/drv_uart.o
 .text.uart_irq_handler
                0x0000000080000a96       0x5a build/driver/drv_uart.o
 .text.uart_debug_init
                0x0000000080000af0       0x14 build/driver/drv_uart.o
                0x0000000080000af0                uart_debug_init
 .text.print_io_config
                0x0000000080000b04       0x56 build/driver/drv_io_config.o
 .text.io_config_init
                0x0000000080000b5a       0x7c build/driver/drv_io_config.o
                0x0000000080000b5a                io_config_init
 .text.plic_irq_handle
                0x0000000080000bd6       0x8e build/driver/drv_interrupt.o
                0x0000000080000bd6                plic_irq_handle
 .text.init_dcx
                0x0000000080000c64       0x42 build/driver/drv_tft.o
 .text.init_rst
                0x0000000080000ca6       0x42 build/driver/drv_tft.o
 .text.set_rst  0x0000000080000ce8       0x36 build/driver/drv_tft.o
 .text.tft_set_clk_freq
                0x0000000080000d1e       0x30 build/driver/drv_tft.o
                0x0000000080000d1e                tft_set_clk_freq
 .text.tft_hw_init
                0x0000000080000d4e       0x5c build/driver/drv_tft.o
                0x0000000080000d4e                tft_hw_init
 .text.rt_hw_tft_init
                0x0000000080000daa      0x152 build/driver/drv_tft.o
                0x0000000080000daa                rt_hw_tft_init
 .text.alloc_pin_channel
                0x0000000080000efc      0x102 build/driver/drv_gpio.o
 .text.get_pin_channel
                0x0000000080000ffe       0x24 build/driver/drv_gpio.o
 .text.drv_pin_mode
                0x0000000080001022       0xf0 build/driver/drv_gpio.o
 .text.drv_pin_write
                0x0000000080001112       0x76 build/driver/drv_gpio.o
 .text.drv_pin_read
                0x0000000080001188       0x7a build/driver/drv_gpio.o
 .text.pin_irq  0x0000000080001202      0x238 build/driver/drv_gpio.o
 .text.drv_pin_attach_irq
                0x000000008000143a      0x1c6 build/driver/drv_gpio.o
 .text.drv_pin_detach_irq
                0x0000000080001600       0x98 build/driver/drv_gpio.o
 .text.drv_pin_irq_enable
                0x0000000080001698       0x88 build/driver/drv_gpio.o
 .text.rt_hw_pin_init
                0x0000000080001720       0x56 build/driver/drv_gpio.o
                0x0000000080001720                rt_hw_pin_init
 .text.rt_tick_get
                0x0000000080001776       0x1e build/kernel/src/clock.o
                0x0000000080001776                rt_tick_get
 .text.rt_tick_increase
                0x0000000080001794       0x70 build/kernel/src/clock.o
                0x0000000080001794                rt_tick_increase
 .text.rt_tick_from_millisecond
                0x0000000080001804       0x80 build/kernel/src/clock.o
                0x0000000080001804                rt_tick_from_millisecond
 .text.rti_start
                0x0000000080001884       0x10 build/kernel/src/components.o
 .text.rti_board_start
                0x0000000080001894       0x10 build/kernel/src/components.o
 .text.rti_board_end
                0x00000000800018a4       0x10 build/kernel/src/components.o
 .text.rti_end  0x00000000800018b4       0x10 build/kernel/src/components.o
 .text.rt_components_board_init
                0x00000000800018c4       0x42 build/kernel/src/components.o
                0x00000000800018c4                rt_components_board_init
 .text.rt_components_init
                0x0000000080001906       0x42 build/kernel/src/components.o
                0x0000000080001906                rt_components_init
 .text.entry    0x0000000080001948       0x18 build/kernel/src/components.o
                0x0000000080001948                entry
 .text.main_thread_entry
                0x0000000080001960       0x22 build/kernel/src/components.o
                0x0000000080001960                main_thread_entry
 .text.rt_application_init
                0x0000000080001982       0x58 build/kernel/src/components.o
                0x0000000080001982                rt_application_init
 .text.rtthread_startup
                0x00000000800019da       0x44 build/kernel/src/components.o
                0x00000000800019da                rtthread_startup
 .text.rt_cpu_self
                0x0000000080001a1e       0x2c build/kernel/src/cpu.o
                0x0000000080001a1e                rt_cpu_self
 .text.rt_cpu_index
                0x0000000080001a4a       0x2a build/kernel/src/cpu.o
                0x0000000080001a4a                rt_cpu_index
 .text.rt_cpus_lock
                0x0000000080001a74       0x74 build/kernel/src/cpu.o
                0x0000000080001a74                rt_cpus_lock
 .text.rt_cpus_unlock
                0x0000000080001ae8       0x6e build/kernel/src/cpu.o
                0x0000000080001ae8                rt_cpus_unlock
 .text.rt_cpus_lock_status_restore
                0x0000000080001b56       0x3e build/kernel/src/cpu.o
                0x0000000080001b56                rt_cpus_lock_status_restore
 .text.rt_list_init
                0x0000000080001b94       0x28 build/kernel/src/device.o
 .text.rt_wqueue_init
                0x0000000080001bbc       0x48 build/kernel/src/device.o
 .text.rt_device_register
                0x0000000080001c04       0x7e build/kernel/src/device.o
                0x0000000080001c04                rt_device_register
 .text.rt_device_find
                0x0000000080001c82       0xac build/kernel/src/device.o
                0x0000000080001c82                rt_device_find
 .text.rt_device_open
                0x0000000080001d2e      0x192 build/kernel/src/device.o
                0x0000000080001d2e                rt_device_open
 .text.rt_device_close
                0x0000000080001ec0       0xca build/kernel/src/device.o
                0x0000000080001ec0                rt_device_close
 .text.rt_device_read
                0x0000000080001f8a       0xac build/kernel/src/device.o
                0x0000000080001f8a                rt_device_read
 .text.rt_device_write
                0x0000000080002036       0xac build/kernel/src/device.o
                0x0000000080002036                rt_device_write
 .text.rt_device_control
                0x00000000800020e2       0x8e build/kernel/src/device.o
                0x00000000800020e2                rt_device_control
 .text.rt_device_set_rx_indicate
                0x0000000080002170       0x70 build/kernel/src/device.o
                0x0000000080002170                rt_device_set_rx_indicate
 .text.rt_list_remove
                0x00000000800021e0       0x44 build/kernel/src/idle.o
 .text._has_defunct_thread
                0x0000000080002224       0x32 build/kernel/src/idle.o
 .text.rt_thread_idle_excute
                0x0000000080002256       0xfa build/kernel/src/idle.o
                0x0000000080002256                rt_thread_idle_excute
 .text.rt_thread_idle_entry
                0x0000000080002350       0x62 build/kernel/src/idle.o
 .text.rt_thread_idle_init
                0x00000000800023b2       0xc6 build/kernel/src/idle.o
                0x00000000800023b2                rt_thread_idle_init
 .text.rt_list_init
                0x0000000080002478       0x28 build/kernel/src/ipc.o
 .text.rt_list_insert_before
                0x00000000800024a0       0x42 build/kernel/src/ipc.o
 .text.rt_list_isempty
                0x00000000800024e2       0x2a build/kernel/src/ipc.o
 .text.rt_ipc_object_init
                0x000000008000250c       0x26 build/kernel/src/ipc.o
 .text.rt_ipc_list_suspend
                0x0000000080002532       0xca build/kernel/src/ipc.o
 .text.rt_ipc_list_resume
                0x00000000800025fc       0x2c build/kernel/src/ipc.o
 .text.rt_ipc_list_resume_all
                0x0000000080002628       0x56 build/kernel/src/ipc.o
 .text.rt_sem_init
                0x000000008000267e       0xa6 build/kernel/src/ipc.o
                0x000000008000267e                rt_sem_init
 .text.rt_sem_take
                0x0000000080002724      0x1e2 build/kernel/src/ipc.o
                0x0000000080002724                rt_sem_take
 .text.rt_sem_release
                0x0000000080002906       0xde build/kernel/src/ipc.o
                0x0000000080002906                rt_sem_release
 .text.rt_sem_control
                0x00000000800029e4       0xbe build/kernel/src/ipc.o
                0x00000000800029e4                rt_sem_control
 .text.rt_mutex_init
                0x0000000080002aa2       0x8a build/kernel/src/ipc.o
                0x0000000080002aa2                rt_mutex_init
 .text.rt_mutex_detach
                0x0000000080002b2c       0xa0 build/kernel/src/ipc.o
                0x0000000080002b2c                rt_mutex_detach
 .text.rt_mutex_take
                0x0000000080002bcc      0x284 build/kernel/src/ipc.o
                0x0000000080002bcc                rt_mutex_take
 .text.rt_mutex_release
                0x0000000080002e50      0x232 build/kernel/src/ipc.o
                0x0000000080002e50                rt_mutex_release
 .text.rt_interrupt_enter
                0x0000000080003082       0x4e build/kernel/src/irq.o
                0x0000000080003082                rt_interrupt_enter
 .text.rt_interrupt_leave
                0x00000000800030d0       0x4e build/kernel/src/irq.o
                0x00000000800030d0                rt_interrupt_leave
 .text.rt_interrupt_get_nest
                0x000000008000311e       0x34 build/kernel/src/irq.o
                0x000000008000311e                rt_interrupt_get_nest
 .text.rt_set_errno
                0x0000000080003152       0x5c build/kernel/src/kservice.o
                0x0000000080003152                rt_set_errno
 .text._rt_errno
                0x00000000800031ae       0x44 build/kernel/src/kservice.o
                0x00000000800031ae                _rt_errno
 .text.rt_memset
                0x00000000800031f2      0x138 build/kernel/src/kservice.o
                0x00000000800031f2                rt_memset
 .text.rt_memcpy
                0x000000008000332a      0x162 build/kernel/src/kservice.o
                0x000000008000332a                rt_memcpy
 .text.rt_memmove
                0x000000008000348c       0xcc build/kernel/src/kservice.o
                0x000000008000348c                rt_memmove
 .text.rt_strncpy
                0x0000000080003558       0x8e build/kernel/src/kservice.o
                0x0000000080003558                rt_strncpy
 .text.rt_strncmp
                0x00000000800035e6       0x72 build/kernel/src/kservice.o
                0x00000000800035e6                rt_strncmp
 .text.rt_strlen
                0x0000000080003658       0x3c build/kernel/src/kservice.o
                0x0000000080003658                rt_strlen
 .text.rt_strdup
                0x0000000080003694       0x50 build/kernel/src/kservice.o
                0x0000000080003694                rt_strdup
 .text.rt_show_version
                0x00000000800036e4       0x50 build/kernel/src/kservice.o
                0x00000000800036e4                rt_show_version
 .text.divide   0x0000000080003734       0x72 build/kernel/src/kservice.o
 .text.skip_atoi
                0x00000000800037a6       0x6c build/kernel/src/kservice.o
 .text.print_number
                0x0000000080003812      0x2d8 build/kernel/src/kservice.o
 .text.rt_vsnprintf
                0x0000000080003aea      0x6a6 build/kernel/src/kservice.o
                0x0000000080003aea                rt_vsnprintf
 .text.rt_snprintf
                0x0000000080004190       0x58 build/kernel/src/kservice.o
                0x0000000080004190                rt_snprintf
 .text.rt_vsprintf
                0x00000000800041e8       0x32 build/kernel/src/kservice.o
                0x00000000800041e8                rt_vsprintf
 .text.rt_sprintf
                0x000000008000421a       0x52 build/kernel/src/kservice.o
                0x000000008000421a                rt_sprintf
 .text.rt_console_get_device
                0x000000008000426c       0x18 build/kernel/src/kservice.o
                0x000000008000426c                rt_console_get_device
 .text.rt_console_set_device
                0x0000000080004284       0x70 build/kernel/src/kservice.o
                0x0000000080004284                rt_console_set_device
 .text.rt_hw_console_output
                0x00000000800042f4       0x12 build/kernel/src/kservice.o
                0x00000000800042f4                rt_hw_console_output
 .text.rt_kprintf
                0x0000000080004306       0xe8 build/kernel/src/kservice.o
                0x0000000080004306                rt_kprintf
 .text.__rt_ffs
                0x00000000800043ee       0xd8 build/kernel/src/kservice.o
                0x00000000800043ee                __rt_ffs
 .text.rt_assert_handler
                0x00000000800044c6       0x6c build/kernel/src/kservice.o
                0x00000000800044c6                rt_assert_handler
 .text.rt_list_insert_after
                0x0000000080004532       0x42 build/kernel/src/object.o
 .text.rt_list_remove
                0x0000000080004574       0x44 build/kernel/src/object.o
 .text.rt_object_get_information
                0x00000000800045b8       0x64 build/kernel/src/object.o
                0x00000000800045b8                rt_object_get_information
 .text.rt_object_init
                0x000000008000461c      0x11a build/kernel/src/object.o
                0x000000008000461c                rt_object_init
 .text.rt_object_detach
                0x0000000080004736       0x74 build/kernel/src/object.o
                0x0000000080004736                rt_object_detach
 .text.rt_object_allocate
                0x00000000800047aa      0x126 build/kernel/src/object.o
                0x00000000800047aa                rt_object_allocate
 .text.rt_object_delete
                0x00000000800048d0       0xa8 build/kernel/src/object.o
                0x00000000800048d0                rt_object_delete
 .text.rt_object_is_systemobject
                0x0000000080004978       0x4e build/kernel/src/object.o
                0x0000000080004978                rt_object_is_systemobject
 .text.rt_object_get_type
                0x00000000800049c6       0x44 build/kernel/src/object.o
                0x00000000800049c6                rt_object_get_type
 .text.rt_list_init
                0x0000000080004a0a       0x28 build/kernel/src/scheduler.o
 .text.rt_list_insert_before
                0x0000000080004a32       0x42 build/kernel/src/scheduler.o
 .text.rt_list_remove
                0x0000000080004a74       0x44 build/kernel/src/scheduler.o
 .text.rt_list_isempty
                0x0000000080004ab8       0x2a build/kernel/src/scheduler.o
 .text._rt_scheduler_stack_check
                0x0000000080004ae2       0xcc build/kernel/src/scheduler.o
 .text._get_highest_priority_thread
                0x0000000080004bae       0x94 build/kernel/src/scheduler.o
 .text.rt_system_scheduler_init
                0x0000000080004c42       0xba build/kernel/src/scheduler.o
                0x0000000080004c42                rt_system_scheduler_init
 .text.rt_system_scheduler_start
                0x0000000080004cfc       0x48 build/kernel/src/scheduler.o
                0x0000000080004cfc                rt_system_scheduler_start
 .text.rt_schedule
                0x0000000080004d44      0x1cc build/kernel/src/scheduler.o
                0x0000000080004d44                rt_schedule
 .text.rt_scheduler_do_irq_switch
                0x0000000080004f10      0x20c build/kernel/src/scheduler.o
                0x0000000080004f10                rt_scheduler_do_irq_switch
 .text.rt_schedule_insert_thread
                0x000000008000511c      0x1ce build/kernel/src/scheduler.o
                0x000000008000511c                rt_schedule_insert_thread
 .text.rt_schedule_remove_thread
                0x00000000800052ea      0x102 build/kernel/src/scheduler.o
                0x00000000800052ea                rt_schedule_remove_thread
 .text.rt_enter_critical
                0x00000000800053ec       0x80 build/kernel/src/scheduler.o
                0x00000000800053ec                rt_enter_critical
 .text.rt_exit_critical
                0x000000008000546c       0x9e build/kernel/src/scheduler.o
                0x000000008000546c                rt_exit_critical
 .text.rt_page_alloc
                0x000000008000550a       0xc8 build/kernel/src/slab.o
                0x000000008000550a                rt_page_alloc
 .text.rt_page_free
                0x00000000800055d2      0x1fc build/kernel/src/slab.o
                0x00000000800055d2                rt_page_free
 .text.rt_page_init
                0x00000000800057ce       0x6e build/kernel/src/slab.o
 .text.rt_system_heap_init
                0x000000008000583c      0x222 build/kernel/src/slab.o
                0x000000008000583c                rt_system_heap_init
 .text.zoneindex
                0x0000000080005a5e      0x1d6 build/kernel/src/slab.o
 .text.rt_malloc
                0x0000000080005c34      0x53e build/kernel/src/slab.o
                0x0000000080005c34                rt_malloc
 .text.rt_realloc
                0x0000000080006172      0x19c build/kernel/src/slab.o
                0x0000000080006172                rt_realloc
 .text.rt_calloc
                0x000000008000630e       0x52 build/kernel/src/slab.o
                0x000000008000630e                rt_calloc
 .text.rt_free  0x0000000080006360      0x34e build/kernel/src/slab.o
                0x0000000080006360                rt_free
 .text.list_mem
                0x00000000800066ae       0x68 build/kernel/src/slab.o
                0x00000000800066ae                list_mem
 .text.rt_list_init
                0x0000000080006716       0x28 build/kernel/src/thread.o
 .text.rt_list_insert_after
                0x000000008000673e       0x42 build/kernel/src/thread.o
 .text.rt_list_remove
                0x0000000080006780       0x44 build/kernel/src/thread.o
 .text.rt_thread_exit
                0x00000000800067c4       0x88 build/kernel/src/thread.o
                0x00000000800067c4                rt_thread_exit
 .text._rt_thread_init
                0x000000008000684c      0x1a6 build/kernel/src/thread.o
 .text.rt_thread_init
                0x00000000800069f2       0xae build/kernel/src/thread.o
                0x00000000800069f2                rt_thread_init
 .text.rt_thread_self
                0x0000000080006aa0       0x32 build/kernel/src/thread.o
                0x0000000080006aa0                rt_thread_self
 .text.rt_thread_startup
                0x0000000080006ad2       0xd0 build/kernel/src/thread.o
                0x0000000080006ad2                rt_thread_startup
 .text.rt_thread_create
                0x0000000080006ba2       0x9a build/kernel/src/thread.o
                0x0000000080006ba2                rt_thread_create
 .text.rt_thread_delete
                0x0000000080006c3c       0xda build/kernel/src/thread.o
                0x0000000080006c3c                rt_thread_delete
 .text.rt_thread_yield
                0x0000000080006d16       0x18 build/kernel/src/thread.o
                0x0000000080006d16                rt_thread_yield
 .text.rt_thread_sleep
                0x0000000080006d2e       0xbe build/kernel/src/thread.o
                0x0000000080006d2e                rt_thread_sleep
 .text.rt_thread_delay
                0x0000000080006dec       0x24 build/kernel/src/thread.o
                0x0000000080006dec                rt_thread_delay
 .text.rt_thread_mdelay
                0x0000000080006e10       0x34 build/kernel/src/thread.o
                0x0000000080006e10                rt_thread_mdelay
 .text.rt_thread_control
                0x0000000080006e44      0x192 build/kernel/src/thread.o
                0x0000000080006e44                rt_thread_control
 .text.rt_thread_suspend
                0x0000000080006fd6      0x120 build/kernel/src/thread.o
                0x0000000080006fd6                rt_thread_suspend
 .text.rt_thread_resume
                0x00000000800070f6       0xca build/kernel/src/thread.o
                0x00000000800070f6                rt_thread_resume
 .text.rt_thread_timeout
                0x00000000800071c0       0xb6 build/kernel/src/thread.o
                0x00000000800071c0                rt_thread_timeout
 .text.rt_list_init
                0x0000000080007276       0x28 build/kernel/src/timer.o
 .text.rt_list_insert_after
                0x000000008000729e       0x42 build/kernel/src/timer.o
 .text.rt_list_remove
                0x00000000800072e0       0x44 build/kernel/src/timer.o
 .text.rt_list_isempty
                0x0000000080007324       0x2a build/kernel/src/timer.o
 .text._rt_timer_init
                0x000000008000734e       0xa0 build/kernel/src/timer.o
 .text._rt_timer_remove
                0x00000000800073ee       0x44 build/kernel/src/timer.o
 .text.rt_timer_init
                0x0000000080007432       0x78 build/kernel/src/timer.o
                0x0000000080007432                rt_timer_init
 .text.rt_timer_detach
                0x00000000800074aa       0xa8 build/kernel/src/timer.o
                0x00000000800074aa                rt_timer_detach
 .text.rt_timer_start
                0x0000000080007552      0x2dc build/kernel/src/timer.o
                0x0000000080007552                rt_timer_start
 .text.rt_timer_stop
                0x000000008000782e       0xc2 build/kernel/src/timer.o
                0x000000008000782e                rt_timer_stop
 .text.rt_timer_control
                0x00000000800078f0       0xfe build/kernel/src/timer.o
                0x00000000800078f0                rt_timer_control
 .text.rt_timer_check
                0x00000000800079ee      0x120 build/kernel/src/timer.o
                0x00000000800079ee                rt_timer_check
 .text.rt_system_timer_init
                0x0000000080007b0e       0x42 build/kernel/src/timer.o
                0x0000000080007b0e                rt_system_timer_init
 .text.rt_system_timer_thread_init
                0x0000000080007b50        0xe build/kernel/src/timer.o
                0x0000000080007b50                rt_system_timer_thread_init
 .text.rt_hw_stack_init
                0x0000000080007b5e       0xa8 build/kernel/libcpu/risc-v/common/cpuport.o
                0x0000000080007b5e                rt_hw_stack_init
 .text.spinlock_trylock
                0x0000000080007c06       0x2e build/kernel/libcpu/risc-v/k210/cpuport_smp.o
 .text.spinlock_lock
                0x0000000080007c34       0x24 build/kernel/libcpu/risc-v/k210/cpuport_smp.o
 .text.spinlock_unlock
                0x0000000080007c58       0x20 build/kernel/libcpu/risc-v/k210/cpuport_smp.o
 .text.rt_hw_cpu_id
                0x0000000080007c78       0x1c build/kernel/libcpu/risc-v/k210/cpuport_smp.o
                0x0000000080007c78                rt_hw_cpu_id
 .text.rt_hw_spin_lock
                0x0000000080007c94       0x1e build/kernel/libcpu/risc-v/k210/cpuport_smp.o
                0x0000000080007c94                rt_hw_spin_lock
 .text.rt_hw_spin_unlock
                0x0000000080007cb2       0x1e build/kernel/libcpu/risc-v/k210/cpuport_smp.o
                0x0000000080007cb2                rt_hw_spin_unlock
 .text.rt_hw_ipi_send
                0x0000000080007cd0       0x62 build/kernel/libcpu/risc-v/k210/cpuport_smp.o
                0x0000000080007cd0                rt_hw_ipi_send
 .text.rt_hw_secondary_cpu_up
                0x0000000080007d32       0x22 build/kernel/libcpu/risc-v/k210/cpuport_smp.o
                0x0000000080007d32                rt_hw_secondary_cpu_up
 .text.secondary_cpu_c_start
                0x0000000080007d54       0x2e build/kernel/libcpu/risc-v/k210/cpuport_smp.o
                0x0000000080007d54                secondary_cpu_c_start
 .text.rt_hw_secondary_cpu_idle_exec
                0x0000000080007d82       0x12 build/kernel/libcpu/risc-v/k210/cpuport_smp.o
                0x0000000080007d82                rt_hw_secondary_cpu_idle_exec
 .text.rt_hw_interrupt_handle
                0x0000000080007d94       0x30 build/kernel/libcpu/risc-v/k210/interrupt.o
 .text.rt_hw_clint_ipi_enable
                0x0000000080007dc4       0x18 build/kernel/libcpu/risc-v/k210/interrupt.o
                0x0000000080007dc4                rt_hw_clint_ipi_enable
 .text.rt_hw_plic_irq_enable
                0x0000000080007ddc       0xb0 build/kernel/libcpu/risc-v/k210/interrupt.o
                0x0000000080007ddc                rt_hw_plic_irq_enable
 .text.rt_hw_plic_irq_disable
                0x0000000080007e8c       0xb6 build/kernel/libcpu/risc-v/k210/interrupt.o
                0x0000000080007e8c                rt_hw_plic_irq_disable
 .text.rt_hw_interrupt_init
                0x0000000080007f42      0x11a build/kernel/libcpu/risc-v/k210/interrupt.o
                0x0000000080007f42                rt_hw_interrupt_init
 .text.rt_hw_scondary_interrupt_init
                0x000000008000805c       0x88 build/kernel/libcpu/risc-v/k210/interrupt.o
                0x000000008000805c                rt_hw_scondary_interrupt_init
 .text.rt_hw_interrupt_mask
                0x00000000800080e4       0x22 build/kernel/libcpu/risc-v/k210/interrupt.o
                0x00000000800080e4                rt_hw_interrupt_mask
 .text.rt_hw_interrupt_umask
                0x0000000080008106       0x2e build/kernel/libcpu/risc-v/k210/interrupt.o
                0x0000000080008106                rt_hw_interrupt_umask
 .text.rt_hw_interrupt_install
                0x0000000080008134       0x80 build/kernel/libcpu/risc-v/k210/interrupt.o
                0x0000000080008134                rt_hw_interrupt_install
 .text.handle_irq_m_ext
                0x00000000800081b4      0x184 build/kernel/libcpu/risc-v/k210/interrupt.o
                0x00000000800081b4                handle_irq_m_ext
 .text.print_stack_frame
                0x0000000080008338      0x4d2 build/kernel/libcpu/risc-v/k210/interrupt.o
                0x0000000080008338                print_stack_frame
 .text.handle_trap
                0x000000008000880a      0x1d4 build/kernel/libcpu/risc-v/k210/interrupt.o
                0x000000008000880a                handle_trap
 .text.tick_isr
                0x00000000800089de       0x9e build/kernel/libcpu/risc-v/k210/tick.o
                0x00000000800089de                tick_isr
 .text.rt_hw_tick_init
                0x0000000080008a7c       0xe6 build/kernel/libcpu/risc-v/k210/tick.o
                0x0000000080008a7c                rt_hw_tick_init
 *fill*         0x0000000080008b62        0x2 
 .text.entry    0x0000000080008b64       0x86 build/kernel/libcpu/risc-v/k210/interrupt_gcc.o
                0x0000000080008b64                trap_entry
 .text.dfs_init
                0x0000000080008bea       0xa2 build/kernel/components/dfs/src/dfs.o
                0x0000000080008bea                dfs_init
 .text.dfs_lock
                0x0000000080008c8c       0x54 build/kernel/components/dfs/src/dfs.o
                0x0000000080008c8c                dfs_lock
 .text.dfs_unlock
                0x0000000080008ce0       0x1e build/kernel/components/dfs/src/dfs.o
                0x0000000080008ce0                dfs_unlock
 .text.fd_alloc
                0x0000000080008cfe      0x188 build/kernel/components/dfs/src/dfs.o
 .text.fd_new   0x0000000080008e86       0x90 build/kernel/components/dfs/src/dfs.o
                0x0000000080008e86                fd_new
 .text.fd_get   0x0000000080008f16       0xc4 build/kernel/components/dfs/src/dfs.o
                0x0000000080008f16                fd_get
 .text.fd_put   0x0000000080008fda       0xb6 build/kernel/components/dfs/src/dfs.o
                0x0000000080008fda                fd_put
 .text.fd_is_open
                0x0000000080009090      0x126 build/kernel/components/dfs/src/dfs.o
                0x0000000080009090                fd_is_open
 .text.dfs_subdir
                0x00000000800091b6       0x7a build/kernel/components/dfs/src/dfs.o
                0x00000000800091b6                dfs_subdir
 .text.dfs_normalize_path
                0x0000000080009230      0x34c build/kernel/components/dfs/src/dfs.o
                0x0000000080009230                dfs_normalize_path
 .text.dfs_fdtable_get
                0x000000008000957c       0x1e build/kernel/components/dfs/src/dfs.o
                0x000000008000957c                dfs_fdtable_get
 .text.list_fd  0x000000008000959a      0x1a8 build/kernel/components/dfs/src/dfs.o
                0x000000008000959a                list_fd
 .text.dfs_file_open
                0x0000000080009742      0x1b6 build/kernel/components/dfs/src/dfs_file.o
                0x0000000080009742                dfs_file_open
 .text.dfs_file_close
                0x00000000800098f8       0x6a build/kernel/components/dfs/src/dfs_file.o
                0x00000000800098f8                dfs_file_close
 .text.dfs_file_read
                0x0000000080009962       0x7e build/kernel/components/dfs/src/dfs_file.o
                0x0000000080009962                dfs_file_read
 .text.dfs_file_getdents
                0x00000000800099e0       0x66 build/kernel/components/dfs/src/dfs_file.o
                0x00000000800099e0                dfs_file_getdents
 .text.dfs_file_unlink
                0x0000000080009a46      0x102 build/kernel/components/dfs/src/dfs_file.o
                0x0000000080009a46                dfs_file_unlink
 .text.dfs_file_write
                0x0000000080009b48       0x50 build/kernel/components/dfs/src/dfs_file.o
                0x0000000080009b48                dfs_file_write
 .text.dfs_file_lseek
                0x0000000080009b98       0x64 build/kernel/components/dfs/src/dfs_file.o
                0x0000000080009b98                dfs_file_lseek
 .text.dfs_file_stat
                0x0000000080009bfc      0x17e build/kernel/components/dfs/src/dfs_file.o
                0x0000000080009bfc                dfs_file_stat
 .text.dfs_file_rename
                0x0000000080009d7a      0x124 build/kernel/components/dfs/src/dfs_file.o
                0x0000000080009d7a                dfs_file_rename
 .text.ls       0x0000000080009e9e      0x182 build/kernel/components/dfs/src/dfs_file.o
                0x0000000080009e9e                ls
 .text.rm       0x000000008000a020       0x34 build/kernel/components/dfs/src/dfs_file.o
                0x000000008000a020                rm
 .text.cat      0x000000008000a054       0x98 build/kernel/components/dfs/src/dfs_file.o
                0x000000008000a054                cat
 .text.copyfile
                0x000000008000a0ec      0x12c build/kernel/components/dfs/src/dfs_file.o
 .text.copydir  0x000000008000a218      0x1a2 build/kernel/components/dfs/src/dfs_file.o
 .text._get_path_lastname
                0x000000008000a3ba       0x40 build/kernel/components/dfs/src/dfs_file.o
 .text.copy     0x000000008000a3fa      0x1bc build/kernel/components/dfs/src/dfs_file.o
                0x000000008000a3fa                copy
 .text.dfs_register
                0x000000008000a5b6       0xd8 build/kernel/components/dfs/src/dfs_fs.o
                0x000000008000a5b6                dfs_register
 .text.dfs_filesystem_lookup
                0x000000008000a68e      0x112 build/kernel/components/dfs/src/dfs_fs.o
                0x000000008000a68e                dfs_filesystem_lookup
 .text.dfs_mount
                0x000000008000a7a0      0x29a build/kernel/components/dfs/src/dfs_fs.o
                0x000000008000a7a0                dfs_mount
 .text.dfs_mkfs
                0x000000008000aa3a      0x13e build/kernel/components/dfs/src/dfs_fs.o
                0x000000008000aa3a                dfs_mkfs
 .text.dfs_statfs
                0x000000008000ab78       0x4e build/kernel/components/dfs/src/dfs_fs.o
                0x000000008000ab78                dfs_statfs
 .text.mkfs     0x000000008000abc6       0x26 build/kernel/components/dfs/src/dfs_fs.o
                0x000000008000abc6                mkfs
 .text.df       0x000000008000abec      0x12a build/kernel/components/dfs/src/dfs_fs.o
                0x000000008000abec                df
 .text.open     0x000000008000ad16       0xa4 build/kernel/components/dfs/src/dfs_posix.o
                0x000000008000ad16                open
 .text.close    0x000000008000adba       0x6e build/kernel/components/dfs/src/dfs_posix.o
                0x000000008000adba                close
 .text.read     0x000000008000ae28       0x80 build/kernel/components/dfs/src/dfs_posix.o
                0x000000008000ae28                read
 .text.write    0x000000008000aea8       0x80 build/kernel/components/dfs/src/dfs_posix.o
                0x000000008000aea8                write
 .text.lseek    0x000000008000af28       0xf6 build/kernel/components/dfs/src/dfs_posix.o
                0x000000008000af28                lseek
 .text.rename   0x000000008000b01e       0x46 build/kernel/components/dfs/src/dfs_posix.o
                0x000000008000b01e                rename
 .text.unlink   0x000000008000b064       0x3e build/kernel/components/dfs/src/dfs_posix.o
                0x000000008000b064                unlink
 .text.mkdir    0x000000008000b0a2       0xa8 build/kernel/components/dfs/src/dfs_posix.o
                0x000000008000b0a2                mkdir
 .text.opendir  0x000000008000b14a       0xd0 build/kernel/components/dfs/src/dfs_posix.o
                0x000000008000b14a                opendir
 .text.readdir  0x000000008000b21a       0xf8 build/kernel/components/dfs/src/dfs_posix.o
                0x000000008000b21a                readdir
 .text.rewinddir
                0x000000008000b312       0x62 build/kernel/components/dfs/src/dfs_posix.o
                0x000000008000b312                rewinddir
 .text.closedir
                0x000000008000b374       0x76 build/kernel/components/dfs/src/dfs_posix.o
                0x000000008000b374                closedir
 .text.getcwd   0x000000008000b3ea       0x2a build/kernel/components/dfs/src/dfs_posix.o
                0x000000008000b3ea                getcwd
 .text.dfs_device_fs_mount
                0x000000008000b414       0x1c build/kernel/components/dfs/filesystems/devfs/devfs.o
                0x000000008000b414                dfs_device_fs_mount
 .text.dfs_device_fs_ioctl
                0x000000008000b430       0x8c build/kernel/components/dfs/filesystems/devfs/devfs.o
                0x000000008000b430                dfs_device_fs_ioctl
 .text.dfs_device_fs_read
                0x000000008000b4bc       0x98 build/kernel/components/dfs/filesystems/devfs/devfs.o
                0x000000008000b4bc                dfs_device_fs_read
 .text.dfs_device_fs_write
                0x000000008000b554       0x98 build/kernel/components/dfs/filesystems/devfs/devfs.o
                0x000000008000b554                dfs_device_fs_write
 .text.dfs_device_fs_close
                0x000000008000b5ec       0xc2 build/kernel/components/dfs/filesystems/devfs/devfs.o
                0x000000008000b5ec                dfs_device_fs_close
 .text.dfs_device_fs_open
                0x000000008000b6ae      0x1f0 build/kernel/components/dfs/filesystems/devfs/devfs.o
                0x000000008000b6ae                dfs_device_fs_open
 .text.dfs_device_fs_stat
                0x000000008000b89e      0x156 build/kernel/components/dfs/filesystems/devfs/devfs.o
                0x000000008000b89e                dfs_device_fs_stat
 .text.dfs_device_fs_getdents
                0x000000008000b9f4      0x14c build/kernel/components/dfs/filesystems/devfs/devfs.o
                0x000000008000b9f4                dfs_device_fs_getdents
 .text.dfs_device_fs_poll
                0x000000008000bb40       0x1e build/kernel/components/dfs/filesystems/devfs/devfs.o
 .text.devfs_init
                0x000000008000bb5e       0x20 build/kernel/components/dfs/filesystems/devfs/devfs.o
                0x000000008000bb5e                devfs_init
 .text._pin_read
                0x000000008000bb7e       0x8e build/kernel/components/drivers/misc/pin.o
 .text._pin_write
                0x000000008000bc0c       0x8c build/kernel/components/drivers/misc/pin.o
 .text._pin_control
                0x000000008000bc98       0x7e build/kernel/components/drivers/misc/pin.o
 .text.rt_device_pin_register
                0x000000008000bd16       0xcc build/kernel/components/drivers/misc/pin.o
                0x000000008000bd16                rt_device_pin_register
 .text.rt_pin_mode
                0x000000008000bde2       0x5c build/kernel/components/drivers/misc/pin.o
                0x000000008000bde2                rt_pin_mode
 .text.rt_pin_write
                0x000000008000be3e       0x5c build/kernel/components/drivers/misc/pin.o
                0x000000008000be3e                rt_pin_write
 .text.rt_pin_read
                0x000000008000be9a       0x56 build/kernel/components/drivers/misc/pin.o
                0x000000008000be9a                rt_pin_read
 .text.rt_poll_add
                0x000000008000bef0       0x3e build/kernel/components/drivers/serial/serial.o
 .text.serial_fops_rx_ind
                0x000000008000bf2e       0x2c build/kernel/components/drivers/serial/serial.o
 .text.serial_fops_open
                0x000000008000bf5a       0xec build/kernel/components/drivers/serial/serial.o
 .text.serial_fops_close
                0x000000008000c046       0x34 build/kernel/components/drivers/serial/serial.o
 .text.serial_fops_ioctl
                0x000000008000c07a       0x42 build/kernel/components/drivers/serial/serial.o
 .text.serial_fops_read
                0x000000008000c0bc       0x86 build/kernel/components/drivers/serial/serial.o
 .text.serial_fops_write
                0x000000008000c142       0x3e build/kernel/components/drivers/serial/serial.o
 .text.serial_fops_poll
                0x000000008000c180       0xf0 build/kernel/components/drivers/serial/serial.o
 .text._serial_poll_rx
                0x000000008000c270       0xba build/kernel/components/drivers/serial/serial.o
 .text._serial_poll_tx
                0x000000008000c32a       0xbc build/kernel/components/drivers/serial/serial.o
 .text._serial_int_rx
                0x000000008000c3e6      0x150 build/kernel/components/drivers/serial/serial.o
 .text._serial_int_tx
                0x000000008000c536       0xca build/kernel/components/drivers/serial/serial.o
 .text._serial_check_buffer_size
                0x000000008000c600       0x42 build/kernel/components/drivers/serial/serial.o
 .text._serial_fifo_calc_recved_len
                0x000000008000c642       0xdc build/kernel/components/drivers/serial/serial.o
 .text.rt_serial_init
                0x000000008000c71e       0x7a build/kernel/components/drivers/serial/serial.o
 .text.rt_serial_open
                0x000000008000c798      0x2f0 build/kernel/components/drivers/serial/serial.o
 .text.rt_serial_close
                0x000000008000ca88      0x142 build/kernel/components/drivers/serial/serial.o
 .text.rt_serial_read
                0x000000008000cbca       0x92 build/kernel/components/drivers/serial/serial.o
 .text.rt_serial_write
                0x000000008000cc5c       0x92 build/kernel/components/drivers/serial/serial.o
 .text.rt_serial_control
                0x000000008000ccee      0x198 build/kernel/components/drivers/serial/serial.o
 .text.rt_hw_serial_register
                0x000000008000ce86       0xec build/kernel/components/drivers/serial/serial.o
                0x000000008000ce86                rt_hw_serial_register
 .text.rt_hw_serial_isr
                0x000000008000cf72      0x210 build/kernel/components/drivers/serial/serial.o
                0x000000008000cf72                rt_hw_serial_isr
 .text.rt_list_init
                0x000000008000d182       0x28 build/kernel/components/drivers/src/completion.o
 .text.rt_list_insert_before
                0x000000008000d1aa       0x42 build/kernel/components/drivers/src/completion.o
 .text.rt_list_isempty
                0x000000008000d1ec       0x2a build/kernel/components/drivers/src/completion.o
 .text.rt_completion_init
                0x000000008000d216       0x56 build/kernel/components/drivers/src/completion.o
                0x000000008000d216                rt_completion_init
 .text.rt_completion_wait
                0x000000008000d26c      0x15c build/kernel/components/drivers/src/completion.o
                0x000000008000d26c                rt_completion_wait
 .text.rt_completion_done
                0x000000008000d3c8       0x8e build/kernel/components/drivers/src/completion.o
                0x000000008000d3c8                rt_completion_done
 .text.rt_slist_init
                0x000000008000d456       0x1a build/kernel/components/drivers/src/ringblk_buf.o
 .text.rt_slist_append
                0x000000008000d470       0x44 build/kernel/components/drivers/src/ringblk_buf.o
 .text.rt_slist_len
                0x000000008000d4b4       0x40 build/kernel/components/drivers/src/ringblk_buf.o
 .text.rt_slist_remove
                0x000000008000d4f4       0x5a build/kernel/components/drivers/src/ringblk_buf.o
 .text.rt_slist_first
                0x000000008000d54e       0x18 build/kernel/components/drivers/src/ringblk_buf.o
 .text.rt_slist_tail
                0x000000008000d566       0x2a build/kernel/components/drivers/src/ringblk_buf.o
 .text.rt_slist_next
                0x000000008000d590       0x18 build/kernel/components/drivers/src/ringblk_buf.o
 .text.rt_slist_isempty
                0x000000008000d5a8       0x22 build/kernel/components/drivers/src/ringblk_buf.o
 .text.rt_rbb_init
                0x000000008000d5ca       0xe6 build/kernel/components/drivers/src/ringblk_buf.o
                0x000000008000d5ca                rt_rbb_init
 .text.rt_rbb_create
                0x000000008000d6b0       0x9e build/kernel/components/drivers/src/ringblk_buf.o
                0x000000008000d6b0                rt_rbb_create
 .text.rt_rbb_destroy
                0x000000008000d74e       0x54 build/kernel/components/drivers/src/ringblk_buf.o
                0x000000008000d74e                rt_rbb_destroy
 .text.find_empty_blk_in_set
                0x000000008000d7a2       0x84 build/kernel/components/drivers/src/ringblk_buf.o
 .text.rt_rbb_blk_alloc
                0x000000008000d826      0x322 build/kernel/components/drivers/src/ringblk_buf.o
                0x000000008000d826                rt_rbb_blk_alloc
 .text.rt_rbb_blk_put
                0x000000008000db48       0x66 build/kernel/components/drivers/src/ringblk_buf.o
                0x000000008000db48                rt_rbb_blk_put
 .text.rt_rbb_blk_get
                0x000000008000dbae       0xb2 build/kernel/components/drivers/src/ringblk_buf.o
                0x000000008000dbae                rt_rbb_blk_get
 .text.rt_rbb_blk_free
                0x000000008000dc60       0xa6 build/kernel/components/drivers/src/ringblk_buf.o
                0x000000008000dc60                rt_rbb_blk_free
 .text.rt_list_init
                0x000000008000dd06       0x28 build/kernel/components/drivers/src/waitqueue.o
 .text.rt_list_insert_before
                0x000000008000dd2e       0x42 build/kernel/components/drivers/src/waitqueue.o
 .text.rt_list_remove
                0x000000008000dd70       0x44 build/kernel/components/drivers/src/waitqueue.o
 .text.rt_list_isempty
                0x000000008000ddb4       0x2a build/kernel/components/drivers/src/waitqueue.o
 .text.rt_wqueue_add
                0x000000008000ddde       0x40 build/kernel/components/drivers/src/waitqueue.o
                0x000000008000ddde                rt_wqueue_add
 .text.rt_wqueue_remove
                0x000000008000de1e       0x32 build/kernel/components/drivers/src/waitqueue.o
                0x000000008000de1e                rt_wqueue_remove
 .text.__wqueue_default_wake
                0x000000008000de50       0x18 build/kernel/components/drivers/src/waitqueue.o
                0x000000008000de50                __wqueue_default_wake
 .text.rt_wqueue_wakeup
                0x000000008000de68       0xac build/kernel/components/drivers/src/waitqueue.o
                0x000000008000de68                rt_wqueue_wakeup
 .text.rt_wqueue_wait
                0x000000008000df14      0x14c build/kernel/components/drivers/src/waitqueue.o
                0x000000008000df14                rt_wqueue_wait
 .text.finsh_get_prompt
                0x000000008000e060       0xde build/kernel/components/finsh/shell.o
                0x000000008000e060                finsh_get_prompt
 .text.finsh_set_prompt_mode
                0x000000008000e13e       0x66 build/kernel/components/finsh/shell.o
                0x000000008000e13e                finsh_set_prompt_mode
 .text.finsh_getchar
                0x000000008000e1a4       0x18 build/kernel/components/finsh/shell.o
 .text.shell_auto_complete
                0x000000008000e1bc       0x50 build/kernel/components/finsh/shell.o
 .text.shell_handle_history
                0x000000008000e20c       0x42 build/kernel/components/finsh/shell.o
 .text.shell_push_history
                0x000000008000e24e      0x204 build/kernel/components/finsh/shell.o
 .text.finsh_thread_entry
                0x000000008000e452      0x91e build/kernel/components/finsh/shell.o
                0x000000008000e452                finsh_thread_entry
 .text.finsh_system_function_init
                0x000000008000ed70       0x32 build/kernel/components/finsh/shell.o
                0x000000008000ed70                finsh_system_function_init
 .text.finsh_system_var_init
                0x000000008000eda2       0x32 build/kernel/components/finsh/shell.o
                0x000000008000eda2                finsh_system_var_init
 .text.finsh_system_init
                0x000000008000edd4       0xc8 build/kernel/components/finsh/shell.o
                0x000000008000edd4                finsh_system_init
 .text.rt_list_isempty
                0x000000008000ee9c       0x2a build/kernel/components/finsh/cmd.o
 .text.rt_list_len
                0x000000008000eec6       0x46 build/kernel/components/finsh/cmd.o
 .text.hello    0x000000008000ef0c       0x20 build/kernel/components/finsh/cmd.o
                0x000000008000ef0c                hello
 .text.version  0x000000008000ef2c       0x18 build/kernel/components/finsh/cmd.o
                0x000000008000ef2c                version
 .text.object_split
                0x000000008000ef44       0x34 build/kernel/components/finsh/cmd.o
 .text.list_find_init
                0x000000008000ef78       0x74 build/kernel/components/finsh/cmd.o
 .text.list_get_next
                0x000000008000efec      0x120 build/kernel/components/finsh/cmd.o
 .text.list_thread
                0x000000008000f10c      0x2a0 build/kernel/components/finsh/cmd.o
                0x000000008000f10c                list_thread
 .text.show_wait_queue
                0x000000008000f3ac       0x6e build/kernel/components/finsh/cmd.o
 .text.list_sem
                0x000000008000f41a      0x1a2 build/kernel/components/finsh/cmd.o
                0x000000008000f41a                list_sem
 .text.list_event
                0x000000008000f5bc      0x184 build/kernel/components/finsh/cmd.o
                0x000000008000f5bc                list_event
 .text.list_mutex
                0x000000008000f740      0x14c build/kernel/components/finsh/cmd.o
                0x000000008000f740                list_mutex
 .text.list_mailbox
                0x000000008000f88c      0x1c6 build/kernel/components/finsh/cmd.o
                0x000000008000f88c                list_mailbox
 .text.list_msgqueue
                0x000000008000fa52      0x1a2 build/kernel/components/finsh/cmd.o
                0x000000008000fa52                list_msgqueue
 .text.list_timer
                0x000000008000fbf4      0x15c build/kernel/components/finsh/cmd.o
                0x000000008000fbf4                list_timer
 .text.list_device
                0x000000008000fd50      0x14a build/kernel/components/finsh/cmd.o
                0x000000008000fd50                list_device
 .text.list     0x000000008000fe9a       0x86 build/kernel/components/finsh/cmd.o
                0x000000008000fe9a                list
 .text.msh_is_used
                0x000000008000ff20       0x10 build/kernel/components/finsh/msh.o
                0x000000008000ff20                msh_is_used
 .text.msh_help
                0x000000008000ff30       0xa0 build/kernel/components/finsh/msh.o
                0x000000008000ff30                msh_help
 .text.cmd_ps   0x000000008000ffd0       0x22 build/kernel/components/finsh/msh.o
                0x000000008000ffd0                cmd_ps
 .text.cmd_free
                0x000000008000fff2       0x22 build/kernel/components/finsh/msh.o
                0x000000008000fff2                cmd_free
 .text.msh_split
                0x0000000080010014      0x246 build/kernel/components/finsh/msh.o
 .text.msh_get_cmd
                0x000000008001025a       0xaa build/kernel/components/finsh/msh.o
 .text._msh_exec_cmd
                0x0000000080010304      0x11e build/kernel/components/finsh/msh.o
 .text.msh_exec
                0x0000000080010422       0xc2 build/kernel/components/finsh/msh.o
                0x0000000080010422                msh_exec
 .text.str_common
                0x00000000800104e4       0x6a build/kernel/components/finsh/msh.o
 .text.msh_auto_complete_path
                0x000000008001054e      0x2fa build/kernel/components/finsh/msh.o
                0x000000008001054e                msh_auto_complete_path
 .text.msh_auto_complete
                0x0000000080010848      0x162 build/kernel/components/finsh/msh.o
                0x0000000080010848                msh_auto_complete
 .text.cmd_ls   0x00000000800109aa       0x48 build/kernel/components/finsh/msh_file.o
                0x00000000800109aa                cmd_ls
 .text.cmd_cp   0x00000000800109f2       0x5e build/kernel/components/finsh/msh_file.o
                0x00000000800109f2                cmd_cp
 .text.cmd_mv   0x0000000080010a50      0x1a6 build/kernel/components/finsh/msh_file.o
                0x0000000080010a50                cmd_mv
 .text.cmd_cat  0x0000000080010bf6       0x7e build/kernel/components/finsh/msh_file.o
                0x0000000080010bf6                cmd_cat
 .text.cmd_rm   0x0000000080010c74       0x7e build/kernel/components/finsh/msh_file.o
                0x0000000080010c74                cmd_rm
 .text.cmd_mkdir
                0x0000000080010cf2       0x56 build/kernel/components/finsh/msh_file.o
                0x0000000080010cf2                cmd_mkdir
 .text.cmd_mkfs
                0x0000000080010d48       0xcc build/kernel/components/finsh/msh_file.o
                0x0000000080010d48                cmd_mkfs
 .text.cmd_df   0x0000000080010e14       0x8a build/kernel/components/finsh/msh_file.o
                0x0000000080010e14                cmd_df
 .text.cmd_echo
                0x0000000080010e9e       0xd0 build/kernel/components/finsh/msh_file.o
                0x0000000080010e9e                cmd_echo
 .text.libc_system_init
                0x0000000080010f6e       0x46 build/kernel/components/libc/compilers/newlib/libc.o
                0x0000000080010f6e                libc_system_init
 .text.libc_stdio_set_console
                0x0000000080010fb4      0x18e build/kernel/components/libc/compilers/newlib/stdio.o
                0x0000000080010fb4                libc_stdio_set_console
 .text.libc_stdio_get_console
                0x0000000080011142       0x34 build/kernel/components/libc/compilers/newlib/stdio.o
                0x0000000080011142                libc_stdio_get_console
 .text.__errno  0x0000000080011176       0x18 build/kernel/components/libc/compilers/newlib/syscalls.o
                0x0000000080011176                __errno
 .text._close_r
                0x000000008001118e       0x28 build/kernel/components/libc/compilers/newlib/syscalls.o
                0x000000008001118e                _close_r
 .text._fstat_r
                0x00000000800111b6       0x28 build/kernel/components/libc/compilers/newlib/syscalls.o
                0x00000000800111b6                _fstat_r
 .text._isatty_r
                0x00000000800111de       0x40 build/kernel/components/libc/compilers/newlib/syscalls.o
                0x00000000800111de                _isatty_r
 .text._lseek_r
                0x000000008001121e       0x44 build/kernel/components/libc/compilers/newlib/syscalls.o
                0x000000008001121e                _lseek_r
 .text._open_r  0x0000000080011262       0x46 build/kernel/components/libc/compilers/newlib/syscalls.o
                0x0000000080011262                _open_r
 .text._read_r  0x00000000800112a8       0x40 build/kernel/components/libc/compilers/newlib/syscalls.o
                0x00000000800112a8                _read_r
 .text._write_r
                0x00000000800112e8       0x40 build/kernel/components/libc/compilers/newlib/syscalls.o
                0x00000000800112e8                _write_r
 .text._malloc_r
                0x0000000080011328       0x38 build/kernel/components/libc/compilers/newlib/syscalls.o
                0x0000000080011328                _malloc_r
 .text._realloc_r
                0x0000000080011360       0x40 build/kernel/components/libc/compilers/newlib/syscalls.o
                0x0000000080011360                _realloc_r
 .text._calloc_r
                0x00000000800113a0       0x40 build/kernel/components/libc/compilers/newlib/syscalls.o
                0x00000000800113a0                _calloc_r
 .text._free_r  0x00000000800113e0       0x22 build/kernel/components/libc/compilers/newlib/syscalls.o
                0x00000000800113e0                _free_r
 .text.rt_slist_init
                0x0000000080011402       0x1a build/kernel/components/utilities/ulog/ulog.o
 .text.rt_slist_append
                0x000000008001141c       0x44 build/kernel/components/utilities/ulog/ulog.o
 .text.rt_slist_first
                0x0000000080011460       0x18 build/kernel/components/utilities/ulog/ulog.o
 .text.rt_slist_next
                0x0000000080011478       0x18 build/kernel/components/utilities/ulog/ulog.o
 .text.ulog_strcpy
                0x0000000080011490       0xb2 build/kernel/components/utilities/ulog/ulog.o
                0x0000000080011490                ulog_strcpy
 .text.ulog_ultoa
                0x0000000080011542       0xe4 build/kernel/components/utilities/ulog/ulog.o
                0x0000000080011542                ulog_ultoa
 .text.output_unlock
                0x0000000080011626       0x38 build/kernel/components/utilities/ulog/ulog.o
 .text.output_lock
                0x000000008001165e       0x3a build/kernel/components/utilities/ulog/ulog.o
 .text.get_log_buf
                0x0000000080011698       0x2c build/kernel/components/utilities/ulog/ulog.o
 .text.ulog_formater
                0x00000000800116c4      0x4fe build/kernel/components/utilities/ulog/ulog.o
                0x00000000800116c4                ulog_formater
 .text.ulog_output_to_all_backend
                0x0000000080011bc2      0x120 build/kernel/components/utilities/ulog/ulog.o
                0x0000000080011bc2                ulog_output_to_all_backend
 .text.do_output
                0x0000000080011ce2      0x11a build/kernel/components/utilities/ulog/ulog.o
 .text.ulog_voutput
                0x0000000080011dfc       0xea build/kernel/components/utilities/ulog/ulog.o
                0x0000000080011dfc                ulog_voutput
 .text.ulog_output
                0x0000000080011ee6       0x56 build/kernel/components/utilities/ulog/ulog.o
                0x0000000080011ee6                ulog_output
 .text.ulog_backend_register
                0x0000000080011f3c       0xf6 build/kernel/components/utilities/ulog/ulog.o
                0x0000000080011f3c                ulog_backend_register
 .text.ulog_async_output
                0x0000000080012032       0xa2 build/kernel/components/utilities/ulog/ulog.o
                0x0000000080012032                ulog_async_output
 .text.ulog_async_waiting_log
                0x00000000800120d4       0x3a build/kernel/components/utilities/ulog/ulog.o
                0x00000000800120d4                ulog_async_waiting_log
 .text.async_output_thread_entry
                0x000000008001210e       0x1c build/kernel/components/utilities/ulog/ulog.o
 .text.ulog_init
                0x000000008001212a      0x12e build/kernel/components/utilities/ulog/ulog.o
                0x000000008001212a                ulog_init
 .text.ulog_console_backend_output
                0x0000000080012258       0x8a build/kernel/components/utilities/ulog/backend/console_be.o
                0x0000000080012258                ulog_console_backend_output
 .text.ulog_console_backend_init
                0x00000000800122e2       0x40 build/kernel/components/utilities/ulog/backend/console_be.o
                0x00000000800122e2                ulog_console_backend_init
 .text.usleep   0x0000000080012322       0x70 build/packages/kendryte-sdk-latest/kendryte-standalone-sdk/lib/bsp/sleep.o
                0x0000000080012322                usleep
 .text._init    0x0000000080012392        0xe build/packages/kendryte-sdk-latest/kendryte-standalone-sdk/lib/bsp/entry.o
                0x0000000080012392                _init
 .text._fini    0x00000000800123a0        0xe build/packages/kendryte-sdk-latest/kendryte-standalone-sdk/lib/bsp/entry.o
                0x00000000800123a0                _fini
 .text.clint_get_time
                0x00000000800123ae       0x2e build/packages/kendryte-sdk-latest/kendryte-standalone-sdk/lib/drivers/clint.o
                0x00000000800123ae                clint_get_time
 .text.clint_ipi_send
                0x00000000800123dc       0x36 build/packages/kendryte-sdk-latest/kendryte-standalone-sdk/lib/drivers/clint.o
                0x00000000800123dc                clint_ipi_send
 .text.clint_ipi_clear
                0x0000000080012412       0x4e build/packages/kendryte-sdk-latest/kendryte-standalone-sdk/lib/drivers/clint.o
                0x0000000080012412                clint_ipi_clear
 .text.dmac_enable
                0x0000000080012460       0x3a build/packages/kendryte-sdk-latest/kendryte-standalone-sdk/lib/drivers/dmac.o
 .text.dmac_init
                0x000000008001249a       0xf0 build/packages/kendryte-sdk-latest/kendryte-standalone-sdk/lib/drivers/dmac.o
                0x000000008001249a                dmac_init
 .text.fpioa_init
                0x000000008001258a      0x1b6 build/packages/kendryte-sdk-latest/kendryte-standalone-sdk/lib/drivers/fpioa.o
                0x000000008001258a                fpioa_init
 .text.fpioa_get_io
                0x0000000080012740       0x52 build/packages/kendryte-sdk-latest/kendryte-standalone-sdk/lib/drivers/fpioa.o
                0x0000000080012740                fpioa_get_io
 .text.fpioa_set_io_pull
                0x0000000080012792       0xec build/packages/kendryte-sdk-latest/kendryte-standalone-sdk/lib/drivers/fpioa.o
                0x0000000080012792                fpioa_set_io_pull
 .text.fpioa_set_function_raw
                0x000000008001287e      0x29a build/packages/kendryte-sdk-latest/kendryte-standalone-sdk/lib/drivers/fpioa.o
                0x000000008001287e                fpioa_set_function_raw
 .text.fpioa_set_function
                0x0000000080012b18       0xea build/packages/kendryte-sdk-latest/kendryte-standalone-sdk/lib/drivers/fpioa.o
                0x0000000080012b18                fpioa_set_function
 .text.fpioa_get_io_by_function
                0x0000000080012c02       0x60 build/packages/kendryte-sdk-latest/kendryte-standalone-sdk/lib/drivers/fpioa.o
                0x0000000080012c02                fpioa_get_io_by_function
 .text.gpio_init
                0x0000000080012c62       0x1a build/packages/kendryte-sdk-latest/kendryte-standalone-sdk/lib/drivers/gpio.o
                0x0000000080012c62                gpio_init
 .text.gpio_set_drive_mode
                0x0000000080012c7c      0x142 build/packages/kendryte-sdk-latest/kendryte-standalone-sdk/lib/drivers/gpio.o
                0x0000000080012c7c                gpio_set_drive_mode
 .text.gpio_set_pin
                0x0000000080012dbe       0xc6 build/packages/kendryte-sdk-latest/kendryte-standalone-sdk/lib/drivers/gpio.o
                0x0000000080012dbe                gpio_set_pin
 .text.gpiohs_set_drive_mode
                0x0000000080012e84      0x17e build/packages/kendryte-sdk-latest/kendryte-standalone-sdk/lib/drivers/gpiohs.o
                0x0000000080012e84                gpiohs_set_drive_mode
 .text.gpiohs_get_pin
                0x0000000080013002       0x5e build/packages/kendryte-sdk-latest/kendryte-standalone-sdk/lib/drivers/gpiohs.o
                0x0000000080013002                gpiohs_get_pin
 .text.gpiohs_set_pin
                0x0000000080013060       0x68 build/packages/kendryte-sdk-latest/kendryte-standalone-sdk/lib/drivers/gpiohs.o
                0x0000000080013060                gpiohs_set_pin
 .text.gpiohs_set_pin_edge
                0x00000000800130c8      0x1c8 build/packages/kendryte-sdk-latest/kendryte-standalone-sdk/lib/drivers/gpiohs.o
                0x00000000800130c8                gpiohs_set_pin_edge
 .text.plic_set_priority
                0x0000000080013290       0x44 build/packages/kendryte-sdk-latest/kendryte-standalone-sdk/lib/drivers/plic.o
                0x0000000080013290                plic_set_priority
 .text.plic_get_instance
                0x00000000800132d4       0x16 build/packages/kendryte-sdk-latest/kendryte-standalone-sdk/lib/drivers/plic.o
                0x00000000800132d4                plic_get_instance
 .text.spi_clk_init
                0x00000000800132ea       0x9c build/packages/kendryte-sdk-latest/kendryte-standalone-sdk/lib/drivers/spi.o
 .text.spi_init
                0x0000000080013386      0x294 build/packages/kendryte-sdk-latest/kendryte-standalone-sdk/lib/drivers/spi.o
                0x0000000080013386                spi_init
 .text.spi_set_clk_rate
                0x000000008001361a       0xac build/packages/kendryte-sdk-latest/kendryte-standalone-sdk/lib/drivers/spi.o
                0x000000008001361a                spi_set_clk_rate
 .text.sysctl_clock_bus_en
                0x00000000800136c6       0xc2 build/packages/kendryte-sdk-latest/kendryte-standalone-sdk/lib/drivers/sysctl.o
 .text.sysctl_clock_device_en
                0x0000000080013788      0x54c build/packages/kendryte-sdk-latest/kendryte-standalone-sdk/lib/drivers/sysctl.o
 .text.sysctl_clock_enable
                0x0000000080013cd4       0x46 build/packages/kendryte-sdk-latest/kendryte-standalone-sdk/lib/drivers/sysctl.o
                0x0000000080013cd4                sysctl_clock_enable
 .text.sysctl_clock_set_threshold
                0x0000000080013d1a      0x3f6 build/packages/kendryte-sdk-latest/kendryte-standalone-sdk/lib/drivers/sysctl.o
                0x0000000080013d1a                sysctl_clock_set_threshold
 .text.sysctl_clock_get_threshold
                0x0000000080014110      0x272 build/packages/kendryte-sdk-latest/kendryte-standalone-sdk/lib/drivers/sysctl.o
                0x0000000080014110                sysctl_clock_get_threshold
 .text.sysctl_clock_set_clock_select
                0x0000000080014382      0x1b6 build/packages/kendryte-sdk-latest/kendryte-standalone-sdk/lib/drivers/sysctl.o
                0x0000000080014382                sysctl_clock_set_clock_select
 .text.sysctl_clock_get_clock_select
                0x0000000080014538      0x124 build/packages/kendryte-sdk-latest/kendryte-standalone-sdk/lib/drivers/sysctl.o
                0x0000000080014538                sysctl_clock_get_clock_select
 .text.sysctl_clock_source_get_freq
                0x000000008001465c       0x9c build/packages/kendryte-sdk-latest/kendryte-standalone-sdk/lib/drivers/sysctl.o
                0x000000008001465c                sysctl_clock_source_get_freq
 .text.sysctl_pll_is_lock
                0x00000000800146f8       0xa0 build/packages/kendryte-sdk-latest/kendryte-standalone-sdk/lib/drivers/sysctl.o
 .text.sysctl_pll_clear_slip
                0x0000000080014798       0x90 build/packages/kendryte-sdk-latest/kendryte-standalone-sdk/lib/drivers/sysctl.o
 .text.sysctl_pll_get_freq
                0x0000000080014828      0x1ea build/packages/kendryte-sdk-latest/kendryte-standalone-sdk/lib/drivers/sysctl.o
                0x0000000080014828                sysctl_pll_get_freq
 .text.sysctl_pll_source_set_freq
                0x0000000080014a12      0xb12 build/packages/kendryte-sdk-latest/kendryte-standalone-sdk/lib/drivers/sysctl.o
 .text.sysctl_clock_get_freq
                0x0000000080015524      0x7a0 build/packages/kendryte-sdk-latest/kendryte-standalone-sdk/lib/drivers/sysctl.o
                0x0000000080015524                sysctl_clock_get_freq
 .text.sysctl_set_power_mode
                0x0000000080015cc4       0x7c build/packages/kendryte-sdk-latest/kendryte-standalone-sdk/lib/drivers/sysctl.o
                0x0000000080015cc4                sysctl_set_power_mode
 .text.sysctl_pll_set_freq
                0x0000000080015d40      0x188 build/packages/kendryte-sdk-latest/kendryte-standalone-sdk/lib/drivers/sysctl.o
                0x0000000080015d40                sysctl_pll_set_freq
 .text.set_bit  0x0000000080015ec8       0x58 build/packages/kendryte-sdk-latest/kendryte-standalone-sdk/lib/drivers/utils.o
                0x0000000080015ec8                set_bit
 .text.set_bit_offset
                0x0000000080015f20       0x5a build/packages/kendryte-sdk-latest/kendryte-standalone-sdk/lib/drivers/utils.o
                0x0000000080015f20                set_bit_offset
 .text.set_gpio_bit
                0x0000000080015f7a       0x34 build/packages/kendryte-sdk-latest/kendryte-standalone-sdk/lib/drivers/utils.o
                0x0000000080015f7a                set_gpio_bit
 .text.get_bit  0x0000000080015fae       0x48 build/packages/kendryte-sdk-latest/kendryte-standalone-sdk/lib/drivers/utils.o
                0x0000000080015fae                get_bit
 .text.get_gpio_bit
                0x0000000080015ff6       0x2c build/packages/kendryte-sdk-latest/kendryte-standalone-sdk/lib/drivers/utils.o
                0x0000000080015ff6                get_gpio_bit
 .text._fclose_r
                0x0000000080016022      0x104 /home/hehe/xPacks/riscv-none-embed-gcc/8.3.0-1.1/bin/../lib/gcc/riscv-none-embed/8.3.0/../../../../riscv-none-embed/lib/rv64imafdc/lp64d/libc.a(lib_a-fclose.o)
                0x0000000080016022                _fclose_r
 .text.fclose   0x0000000080016126       0x10 /home/hehe/xPacks/riscv-none-embed-gcc/8.3.0-1.1/bin/../lib/gcc/riscv-none-embed/8.3.0/../../../../riscv-none-embed/lib/rv64imafdc/lp64d/libc.a(lib_a-fclose.o)
                0x0000000080016126                fclose
 .text.__sflush_r
                0x0000000080016136      0x196 /home/hehe/xPacks/riscv-none-embed-gcc/8.3.0-1.1/bin/../lib/gcc/riscv-none-embed/8.3.0/../../../../riscv-none-embed/lib/rv64imafdc/lp64d/libc.a(lib_a-fflush.o)
                0x0000000080016136                __sflush_r
 .text._fflush_r
                0x00000000800162cc       0x88 /home/hehe/xPacks/riscv-none-embed-gcc/8.3.0-1.1/bin/../lib/gcc/riscv-none-embed/8.3.0/../../../../riscv-none-embed/lib/rv64imafdc/lp64d/libc.a(lib_a-fflush.o)
                0x00000000800162cc                _fflush_r
 .text.fflush   0x0000000080016354       0x28 /home/hehe/xPacks/riscv-none-embed-gcc/8.3.0-1.1/bin/../lib/gcc/riscv-none-embed/8.3.0/../../../../riscv-none-embed/lib/rv64imafdc/lp64d/libc.a(lib_a-fflush.o)
                0x0000000080016354                fflush
 .text.fileno   0x000000008001637c       0x8e /home/hehe/xPacks/riscv-none-embed-gcc/8.3.0-1.1/bin/../lib/gcc/riscv-none-embed/8.3.0/../../../../riscv-none-embed/lib/rv64imafdc/lp64d/libc.a(lib_a-fileno.o)
                0x000000008001637c                fileno
 .text.std      0x000000008001640a       0x6c /home/hehe/xPacks/riscv-none-embed-gcc/8.3.0-1.1/bin/../lib/gcc/riscv-none-embed/8.3.0/../../../../riscv-none-embed/lib/rv64imafdc/lp64d/libc.a(lib_a-findfp.o)
 .text._cleanup_r
                0x0000000080016476        0xa /home/hehe/xPacks/riscv-none-embed-gcc/8.3.0-1.1/bin/../lib/gcc/riscv-none-embed/8.3.0/../../../../riscv-none-embed/lib/rv64imafdc/lp64d/libc.a(lib_a-findfp.o)
                0x0000000080016476                _cleanup_r
 .text.__sfmoreglue
                0x0000000080016480       0x48 /home/hehe/xPacks/riscv-none-embed-gcc/8.3.0-1.1/bin/../lib/gcc/riscv-none-embed/8.3.0/../../../../riscv-none-embed/lib/rv64imafdc/lp64d/libc.a(lib_a-findfp.o)
                0x0000000080016480                __sfmoreglue
 .text.__sinit  0x00000000800164c8       0x66 /home/hehe/xPacks/riscv-none-embed-gcc/8.3.0-1.1/bin/../lib/gcc/riscv-none-embed/8.3.0/../../../../riscv-none-embed/lib/rv64imafdc/lp64d/libc.a(lib_a-findfp.o)
                0x00000000800164c8                __sinit
 .text.__sfp    0x000000008001652e       0xec /home/hehe/xPacks/riscv-none-embed-gcc/8.3.0-1.1/bin/../lib/gcc/riscv-none-embed/8.3.0/../../../../riscv-none-embed/lib/rv64imafdc/lp64d/libc.a(lib_a-findfp.o)
                0x000000008001652e                __sfp
 .text.__sfp_lock_acquire
                0x000000008001661a        0xa /home/hehe/xPacks/riscv-none-embed-gcc/8.3.0-1.1/bin/../lib/gcc/riscv-none-embed/8.3.0/../../../../riscv-none-embed/lib/rv64imafdc/lp64d/libc.a(lib_a-findfp.o)
                0x000000008001661a                __sfp_lock_acquire
 .text.__sfp_lock_release
                0x0000000080016624        0xa /home/hehe/xPacks/riscv-none-embed-gcc/8.3.0-1.1/bin/../lib/gcc/riscv-none-embed/8.3.0/../../../../riscv-none-embed/lib/rv64imafdc/lp64d/libc.a(lib_a-findfp.o)
                0x0000000080016624                __sfp_lock_release
 .text._fopen_r
                0x000000008001662e       0xf6 /home/hehe/xPacks/riscv-none-embed-gcc/8.3.0-1.1/bin/../lib/gcc/riscv-none-embed/8.3.0/../../../../riscv-none-embed/lib/rv64imafdc/lp64d/libc.a(lib_a-fopen.o)
                0x000000008001662e                _fopen_r
 .text.fopen    0x0000000080016724       0x12 /home/hehe/xPacks/riscv-none-embed-gcc/8.3.0-1.1/bin/../lib/gcc/riscv-none-embed/8.3.0/../../../../riscv-none-embed/lib/rv64imafdc/lp64d/libc.a(lib_a-fopen.o)
                0x0000000080016724                fopen
 .text._fseek_r
                0x0000000080016736        0x2 /home/hehe/xPacks/riscv-none-embed-gcc/8.3.0-1.1/bin/../lib/gcc/riscv-none-embed/8.3.0/../../../../riscv-none-embed/lib/rv64imafdc/lp64d/libc.a(lib_a-fseek.o)
                0x0000000080016736                _fseek_r
 .text._fseeko_r
                0x0000000080016738      0x364 /home/hehe/xPacks/riscv-none-embed-gcc/8.3.0-1.1/bin/../lib/gcc/riscv-none-embed/8.3.0/../../../../riscv-none-embed/lib/rv64imafdc/lp64d/libc.a(lib_a-fseeko.o)
                0x0000000080016738                _fseeko_r
 .text._fwalk   0x0000000080016a9c       0x8a /home/hehe/xPacks/riscv-none-embed-gcc/8.3.0-1.1/bin/../lib/gcc/riscv-none-embed/8.3.0/../../../../riscv-none-embed/lib/rv64imafdc/lp64d/libc.a(lib_a-fwalk.o)
                0x0000000080016a9c                _fwalk
 .text._fwalk_reent
                0x0000000080016b26       0x92 /home/hehe/xPacks/riscv-none-embed-gcc/8.3.0-1.1/bin/../lib/gcc/riscv-none-embed/8.3.0/../../../../riscv-none-embed/lib/rv64imafdc/lp64d/libc.a(lib_a-fwalk.o)
                0x0000000080016b26                _fwalk_reent
 .text.getchar  0x0000000080016bb8       0x10 /home/hehe/xPacks/riscv-none-embed-gcc/8.3.0-1.1/bin/../lib/gcc/riscv-none-embed/8.3.0/../../../../riscv-none-embed/lib/rv64imafdc/lp64d/libc.a(lib_a-getchar.o)
                0x0000000080016bb8                getchar
 .text.__retarget_lock_init_recursive
                0x0000000080016bc8        0x2 /home/hehe/xPacks/riscv-none-embed-gcc/8.3.0-1.1/bin/../lib/gcc/riscv-none-embed/8.3.0/../../../../riscv-none-embed/lib/rv64imafdc/lp64d/libc.a(lib_a-lock.o)
                0x0000000080016bc8                __retarget_lock_init_recursive
 .text.__retarget_lock_close_recursive
                0x0000000080016bca        0x2 /home/hehe/xPacks/riscv-none-embed-gcc/8.3.0-1.1/bin/../lib/gcc/riscv-none-embed/8.3.0/../../../../riscv-none-embed/lib/rv64imafdc/lp64d/libc.a(lib_a-lock.o)
                0x0000000080016bca                __retarget_lock_close_recursive
 .text.__retarget_lock_acquire_recursive
                0x0000000080016bcc        0x2 /home/hehe/xPacks/riscv-none-embed-gcc/8.3.0-1.1/bin/../lib/gcc/riscv-none-embed/8.3.0/../../../../riscv-none-embed/lib/rv64imafdc/lp64d/libc.a(lib_a-lock.o)
                0x0000000080016bcc                __retarget_lock_acquire_recursive
 .text.__retarget_lock_release_recursive
                0x0000000080016bce        0x2 /home/hehe/xPacks/riscv-none-embed-gcc/8.3.0-1.1/bin/../lib/gcc/riscv-none-embed/8.3.0/../../../../riscv-none-embed/lib/rv64imafdc/lp64d/libc.a(lib_a-lock.o)
                0x0000000080016bce                __retarget_lock_release_recursive
 .text.__swhatbuf_r
                0x0000000080016bd0       0x82 /home/hehe/xPacks/riscv-none-embed-gcc/8.3.0-1.1/bin/../lib/gcc/riscv-none-embed/8.3.0/../../../../riscv-none-embed/lib/rv64imafdc/lp64d/libc.a(lib_a-makebuf.o)
                0x0000000080016bd0                __swhatbuf_r
 .text.__smakebuf_r
                0x0000000080016c52       0xbc /home/hehe/xPacks/riscv-none-embed-gcc/8.3.0-1.1/bin/../lib/gcc/riscv-none-embed/8.3.0/../../../../riscv-none-embed/lib/rv64imafdc/lp64d/libc.a(lib_a-makebuf.o)
                0x0000000080016c52                __smakebuf_r
 .text.malloc   0x0000000080016d0e       0x10 /home/hehe/xPacks/riscv-none-embed-gcc/8.3.0-1.1/bin/../lib/gcc/riscv-none-embed/8.3.0/../../../../riscv-none-embed/lib/rv64imafdc/lp64d/libc.a(lib_a-malloc.o)
                0x0000000080016d0e                malloc
 .text.memcmp   0x0000000080016d1e       0x64 /home/hehe/xPacks/riscv-none-embed-gcc/8.3.0-1.1/bin/../lib/gcc/riscv-none-embed/8.3.0/../../../../riscv-none-embed/lib/rv64imafdc/lp64d/libc.a(lib_a-memcmp.o)
                0x0000000080016d1e                memcmp
 .text.memcpy   0x0000000080016d82       0xe2 /home/hehe/xPacks/riscv-none-embed-gcc/8.3.0-1.1/bin/../lib/gcc/riscv-none-embed/8.3.0/../../../../riscv-none-embed/lib/rv64imafdc/lp64d/libc.a(lib_a-memcpy.o)
                0x0000000080016d82                memcpy
 .text.printf   0x0000000080016e64       0x36 /home/hehe/xPacks/riscv-none-embed-gcc/8.3.0-1.1/bin/../lib/gcc/riscv-none-embed/8.3.0/../../../../riscv-none-embed/lib/rv64imafdc/lp64d/libc.a(lib_a-printf.o)
                0x0000000080016e64                printf
 .text.putenv   0x0000000080016e9a        0xe /home/hehe/xPacks/riscv-none-embed-gcc/8.3.0-1.1/bin/../lib/gcc/riscv-none-embed/8.3.0/../../../../riscv-none-embed/lib/rv64imafdc/lp64d/libc.a(lib_a-putenv.o)
                0x0000000080016e9a                putenv
 .text._putenv_r
                0x0000000080016ea8       0x62 /home/hehe/xPacks/riscv-none-embed-gcc/8.3.0-1.1/bin/../lib/gcc/riscv-none-embed/8.3.0/../../../../riscv-none-embed/lib/rv64imafdc/lp64d/libc.a(lib_a-putenv_r.o)
                0x0000000080016ea8                _putenv_r
 .text.lflush   0x0000000080016f0a       0x14 /home/hehe/xPacks/riscv-none-embed-gcc/8.3.0-1.1/bin/../lib/gcc/riscv-none-embed/8.3.0/../../../../riscv-none-embed/lib/rv64imafdc/lp64d/libc.a(lib_a-refill.o)
 .text.__srefill_r
                0x0000000080016f1e      0x168 /home/hehe/xPacks/riscv-none-embed-gcc/8.3.0-1.1/bin/../lib/gcc/riscv-none-embed/8.3.0/../../../../riscv-none-embed/lib/rv64imafdc/lp64d/libc.a(lib_a-refill.o)
                0x0000000080016f1e                __srefill_r
 .text._setenv_r
                0x0000000080017086      0x1d4 /home/hehe/xPacks/riscv-none-embed-gcc/8.3.0-1.1/bin/../lib/gcc/riscv-none-embed/8.3.0/../../../../riscv-none-embed/lib/rv64imafdc/lp64d/libc.a(lib_a-setenv_r.o)
                0x0000000080017086                _setenv_r
 .text.setvbuf  0x000000008001725a      0x1de /home/hehe/xPacks/riscv-none-embed-gcc/8.3.0-1.1/bin/../lib/gcc/riscv-none-embed/8.3.0/../../../../riscv-none-embed/lib/rv64imafdc/lp64d/libc.a(lib_a-setvbuf.o)
                0x000000008001725a                setvbuf
 .text.snprintf
                0x0000000080017438       0xa2 /home/hehe/xPacks/riscv-none-embed-gcc/8.3.0-1.1/bin/../lib/gcc/riscv-none-embed/8.3.0/../../../../riscv-none-embed/lib/rv64imafdc/lp64d/libc.a(lib_a-snprintf.o)
                0x0000000080017438                snprintf
 .text.__sread  0x00000000800174da       0x38 /home/hehe/xPacks/riscv-none-embed-gcc/8.3.0-1.1/bin/../lib/gcc/riscv-none-embed/8.3.0/../../../../riscv-none-embed/lib/rv64imafdc/lp64d/libc.a(lib_a-stdio.o)
                0x00000000800174da                __sread
 .text.__swrite
                0x0000000080017512       0x54 /home/hehe/xPacks/riscv-none-embed-gcc/8.3.0-1.1/bin/../lib/gcc/riscv-none-embed/8.3.0/../../../../riscv-none-embed/lib/rv64imafdc/lp64d/libc.a(lib_a-stdio.o)
                0x0000000080017512                __swrite
 .text.__sseek  0x0000000080017566       0x42 /home/hehe/xPacks/riscv-none-embed-gcc/8.3.0-1.1/bin/../lib/gcc/riscv-none-embed/8.3.0/../../../../riscv-none-embed/lib/rv64imafdc/lp64d/libc.a(lib_a-stdio.o)
                0x0000000080017566                __sseek
 .text.__sclose
                0x00000000800175a8        0x8 /home/hehe/xPacks/riscv-none-embed-gcc/8.3.0-1.1/bin/../lib/gcc/riscv-none-embed/8.3.0/../../../../riscv-none-embed/lib/rv64imafdc/lp64d/libc.a(lib_a-stdio.o)
                0x00000000800175a8                __sclose
 .text.strchr   0x00000000800175b0      0x106 /home/hehe/xPacks/riscv-none-embed-gcc/8.3.0-1.1/bin/../lib/gcc/riscv-none-embed/8.3.0/../../../../riscv-none-embed/lib/rv64imafdc/lp64d/libc.a(lib_a-strchr.o)
                0x00000000800175b0                strchr
 .text.strcpy   0x00000000800176b6       0xa4 /home/hehe/xPacks/riscv-none-embed-gcc/8.3.0-1.1/bin/../lib/gcc/riscv-none-embed/8.3.0/../../../../riscv-none-embed/lib/rv64imafdc/lp64d/libc.a(lib_a-strcpy.o)
                0x00000000800176b6                strcpy
 .text._strdup_r
                0x000000008001775a       0x3a /home/hehe/xPacks/riscv-none-embed-gcc/8.3.0-1.1/bin/../lib/gcc/riscv-none-embed/8.3.0/../../../../riscv-none-embed/lib/rv64imafdc/lp64d/libc.a(lib_a-strdup_r.o)
                0x000000008001775a                _strdup_r
 .text.strlen   0x0000000080017794       0x98 /home/hehe/xPacks/riscv-none-embed-gcc/8.3.0-1.1/bin/../lib/gcc/riscv-none-embed/8.3.0/../../../../riscv-none-embed/lib/rv64imafdc/lp64d/libc.a(lib_a-strlen.o)
                0x0000000080017794                strlen
 .text.strncmp  0x000000008001782c       0xb6 /home/hehe/xPacks/riscv-none-embed-gcc/8.3.0-1.1/bin/../lib/gcc/riscv-none-embed/8.3.0/../../../../riscv-none-embed/lib/rv64imafdc/lp64d/libc.a(lib_a-strncmp.o)
                0x000000008001782c                strncmp
 .text.strncpy  0x00000000800178e2       0x9e /home/hehe/xPacks/riscv-none-embed-gcc/8.3.0-1.1/bin/../lib/gcc/riscv-none-embed/8.3.0/../../../../riscv-none-embed/lib/rv64imafdc/lp64d/libc.a(lib_a-strncpy.o)
                0x00000000800178e2                strncpy
 .text.strrchr  0x0000000080017980       0x32 /home/hehe/xPacks/riscv-none-embed-gcc/8.3.0-1.1/bin/../lib/gcc/riscv-none-embed/8.3.0/../../../../riscv-none-embed/lib/rv64imafdc/lp64d/libc.a(lib_a-strrchr.o)
                0x0000000080017980                strrchr
 .text._svfprintf_r
                0x00000000800179b2     0x1ba8 /home/hehe/xPacks/riscv-none-embed-gcc/8.3.0-1.1/bin/../lib/gcc/riscv-none-embed/8.3.0/../../../../riscv-none-embed/lib/rv64imafdc/lp64d/libc.a(lib_a-svfprintf.o)
                0x00000000800179b2                _svfprintf_r
 .text.__sprint_r.part.0
                0x000000008001955a       0xa4 /home/hehe/xPacks/riscv-none-embed-gcc/8.3.0-1.1/bin/../lib/gcc/riscv-none-embed/8.3.0/../../../../riscv-none-embed/lib/rv64imafdc/lp64d/libc.a(lib_a-vfiprintf.o)
 .text.__sprint_r
                0x00000000800195fe       0x10 /home/hehe/xPacks/riscv-none-embed-gcc/8.3.0-1.1/bin/../lib/gcc/riscv-none-embed/8.3.0/../../../../riscv-none-embed/lib/rv64imafdc/lp64d/libc.a(lib_a-vfiprintf.o)
                0x00000000800195fe                __sprint_r
 .text._vfprintf_r
                0x000000008001960e     0x1c64 /home/hehe/xPacks/riscv-none-embed-gcc/8.3.0-1.1/bin/../lib/gcc/riscv-none-embed/8.3.0/../../../../riscv-none-embed/lib/rv64imafdc/lp64d/libc.a(lib_a-vfprintf.o)
                0x000000008001960e                _vfprintf_r
 .text.__sbprintf
                0x000000008001b272       0xb0 /home/hehe/xPacks/riscv-none-embed-gcc/8.3.0-1.1/bin/../lib/gcc/riscv-none-embed/8.3.0/../../../../riscv-none-embed/lib/rv64imafdc/lp64d/libc.a(lib_a-vfprintf.o)
 .text._vsnprintf_r
                0x000000008001b322       0x84 /home/hehe/xPacks/riscv-none-embed-gcc/8.3.0-1.1/bin/../lib/gcc/riscv-none-embed/8.3.0/../../../../riscv-none-embed/lib/rv64imafdc/lp64d/libc.a(lib_a-vsnprintf.o)
                0x000000008001b322                _vsnprintf_r
 .text.vsnprintf
                0x000000008001b3a6       0x16 /home/hehe/xPacks/riscv-none-embed-gcc/8.3.0-1.1/bin/../lib/gcc/riscv-none-embed/8.3.0/../../../../riscv-none-embed/lib/rv64imafdc/lp64d/libc.a(lib_a-vsnprintf.o)
                0x000000008001b3a6                vsnprintf
 .text.__swsetup_r
                0x000000008001b3bc       0xf8 /home/hehe/xPacks/riscv-none-embed-gcc/8.3.0-1.1/bin/../lib/gcc/riscv-none-embed/8.3.0/../../../../riscv-none-embed/lib/rv64imafdc/lp64d/libc.a(lib_a-wsetup.o)
                0x000000008001b3bc                __swsetup_r
 .text.__env_lock
                0x000000008001b4b4        0xc /home/hehe/xPacks/riscv-none-embed-gcc/8.3.0-1.1/bin/../lib/gcc/riscv-none-embed/8.3.0/../../../../riscv-none-embed/lib/rv64imafdc/lp64d/libc.a(lib_a-envlock.o)
                0x000000008001b4b4                __env_lock
 .text.__env_unlock
                0x000000008001b4c0        0xc /home/hehe/xPacks/riscv-none-embed-gcc/8.3.0-1.1/bin/../lib/gcc/riscv-none-embed/8.3.0/../../../../riscv-none-embed/lib/rv64imafdc/lp64d/libc.a(lib_a-envlock.o)
                0x000000008001b4c0                __env_unlock
 .text.__sflags
                0x000000008001b4cc       0x80 /home/hehe/xPacks/riscv-none-embed-gcc/8.3.0-1.1/bin/../lib/gcc/riscv-none-embed/8.3.0/../../../../riscv-none-embed/lib/rv64imafdc/lp64d/libc.a(lib_a-flags.o)
                0x000000008001b4cc                __sflags
 .text.__fputwc
                0x000000008001b54c       0xc6 /home/hehe/xPacks/riscv-none-embed-gcc/8.3.0-1.1/bin/../lib/gcc/riscv-none-embed/8.3.0/../../../../riscv-none-embed/lib/rv64imafdc/lp64d/libc.a(lib_a-fputwc.o)
                0x000000008001b54c                __fputwc
 .text._fputwc_r
                0x000000008001b612       0x92 /home/hehe/xPacks/riscv-none-embed-gcc/8.3.0-1.1/bin/../lib/gcc/riscv-none-embed/8.3.0/../../../../riscv-none-embed/lib/rv64imafdc/lp64d/libc.a(lib_a-fputwc.o)
                0x000000008001b612                _fputwc_r
 .text.__sfvwrite_r
                0x000000008001b6a4      0x32c /home/hehe/xPacks/riscv-none-embed-gcc/8.3.0-1.1/bin/../lib/gcc/riscv-none-embed/8.3.0/../../../../riscv-none-embed/lib/rv64imafdc/lp64d/libc.a(lib_a-fvwrite.o)
                0x000000008001b6a4                __sfvwrite_r
 .text._getc_r  0x000000008001b9d0       0x88 /home/hehe/xPacks/riscv-none-embed-gcc/8.3.0-1.1/bin/../lib/gcc/riscv-none-embed/8.3.0/../../../../riscv-none-embed/lib/rv64imafdc/lp64d/libc.a(lib_a-getc.o)
                0x000000008001b9d0                _getc_r
 .text._findenv_r
                0x000000008001ba58       0xb2 /home/hehe/xPacks/riscv-none-embed-gcc/8.3.0-1.1/bin/../lib/gcc/riscv-none-embed/8.3.0/../../../../riscv-none-embed/lib/rv64imafdc/lp64d/libc.a(lib_a-getenv_r.o)
                0x000000008001ba58                _findenv_r
 .text.eshdn1   0x000000008001bb0a       0x4c /home/hehe/xPacks/riscv-none-embed-gcc/8.3.0-1.1/bin/../lib/gcc/riscv-none-embed/8.3.0/../../../../riscv-none-embed/lib/rv64imafdc/lp64d/libc.a(lib_a-ldtoa.o)
 .text.eshup1   0x000000008001bb56       0x5a /home/hehe/xPacks/riscv-none-embed-gcc/8.3.0-1.1/bin/../lib/gcc/riscv-none-embed/8.3.0/../../../../riscv-none-embed/lib/rv64imafdc/lp64d/libc.a(lib_a-ldtoa.o)
 .text.m16m     0x000000008001bbb0       0x74 /home/hehe/xPacks/riscv-none-embed-gcc/8.3.0-1.1/bin/../lib/gcc/riscv-none-embed/8.3.0/../../../../riscv-none-embed/lib/rv64imafdc/lp64d/libc.a(lib_a-ldtoa.o)
 .text.eisnan.part.0
                0x000000008001bc24       0x18 /home/hehe/xPacks/riscv-none-embed-gcc/8.3.0-1.1/bin/../lib/gcc/riscv-none-embed/8.3.0/../../../../riscv-none-embed/lib/rv64imafdc/lp64d/libc.a(lib_a-ldtoa.o)
 .text.eneg     0x000000008001bc3c       0x30 /home/hehe/xPacks/riscv-none-embed-gcc/8.3.0-1.1/bin/../lib/gcc/riscv-none-embed/8.3.0/../../../../riscv-none-embed/lib/rv64imafdc/lp64d/libc.a(lib_a-ldtoa.o)
 .text.eisneg   0x000000008001bc6c       0x2a /home/hehe/xPacks/riscv-none-embed-gcc/8.3.0-1.1/bin/../lib/gcc/riscv-none-embed/8.3.0/../../../../riscv-none-embed/lib/rv64imafdc/lp64d/libc.a(lib_a-ldtoa.o)
 .text.emovi    0x000000008001bc96       0xac /home/hehe/xPacks/riscv-none-embed-gcc/8.3.0-1.1/bin/../lib/gcc/riscv-none-embed/8.3.0/../../../../riscv-none-embed/lib/rv64imafdc/lp64d/libc.a(lib_a-ldtoa.o)
 .text.ecmp     0x000000008001bd42       0xc8 /home/hehe/xPacks/riscv-none-embed-gcc/8.3.0-1.1/bin/../lib/gcc/riscv-none-embed/8.3.0/../../../../riscv-none-embed/lib/rv64imafdc/lp64d/libc.a(lib_a-ldtoa.o)
 .text.eisinf.part.1
                0x000000008001be0a       0x12 /home/hehe/xPacks/riscv-none-embed-gcc/8.3.0-1.1/bin/../lib/gcc/riscv-none-embed/8.3.0/../../../../riscv-none-embed/lib/rv64imafdc/lp64d/libc.a(lib_a-ldtoa.o)
 .text.eshift.part.3