Archive member included to satisfy reference by file (symbol)

/home/hehe/xPacks/riscv-none-embed-gcc/8.3.0-1.1/bin/../lib/gcc/riscv-none-embed/8.3.0/../../../../riscv-none-embed/lib/rv64imafdc/lp64d/libc.a(lib_a-assert.o)
                              build/packages/kendryte-sdk-latest/kendryte-standalone-sdk/lib/drivers/kpu.o (__assert_func)
/home/hehe/xPacks/riscv-none-embed-gcc/8.3.0-1.1/bin/../lib/gcc/riscv-none-embed/8.3.0/../../../../riscv-none-embed/lib/rv64imafdc/lp64d/libc.a(lib_a-atexit.o)
                              build/packages/kendryte-sdk-latest/kendryte-standalone-sdk/lib/bsp/entry_user.o (atexit)
/home/hehe/xPacks/riscv-none-embed-gcc/8.3.0-1.1/bin/../lib/gcc/riscv-none-embed/8.3.0/../../../../riscv-none-embed/lib/rv64imafdc/lp64d/libc.a(lib_a-fclose.o)
                              build/kernel/components/libc/compilers/newlib/stdio.o (fclose)
/home/hehe/xPacks/riscv-none-embed-gcc/8.3.0-1.1/bin/../lib/gcc/riscv-none-embed/8.3.0/../../../../riscv-none-embed/lib/rv64imafdc/lp64d/libc.a(lib_a-fflush.o)
                              /home/hehe/xPacks/riscv-none-embed-gcc/8.3.0-1.1/bin/../lib/gcc/riscv-none-embed/8.3.0/../../../../riscv-none-embed/lib/rv64imafdc/lp64d/libc.a(lib_a-fclose.o) (__sflush_r)
/home/hehe/xPacks/riscv-none-embed-gcc/8.3.0-1.1/bin/../lib/gcc/riscv-none-embed/8.3.0/../../../../riscv-none-embed/lib/rv64imafdc/lp64d/libc.a(lib_a-fileno.o)
                              build/kernel/components/libc/compilers/newlib/stdio.o (fileno)
/home/hehe/xPacks/riscv-none-embed-gcc/8.3.0-1.1/bin/../lib/gcc/riscv-none-embed/8.3.0/../../../../riscv-none-embed/lib/rv64imafdc/lp64d/libc.a(lib_a-findfp.o)
                              /home/hehe/xPacks/riscv-none-embed-gcc/8.3.0-1.1/bin/../lib/gcc/riscv-none-embed/8.3.0/../../../../riscv-none-embed/lib/rv64imafdc/lp64d/libc.a(lib_a-fclose.o) (__sinit)
/home/hehe/xPacks/riscv-none-embed-gcc/8.3.0-1.1/bin/../lib/gcc/riscv-none-embed/8.3.0/../../../../riscv-none-embed/lib/rv64imafdc/lp64d/libc.a(lib_a-fini.o)
                              build/packages/kendryte-sdk-latest/kendryte-standalone-sdk/lib/bsp/entry_user.o (__libc_fini_array)
/home/hehe/xPacks/riscv-none-embed-gcc/8.3.0-1.1/bin/../lib/gcc/riscv-none-embed/8.3.0/../../../../riscv-none-embed/lib/rv64imafdc/lp64d/libc.a(lib_a-fiprintf.o)
                              /home/hehe/xPacks/riscv-none-embed-gcc/8.3.0-1.1/bin/../lib/gcc/riscv-none-embed/8.3.0/../../../../riscv-none-embed/lib/rv64imafdc/lp64d/libc.a(lib_a-assert.o) (fiprintf)
/home/hehe/xPacks/riscv-none-embed-gcc/8.3.0-1.1/bin/../lib/gcc/riscv-none-embed/8.3.0/../../../../riscv-none-embed/lib/rv64imafdc/lp64d/libc.a(lib_a-fopen.o)
                              build/kernel/components/libc/compilers/newlib/stdio.o (fopen)
/home/hehe/xPacks/riscv-none-embed-gcc/8.3.0-1.1/bin/../lib/gcc/riscv-none-embed/8.3.0/../../../../riscv-none-embed/lib/rv64imafdc/lp64d/libc.a(lib_a-fseek.o)
                              /home/hehe/xPacks/riscv-none-embed-gcc/8.3.0-1.1/bin/../lib/gcc/riscv-none-embed/8.3.0/../../../../riscv-none-embed/lib/rv64imafdc/lp64d/libc.a(lib_a-fopen.o) (_fseek_r)
/home/hehe/xPacks/riscv-none-embed-gcc/8.3.0-1.1/bin/../lib/gcc/riscv-none-embed/8.3.0/../../../../riscv-none-embed/lib/rv64imafdc/lp64d/libc.a(lib_a-fseeko.o)
                              /home/hehe/xPacks/riscv-none-embed-gcc/8.3.0-1.1/bin/../lib/gcc/riscv-none-embed/8.3.0/../../../../riscv-none-embed/lib/rv64imafdc/lp64d/libc.a(lib_a-fseek.o) (_fseeko_r)
/home/hehe/xPacks/riscv-none-embed-gcc/8.3.0-1.1/bin/../lib/gcc/riscv-none-embed/8.3.0/../../../../riscv-none-embed/lib/rv64imafdc/lp64d/libc.a(lib_a-fwalk.o)
                              /home/hehe/xPacks/riscv-none-embed-gcc/8.3.0-1.1/bin/../lib/gcc/riscv-none-embed/8.3.0/../../../../riscv-none-embed/lib/rv64imafdc/lp64d/libc.a(lib_a-findfp.o) (_fwalk)
/home/hehe/xPacks/riscv-none-embed-gcc/8.3.0-1.1/bin/../lib/gcc/riscv-none-embed/8.3.0/../../../../riscv-none-embed/lib/rv64imafdc/lp64d/libc.a(lib_a-getchar.o)
                              build/kernel/components/finsh/shell.o (getchar)
/home/hehe/xPacks/riscv-none-embed-gcc/8.3.0-1.1/bin/../lib/gcc/riscv-none-embed/8.3.0/../../../../riscv-none-embed/lib/rv64imafdc/lp64d/libc.a(lib_a-impure.o)
                              build/kernel/components/libc/compilers/newlib/stdio.o (_global_impure_ptr)
/home/hehe/xPacks/riscv-none-embed-gcc/8.3.0-1.1/bin/../lib/gcc/riscv-none-embed/8.3.0/../../../../riscv-none-embed/lib/rv64imafdc/lp64d/libc.a(lib_a-lock.o)
                              /home/hehe/xPacks/riscv-none-embed-gcc/8.3.0-1.1/bin/../lib/gcc/riscv-none-embed/8.3.0/../../../../riscv-none-embed/lib/rv64imafdc/lp64d/libc.a(lib_a-findfp.o) (__retarget_lock_init_recursive)
/home/hehe/xPacks/riscv-none-embed-gcc/8.3.0-1.1/bin/../lib/gcc/riscv-none-embed/8.3.0/../../../../riscv-none-embed/lib/rv64imafdc/lp64d/libc.a(lib_a-makebuf.o)
[...]
Memory Configuration

Name             Origin             Length             Attributes
SRAM             0x0000000080000000 0x0000000000600000
*default*        0x0000000000000000 0xffffffffffffffff

Linker script and memory map

LOAD build/applications/main.o
LOAD build/applications/mnt.o
LOAD build/driver/board.o
LOAD build/driver/heap.o
LOAD build/driver/drv_uart.o
LOAD build/driver/drv_io_config.o
LOAD build/driver/drv_interrupt.o
LOAD build/driver/drv_gpio.o
LOAD build/kernel/src/clock.o
LOAD build/kernel/src/components.o
LOAD build/kernel/src/cpu.o
LOAD build/kernel/src/device.o
LOAD build/kernel/src/idle.o
LOAD build/kernel/src/ipc.o
LOAD build/kernel/src/irq.o
LOAD build/kernel/src/kservice.o
LOAD build/kernel/src/object.o
LOAD build/kernel/src/scheduler.o
LOAD build/kernel/src/signal.o
LOAD build/kernel/src/slab.o
LOAD build/kernel/src/thread.o
LOAD build/kernel/src/timer.o
LOAD build/kernel/libcpu/risc-v/common/cpuport.o
LOAD build/kernel/libcpu/risc-v/common/context_gcc.o
LOAD build/kernel/libcpu/risc-v/k210/cpuport_smp.o
LOAD build/kernel/libcpu/risc-v/k210/interrupt.o
LOAD build/kernel/libcpu/risc-v/k210/tick.o
LOAD build/kernel/libcpu/risc-v/k210/interrupt_gcc.o
LOAD build/kernel/libcpu/risc-v/k210/startup_gcc.o
LOAD build/kernel/components/dfs/src/dfs.o
LOAD build/kernel/components/dfs/src/dfs_file.o
LOAD build/kernel/components/dfs/src/dfs_fs.o
LOAD build/kernel/components/dfs/src/dfs_posix.o
LOAD build/kernel/components/dfs/src/poll.o
LOAD build/kernel/components/dfs/src/select.o
LOAD build/kernel/components/dfs/filesystems/devfs/devfs.o
LOAD build/kernel/components/drivers/misc/pin.o
LOAD build/kernel/components/drivers/serial/serial.o
LOAD build/kernel/components/drivers/src/completion.o
LOAD build/kernel/components/drivers/src/dataqueue.o
LOAD build/kernel/components/drivers/src/pipe.o
LOAD build/kernel/components/drivers/src/ringblk_buf.o
LOAD build/kernel/components/drivers/src/ringbuffer.o
LOAD build/kernel/components/drivers/src/waitqueue.o
LOAD build/kernel/components/drivers/src/workqueue.o
LOAD build/kernel/components/finsh/shell.o
LOAD build/kernel/components/finsh/cmd.o
LOAD build/kernel/components/finsh/msh.o
LOAD build/kernel/components/finsh/msh_file.o
LOAD build/kernel/components/libc/compilers/newlib/libc.o
LOAD build/kernel/components/libc/compilers/newlib/libc_syms.o
LOAD build/kernel/components/libc/compilers/newlib/stdio.o
LOAD build/kernel/components/libc/compilers/newlib/syscalls.o
LOAD build/kernel/components/libc/compilers/newlib/time.o
LOAD build/kernel/components/utilities/ulog/ulog.o
LOAD build/kernel/components/utilities/ulog/backend/console_be.o
LOAD build/packages/kendryte-sdk-latest/kendryte-standalone-sdk/lib/bsp/sleep.o
LOAD build/packages/kendryte-sdk-latest/kendryte-standalone-sdk/lib/bsp/entry.o
LOAD build/packages/kendryte-sdk-latest/kendryte-standalone-sdk/lib/bsp/entry_user.o
LOAD build/packages/kendryte-sdk-latest/kendryte-standalone-sdk/lib/drivers/aes.o
LOAD build/packages/kendryte-sdk-latest/kendryte-standalone-sdk/lib/drivers/clint.o
LOAD build/packages/kendryte-sdk-latest/kendryte-standalone-sdk/lib/drivers/dmac.o
LOAD build/packages/kendryte-sdk-latest/kendryte-standalone-sdk/lib/drivers/dvp.o
LOAD build/packages/kendryte-sdk-latest/kendryte-standalone-sdk/lib/drivers/fft.o
LOAD build/packages/kendryte-sdk-latest/kendryte-standalone-sdk/lib/drivers/fpioa.o
LOAD build/packages/kendryte-sdk-latest/kendryte-standalone-sdk/lib/drivers/gpio.o
LOAD build/packages/kendryte-sdk-latest/kendryte-standalone-sdk/lib/drivers/gpiohs.o
LOAD build/packages/kendryte-sdk-latest/kendryte-standalone-sdk/lib/drivers/i2c.o
LOAD build/packages/kendryte-sdk-latest/kendryte-standalone-sdk/lib/drivers/i2s.o
LOAD build/packages/kendryte-sdk-latest/kendryte-standalone-sdk/lib/drivers/kpu.o
LOAD build/packages/kendryte-sdk-latest/kendryte-standalone-sdk/lib/drivers/plic.o
LOAD build/packages/kendryte-sdk-latest/kendryte-standalone-sdk/lib/drivers/pwm.o
LOAD build/packages/kendryte-sdk-latest/kendryte-standalone-sdk/lib/drivers/rtc.o
LOAD build/packages/kendryte-sdk-latest/kendryte-standalone-sdk/lib/drivers/sha256.o
LOAD build/packages/kendryte-sdk-latest/kendryte-standalone-sdk/lib/drivers/spi.o
LOAD build/packages/kendryte-sdk-latest/kendryte-standalone-sdk/lib/drivers/sysctl.o
LOAD build/packages/kendryte-sdk-latest/kendryte-standalone-sdk/lib/drivers/timer.o
LOAD build/packages/kendryte-sdk-latest/kendryte-standalone-sdk/lib/drivers/utils.o
LOAD build/packages/kendryte-sdk-latest/kendryte-standalone-sdk/lib/drivers/wdt.o
LOAD /home/hehe/xPacks/riscv-none-embed-gcc/8.3.0-1.1/bin/../lib/gcc/riscv-none-embed/8.3.0/../../../../riscv-none-embed/lib/rv64imafdc/lp64d/libc.a
LOAD /home/hehe/xPacks/riscv-none-embed-gcc/8.3.0-1.1/bin/../lib/gcc/riscv-none-embed/8.3.0/../../../../riscv-none-embed/lib/rv64imafdc/lp64d/libm.a
LOAD /home/hehe/xPacks/riscv-none-embed-gcc/8.3.0-1.1/bin/../lib/gcc/riscv-none-embed/8.3.0/rv64imafdc/lp64d/libgcc.a
START GROUP
LOAD /home/hehe/xPacks/riscv-none-embed-gcc/8.3.0-1.1/bin/../lib/gcc/riscv-none-embed/8.3.0/rv64imafdc/lp64d/libgcc.a
LOAD /home/hehe/xPacks/riscv-none-embed-gcc/8.3.0-1.1/bin/../lib/gcc/riscv-none-embed/8.3.0/../../../../riscv-none-embed/lib/rv64imafdc/lp64d/libg.a
LOAD /home/hehe/xPacks/riscv-none-embed-gcc/8.3.0-1.1/bin/../lib/gcc/riscv-none-embed/8.3.0/../../../../riscv-none-embed/lib/rv64imafdc/lp64d/libc.a
END GROUP
LOAD /home/hehe/xPacks/riscv-none-embed-gcc/8.3.0-1.1/bin/../lib/gcc/riscv-none-embed/8.3.0/rv64imafdc/lp64d/libgcc.a
                0x0000000000001000                __STACKSIZE__ = 0x1000
                0x0000000080000000                . = 0x80000000

.start          0x0000000080000000      0x140
 *(.start)
 .start         0x0000000080000000      0x140 build/kernel/libcpu/risc-v/k210/startup_gcc.o
                0x0000000080000000                _start
                0x0000000080000008                g_wake_up
                0x0000000080000140                . = ALIGN (0x8)

.text           0x0000000080000140    0x24750
 *(.text)
 .text          0x0000000080000140       0xe0 build/kernel/libcpu/risc-v/common/context_gcc.o
                0x0000000080000140                rt_hw_local_irq_disable
                0x0000000080000146                rt_hw_local_irq_enable
                0x000000008000014c                rt_hw_context_switch_to
                0x000000008000015e                rt_hw_context_switch
                0x00000000800001ba                rt_hw_context_switch_interrupt
                0x00000000800001c8                rt_hw_context_switch_exit
 .text          0x0000000080000220       0xaa /home/hehe/xPacks/riscv-none-embed-gcc/8.3.0-1.1/bin/../lib/gcc/riscv-none-embed/8.3.0/../../../../riscv-none-embed/lib/rv64imafdc/lp64d/libc.a(lib_a-memset.o)
                0x0000000080000220                memset
 .text          0x00000000800002ca       0xea /home/hehe/xPacks/riscv-none-embed-gcc/8.3.0-1.1/bin/../lib/gcc/riscv-none-embed/8.3.0/../../../../riscv-none-embed/lib/rv64imafdc/lp64d/libc.a(lib_a-strcmp.o)
                0x00000000800002ca                strcmp
 *(.text.*)
 .text.main     0x00000000800003b4       0x26 build/applications/main.o
                0x00000000800003b4                main
 .text.init_bss
                0x00000000800003da       0x3c build/driver/board.o
                0x00000000800003da                init_bss
 .text.primary_cpu_entry
                0x0000000080000416       0x1e build/driver/board.o
                0x0000000080000416                primary_cpu_entry
 .text.freq     0x0000000080000434      0x142 build/driver/board.o
                0x0000000080000434                freq
 .text.rt_hw_board_init
                0x0000000080000576       0x88 build/driver/board.o
                0x0000000080000576                rt_hw_board_init
 .text.rt_hw_cpu_reset
                0x00000000800005fe       0x1a build/driver/board.o
                0x00000000800005fe                rt_hw_cpu_reset
 .text.rt_hw_uart_init
                0x0000000080000618       0xee build/driver/drv_uart.o
                0x0000000080000618                rt_hw_uart_init
 .text.uart_configure
                0x0000000080000706      0x12e build/driver/drv_uart.o
 .text.uart_control
                0x0000000080000834       0xa6 build/driver/drv_uart.o
 .text.drv_uart_putc
                0x00000000800008da       0x60 build/driver/drv_uart.o
 .text.drv_uart_getc
                0x000000008000093a       0x54 build/driver/drv_uart.o
 .text.uart_irq_handler
                0x000000008000098e       0x5a build/driver/drv_uart.o
 .text.uart_debug_init
                0x00000000800009e8       0x14 build/driver/drv_uart.o
                0x00000000800009e8                uart_debug_init
 .text.print_io_config
                0x00000000800009fc       0x56 build/driver/drv_io_config.o
 .text.io_config_init
                0x0000000080000a52       0x7c build/driver/drv_io_config.o
                0x0000000080000a52                io_config_init
 .text.plic_irq_handle
                0x0000000080000ace       0x8e build/driver/drv_interrupt.o
                0x0000000080000ace                plic_irq_handle
 .text.alloc_pin_channel
                0x0000000080000b5c      0x102 build/driver/drv_gpio.o
 .text.get_pin_channel
                0x0000000080000c5e       0x24 build/driver/drv_gpio.o
 .text.drv_pin_mode
                0x0000000080000c82       0xf0 build/driver/drv_gpio.o
 .text.drv_pin_write
                0x0000000080000d72       0x76 build/driver/drv_gpio.o
 .text.drv_pin_read
                0x0000000080000de8       0x7a build/driver/drv_gpio.o
 .text.pin_irq  0x0000000080000e62      0x238 build/driver/drv_gpio.o
 .text.drv_pin_attach_irq
                0x000000008000109a      0x1c6 build/driver/drv_gpio.o
 .text.drv_pin_detach_irq
                0x0000000080001260       0x98 build/driver/drv_gpio.o
 .text.drv_pin_irq_enable
                0x00000000800012f8       0x88 build/driver/drv_gpio.o
 .text.rt_hw_pin_init
                0x0000000080001380       0x56 build/driver/drv_gpio.o
                0x0000000080001380                rt_hw_pin_init
 .text.rt_tick_get
                0x00000000800013d6       0x1e build/kernel/src/clock.o
                0x00000000800013d6                rt_tick_get
 .text.rt_tick_increase
                0x00000000800013f4       0x70 build/kernel/src/clock.o
                0x00000000800013f4                rt_tick_increase
 .text.rt_tick_from_millisecond
                0x0000000080001464       0x80 build/kernel/src/clock.o
                0x0000000080001464                rt_tick_from_millisecond
 .text.rti_start
                0x00000000800014e4       0x10 build/kernel/src/components.o
 .text.rti_board_start
                0x00000000800014f4       0x10 build/kernel/src/components.o
 .text.rti_board_end
                0x0000000080001504       0x10 build/kernel/src/components.o
 .text.rti_end  0x0000000080001514       0x10 build/kernel/src/components.o
 .text.rt_components_board_init
                0x0000000080001524       0x42 build/kernel/src/components.o
                0x0000000080001524                rt_components_board_init
 .text.rt_components_init
                0x0000000080001566       0x42 build/kernel/src/components.o
                0x0000000080001566                rt_components_init
 .text.entry    0x00000000800015a8       0x18 build/kernel/src/components.o
                0x00000000800015a8                entry
 .text.main_thread_entry
                0x00000000800015c0       0x22 build/kernel/src/components.o
                0x00000000800015c0                main_thread_entry
 .text.rt_application_init
                0x00000000800015e2       0x58 build/kernel/src/components.o
                0x00000000800015e2                rt_application_init
 .text.rtthread_startup
                0x000000008000163a       0x44 build/kernel/src/components.o
                0x000000008000163a                rtthread_startup
 .text.rt_cpu_self
                0x000000008000167e       0x2c build/kernel/src/cpu.o
                0x000000008000167e                rt_cpu_self
 .text.rt_cpu_index
                0x00000000800016aa       0x2a build/kernel/src/cpu.o
                0x00000000800016aa                rt_cpu_index
 .text.rt_cpus_lock
                0x00000000800016d4       0x74 build/kernel/src/cpu.o
                0x00000000800016d4                rt_cpus_lock
 .text.rt_cpus_unlock
                0x0000000080001748       0x6e build/kernel/src/cpu.o
                0x0000000080001748                rt_cpus_unlock
 .text.rt_cpus_lock_status_restore
                0x00000000800017b6       0x3e build/kernel/src/cpu.o
                0x00000000800017b6                rt_cpus_lock_status_restore
 .text.rt_list_init
                0x00000000800017f4       0x28 build/kernel/src/device.o
 .text.rt_wqueue_init
                0x000000008000181c       0x48 build/kernel/src/device.o
 .text.rt_device_register
                0x0000000080001864       0x7e build/kernel/src/device.o
                0x0000000080001864                rt_device_register
 .text.rt_device_find
                0x00000000800018e2       0xac build/kernel/src/device.o
                0x00000000800018e2                rt_device_find
 .text.rt_device_open
                0x000000008000198e      0x192 build/kernel/src/device.o
                0x000000008000198e                rt_device_open
 .text.rt_device_close
                0x0000000080001b20       0xca build/kernel/src/device.o
                0x0000000080001b20                rt_device_close
 .text.rt_device_read
                0x0000000080001bea       0xac build/kernel/src/device.o
                0x0000000080001bea                rt_device_read
 .text.rt_device_write
                0x0000000080001c96       0xac build/kernel/src/device.o
                0x0000000080001c96                rt_device_write
 .text.rt_device_control
                0x0000000080001d42       0x8e build/kernel/src/device.o
                0x0000000080001d42                rt_device_control
 .text.rt_device_set_rx_indicate
                0x0000000080001dd0       0x70 build/kernel/src/device.o
                0x0000000080001dd0                rt_device_set_rx_indicate
 .text.rt_list_remove
                0x0000000080001e40       0x44 build/kernel/src/idle.o
 .text._has_defunct_thread
                0x0000000080001e84       0x32 build/kernel/src/idle.o
 .text.rt_thread_idle_excute
                0x0000000080001eb6       0xfa build/kernel/src/idle.o
                0x0000000080001eb6                rt_thread_idle_excute
 .text.rt_thread_idle_entry
                0x0000000080001fb0       0x62 build/kernel/src/idle.o
 .text.rt_thread_idle_init
                0x0000000080002012       0xc6 build/kernel/src/idle.o
                0x0000000080002012                rt_thread_idle_init
 .text.rt_list_init
                0x00000000800020d8       0x28 build/kernel/src/ipc.o
 .text.rt_list_insert_before
                0x0000000080002100       0x42 build/kernel/src/ipc.o
 .text.rt_list_isempty
                0x0000000080002142       0x2a build/kernel/src/ipc.o
 .text.rt_ipc_object_init
                0x000000008000216c       0x26 build/kernel/src/ipc.o
 .text.rt_ipc_list_suspend
                0x0000000080002192       0xca build/kernel/src/ipc.o
 .text.rt_ipc_list_resume
                0x000000008000225c       0x2c build/kernel/src/ipc.o
 .text.rt_ipc_list_resume_all
                0x0000000080002288       0x56 build/kernel/src/ipc.o
 .text.rt_sem_init
                0x00000000800022de       0xa6 build/kernel/src/ipc.o
                0x00000000800022de                rt_sem_init
 .text.rt_sem_take
                0x0000000080002384      0x1e2 build/kernel/src/ipc.o
                0x0000000080002384                rt_sem_take
 .text.rt_sem_release
                0x0000000080002566       0xde build/kernel/src/ipc.o
                0x0000000080002566                rt_sem_release
 .text.rt_sem_control
                0x0000000080002644       0xbe build/kernel/src/ipc.o
                0x0000000080002644                rt_sem_control
 .text.rt_mutex_init
                0x0000000080002702       0x8a build/kernel/src/ipc.o
                0x0000000080002702                rt_mutex_init
 .text.rt_mutex_detach
                0x000000008000278c       0xa0 build/kernel/src/ipc.o
                0x000000008000278c                rt_mutex_detach
 .text.rt_mutex_take
                0x000000008000282c      0x284 build/kernel/src/ipc.o
                0x000000008000282c                rt_mutex_take
 .text.rt_mutex_release
                0x0000000080002ab0      0x232 build/kernel/src/ipc.o
                0x0000000080002ab0                rt_mutex_release
 .text.rt_interrupt_enter
                0x0000000080002ce2       0x4e build/kernel/src/irq.o
                0x0000000080002ce2                rt_interrupt_enter
 .text.rt_interrupt_leave
                0x0000000080002d30       0x4e build/kernel/src/irq.o
                0x0000000080002d30                rt_interrupt_leave
 .text.rt_interrupt_get_nest
                0x0000000080002d7e       0x34 build/kernel/src/irq.o
                0x0000000080002d7e                rt_interrupt_get_nest
 .text.rt_set_errno
                0x0000000080002db2       0x5c build/kernel/src/kservice.o
                0x0000000080002db2                rt_set_errno
 .text._rt_errno
                0x0000000080002e0e       0x44 build/kernel/src/kservice.o
                0x0000000080002e0e                _rt_errno
 .text.rt_memset
                0x0000000080002e52      0x138 build/kernel/src/kservice.o
                0x0000000080002e52                rt_memset
 .text.rt_memcpy
                0x0000000080002f8a      0x162 build/kernel/src/kservice.o
                0x0000000080002f8a                rt_memcpy
 .text.rt_memmove
                0x00000000800030ec       0xcc build/kernel/src/kservice.o
                0x00000000800030ec                rt_memmove
 .text.rt_strncpy
                0x00000000800031b8       0x8e build/kernel/src/kservice.o
                0x00000000800031b8                rt_strncpy
 .text.rt_strncmp
                0x0000000080003246       0x72 build/kernel/src/kservice.o
                0x0000000080003246                rt_strncmp
 .text.rt_strlen
                0x00000000800032b8       0x3c build/kernel/src/kservice.o
                0x00000000800032b8                rt_strlen
 .text.rt_strdup
                0x00000000800032f4       0x50 build/kernel/src/kservice.o
                0x00000000800032f4                rt_strdup
 .text.rt_show_version
                0x0000000080003344       0x50 build/kernel/src/kservice.o
                0x0000000080003344                rt_show_version
 .text.divide   0x0000000080003394       0x72 build/kernel/src/kservice.o
 .text.skip_atoi
                0x0000000080003406       0x6c build/kernel/src/kservice.o
 .text.print_number
                0x0000000080003472      0x2d8 build/kernel/src/kservice.o
 .text.rt_vsnprintf
                0x000000008000374a      0x6a6 build/kernel/src/kservice.o
                0x000000008000374a                rt_vsnprintf
 .text.rt_snprintf
                0x0000000080003df0       0x58 build/kernel/src/kservice.o
                0x0000000080003df0                rt_snprintf
 .text.rt_vsprintf
                0x0000000080003e48       0x32 build/kernel/src/kservice.o
                0x0000000080003e48                rt_vsprintf
 .text.rt_sprintf
                0x0000000080003e7a       0x52 build/kernel/src/kservice.o
                0x0000000080003e7a                rt_sprintf
 .text.rt_console_get_device
                0x0000000080003ecc       0x18 build/kernel/src/kservice.o
                0x0000000080003ecc                rt_console_get_device
 .text.rt_console_set_device
                0x0000000080003ee4       0x70 build/kernel/src/kservice.o
                0x0000000080003ee4                rt_console_set_device
 .text.rt_hw_console_output
                0x0000000080003f54       0x12 build/kernel/src/kservice.o
                0x0000000080003f54                rt_hw_console_output
 .text.rt_kprintf
                0x0000000080003f66       0xe8 build/kernel/src/kservice.o
                0x0000000080003f66                rt_kprintf
 .text.__rt_ffs
                0x000000008000404e       0xd8 build/kernel/src/kservice.o
                0x000000008000404e                __rt_ffs
 .text.rt_assert_handler
                0x0000000080004126       0x6c build/kernel/src/kservice.o
                0x0000000080004126                rt_assert_handler
 .text.rt_list_insert_after
                0x0000000080004192       0x42 build/kernel/src/object.o
 .text.rt_list_remove
                0x00000000800041d4       0x44 build/kernel/src/object.o
 .text.rt_object_get_information
                0x0000000080004218       0x64 build/kernel/src/object.o
                0x0000000080004218                rt_object_get_information
 .text.rt_object_init
                0x000000008000427c      0x11a build/kernel/src/object.o
                0x000000008000427c                rt_object_init
 .text.rt_object_detach
                0x0000000080004396       0x74 build/kernel/src/object.o
                0x0000000080004396                rt_object_detach
 .text.rt_object_allocate
                0x000000008000440a      0x126 build/kernel/src/object.o
                0x000000008000440a                rt_object_allocate
 .text.rt_object_delete
                0x0000000080004530       0xa8 build/kernel/src/object.o
                0x0000000080004530                rt_object_delete
 .text.rt_object_is_systemobject
                0x00000000800045d8       0x4e build/kernel/src/object.o
                0x00000000800045d8                rt_object_is_systemobject
 .text.rt_object_get_type
                0x0000000080004626       0x44 build/kernel/src/object.o
                0x0000000080004626                rt_object_get_type
 .text.rt_list_init
                0x000000008000466a       0x28 build/kernel/src/scheduler.o
 .text.rt_list_insert_before
                0x0000000080004692       0x42 build/kernel/src/scheduler.o
 .text.rt_list_remove
                0x00000000800046d4       0x44 build/kernel/src/scheduler.o
 .text.rt_list_isempty
                0x0000000080004718       0x2a build/kernel/src/scheduler.o
 .text._rt_scheduler_stack_check
                0x0000000080004742       0xcc build/kernel/src/scheduler.o
 .text._get_highest_priority_thread
                0x000000008000480e       0x94 build/kernel/src/scheduler.o
 .text.rt_system_scheduler_init
                0x00000000800048a2       0xba build/kernel/src/scheduler.o
                0x00000000800048a2                rt_system_scheduler_init
 .text.rt_system_scheduler_start
                0x000000008000495c       0x48 build/kernel/src/scheduler.o
                0x000000008000495c                rt_system_scheduler_start
 .text.rt_schedule
                0x00000000800049a4      0x1cc build/kernel/src/scheduler.o
                0x00000000800049a4                rt_schedule
 .text.rt_scheduler_do_irq_switch
                0x0000000080004b70      0x20c build/kernel/src/scheduler.o
                0x0000000080004b70                rt_scheduler_do_irq_switch
 .text.rt_schedule_insert_thread
                0x0000000080004d7c      0x1ce build/kernel/src/scheduler.o
                0x0000000080004d7c                rt_schedule_insert_thread
 .text.rt_schedule_remove_thread
                0x0000000080004f4a      0x102 build/kernel/src/scheduler.o
                0x0000000080004f4a                rt_schedule_remove_thread
 .text.rt_enter_critical
                0x000000008000504c       0x80 build/kernel/src/scheduler.o
                0x000000008000504c                rt_enter_critical
 .text.rt_exit_critical
                0x00000000800050cc       0x9e build/kernel/src/scheduler.o
                0x00000000800050cc                rt_exit_critical
 .text.rt_page_alloc
                0x000000008000516a       0xc8 build/kernel/src/slab.o
                0x000000008000516a                rt_page_alloc
 .text.rt_page_free
                0x0000000080005232      0x1fc build/kernel/src/slab.o
                0x0000000080005232                rt_page_free
 .text.rt_page_init
                0x000000008000542e       0x6e build/kernel/src/slab.o
 .text.rt_system_heap_init
                0x000000008000549c      0x222 build/kernel/src/slab.o
                0x000000008000549c                rt_system_heap_init
 .text.zoneindex
                0x00000000800056be      0x1d6 build/kernel/src/slab.o
 .text.rt_malloc
                0x0000000080005894      0x53e build/kernel/src/slab.o
                0x0000000080005894                rt_malloc
 .text.rt_realloc
                0x0000000080005dd2      0x19c build/kernel/src/slab.o
                0x0000000080005dd2                rt_realloc
 .text.rt_calloc
                0x0000000080005f6e       0x52 build/kernel/src/slab.o
                0x0000000080005f6e                rt_calloc
 .text.rt_free  0x0000000080005fc0      0x34e build/kernel/src/slab.o
                0x0000000080005fc0                rt_free
 .text.list_mem
                0x000000008000630e       0x68 build/kernel/src/slab.o
                0x000000008000630e                list_mem
 .text.rt_list_init
                0x0000000080006376       0x28 build/kernel/src/thread.o
 .text.rt_list_insert_after
                0x000000008000639e       0x42 build/kernel/src/thread.o
 .text.rt_list_remove
                0x00000000800063e0       0x44 build/kernel/src/thread.o
 .text.rt_thread_exit
                0x0000000080006424       0x88 build/kernel/src/thread.o
                0x0000000080006424                rt_thread_exit
 .text._rt_thread_init
                0x00000000800064ac      0x1a6 build/kernel/src/thread.o
 .text.rt_thread_init
                0x0000000080006652       0xae build/kernel/src/thread.o
                0x0000000080006652                rt_thread_init
 .text.rt_thread_self
                0x0000000080006700       0x32 build/kernel/src/thread.o
                0x0000000080006700                rt_thread_self
 .text.rt_thread_startup
                0x0000000080006732       0xd0 build/kernel/src/thread.o
                0x0000000080006732                rt_thread_startup
 .text.rt_thread_create
                0x0000000080006802       0x9a build/kernel/src/thread.o
                0x0000000080006802                rt_thread_create
 .text.rt_thread_delete
                0x000000008000689c       0xda build/kernel/src/thread.o
                0x000000008000689c                rt_thread_delete
 .text.rt_thread_yield
                0x0000000080006976       0x18 build/kernel/src/thread.o
                0x0000000080006976                rt_thread_yield
 .text.rt_thread_sleep
                0x000000008000698e       0xbe build/kernel/src/thread.o
                0x000000008000698e                rt_thread_sleep
 .text.rt_thread_delay
                0x0000000080006a4c       0x24 build/kernel/src/thread.o
                0x0000000080006a4c                rt_thread_delay
 .text.rt_thread_control
                0x0000000080006a70      0x192 build/kernel/src/thread.o
                0x0000000080006a70                rt_thread_control
 .text.rt_thread_suspend
                0x0000000080006c02      0x120 build/kernel/src/thread.o
                0x0000000080006c02                rt_thread_suspend
 .text.rt_thread_resume
                0x0000000080006d22       0xca build/kernel/src/thread.o
                0x0000000080006d22                rt_thread_resume
 .text.rt_thread_timeout
                0x0000000080006dec       0xb6 build/kernel/src/thread.o
                0x0000000080006dec                rt_thread_timeout
 .text.rt_list_init
                0x0000000080006ea2       0x28 build/kernel/src/timer.o
 .text.rt_list_insert_after
                0x0000000080006eca       0x42 build/kernel/src/timer.o
 .text.rt_list_remove
                0x0000000080006f0c       0x44 build/kernel/src/timer.o
 .text.rt_list_isempty
                0x0000000080006f50       0x2a build/kernel/src/timer.o
 .text._rt_timer_init
                0x0000000080006f7a       0xa0 build/kernel/src/timer.o
 .text._rt_timer_remove
                0x000000008000701a       0x44 build/kernel/src/timer.o
 .text.rt_timer_init
                0x000000008000705e       0x78 build/kernel/src/timer.o
                0x000000008000705e                rt_timer_init
 .text.rt_timer_detach
                0x00000000800070d6       0xa8 build/kernel/src/timer.o
                0x00000000800070d6                rt_timer_detach
 .text.rt_timer_start
                0x000000008000717e      0x2dc build/kernel/src/timer.o
                0x000000008000717e                rt_timer_start
 .text.rt_timer_stop
                0x000000008000745a       0xc2 build/kernel/src/timer.o
                0x000000008000745a                rt_timer_stop
 .text.rt_timer_control
                0x000000008000751c       0xfe build/kernel/src/timer.o
                0x000000008000751c                rt_timer_control
 .text.rt_timer_check
                0x000000008000761a      0x120 build/kernel/src/timer.o
                0x000000008000761a                rt_timer_check
 .text.rt_system_timer_init
                0x000000008000773a       0x42 build/kernel/src/timer.o
                0x000000008000773a                rt_system_timer_init
 .text.rt_system_timer_thread_init
                0x000000008000777c        0xe build/kernel/src/timer.o
                0x000000008000777c                rt_system_timer_thread_init
 .text.rt_hw_stack_init
                0x000000008000778a       0xa8 build/kernel/libcpu/risc-v/common/cpuport.o
                0x000000008000778a                rt_hw_stack_init
 .text.spinlock_trylock
                0x0000000080007832       0x2e build/kernel/libcpu/risc-v/k210/cpuport_smp.o
 .text.spinlock_lock
                0x0000000080007860       0x24 build/kernel/libcpu/risc-v/k210/cpuport_smp.o
 .text.spinlock_unlock
                0x0000000080007884       0x20 build/kernel/libcpu/risc-v/k210/cpuport_smp.o
 .text.rt_hw_cpu_id
                0x00000000800078a4       0x1c build/kernel/libcpu/risc-v/k210/cpuport_smp.o
                0x00000000800078a4                rt_hw_cpu_id
 .text.rt_hw_spin_lock
                0x00000000800078c0       0x1e build/kernel/libcpu/risc-v/k210/cpuport_smp.o
                0x00000000800078c0                rt_hw_spin_lock
 .text.rt_hw_spin_unlock
                0x00000000800078de       0x1e build/kernel/libcpu/risc-v/k210/cpuport_smp.o
                0x00000000800078de                rt_hw_spin_unlock
 .text.rt_hw_ipi_send
                0x00000000800078fc       0x62 build/kernel/libcpu/risc-v/k210/cpuport_smp.o
                0x00000000800078fc                rt_hw_ipi_send
 .text.rt_hw_secondary_cpu_up
                0x000000008000795e       0x22 build/kernel/libcpu/risc-v/k210/cpuport_smp.o
                0x000000008000795e                rt_hw_secondary_cpu_up
 .text.secondary_cpu_c_start
                0x0000000080007980       0x2e build/kernel/libcpu/risc-v/k210/cpuport_smp.o
                0x0000000080007980                secondary_cpu_c_start
 .text.rt_hw_secondary_cpu_idle_exec
                0x00000000800079ae       0x12 build/kernel/libcpu/risc-v/k210/cpuport_smp.o
                0x00000000800079ae                rt_hw_secondary_cpu_idle_exec
 .text.rt_hw_interrupt_handle
                0x00000000800079c0       0x30 build/kernel/libcpu/risc-v/k210/interrupt.o
 .text.rt_hw_clint_ipi_enable
                0x00000000800079f0       0x18 build/kernel/libcpu/risc-v/k210/interrupt.o
                0x00000000800079f0                rt_hw_clint_ipi_enable
 .text.rt_hw_plic_irq_enable
                0x0000000080007a08       0xb0 build/kernel/libcpu/risc-v/k210/interrupt.o
                0x0000000080007a08                rt_hw_plic_irq_enable
 .text.rt_hw_plic_irq_disable
                0x0000000080007ab8       0xb6 build/kernel/libcpu/risc-v/k210/interrupt.o
                0x0000000080007ab8                rt_hw_plic_irq_disable
 .text.rt_hw_interrupt_init
                0x0000000080007b6e      0x11a build/kernel/libcpu/risc-v/k210/interrupt.o
                0x0000000080007b6e                rt_hw_interrupt_init
 .text.rt_hw_scondary_interrupt_init
                0x0000000080007c88       0x88 build/kernel/libcpu/risc-v/k210/interrupt.o
                0x0000000080007c88                rt_hw_scondary_interrupt_init
 .text.rt_hw_interrupt_mask
                0x0000000080007d10       0x22 build/kernel/libcpu/risc-v/k210/interrupt.o
                0x0000000080007d10                rt_hw_interrupt_mask
 .text.rt_hw_interrupt_umask
                0x0000000080007d32       0x2e build/kernel/libcpu/risc-v/k210/interrupt.o
                0x0000000080007d32                rt_hw_interrupt_umask
 .text.rt_hw_interrupt_install
                0x0000000080007d60       0x80 build/kernel/libcpu/risc-v/k210/interrupt.o
                0x0000000080007d60                rt_hw_interrupt_install
 .text.handle_irq_m_ext
                0x0000000080007de0      0x184 build/kernel/libcpu/risc-v/k210/interrupt.o
                0x0000000080007de0                handle_irq_m_ext
 .text.print_stack_frame
                0x0000000080007f64      0x4d2 build/kernel/libcpu/risc-v/k210/interrupt.o
                0x0000000080007f64                print_stack_frame
 .text.handle_trap
                0x0000000080008436      0x1d4 build/kernel/libcpu/risc-v/k210/interrupt.o
                0x0000000080008436                handle_trap
 .text.tick_isr
                0x000000008000860a       0x9e build/kernel/libcpu/risc-v/k210/tick.o
                0x000000008000860a                tick_isr
 .text.rt_hw_tick_init
                0x00000000800086a8       0xe6 build/kernel/libcpu/risc-v/k210/tick.o
                0x00000000800086a8                rt_hw_tick_init
 *fill*         0x000000008000878e        0x2 
 .text.entry    0x0000000080008790       0x86 build/kernel/libcpu/risc-v/k210/interrupt_gcc.o
                0x0000000080008790                trap_entry
 .text.dfs_init
                0x0000000080008816       0xa2 build/kernel/components/dfs/src/dfs.o
                0x0000000080008816                dfs_init
 .text.dfs_lock
                0x00000000800088b8       0x54 build/kernel/components/dfs/src/dfs.o
                0x00000000800088b8                dfs_lock
 .text.dfs_unlock
                0x000000008000890c       0x1e build/kernel/components/dfs/src/dfs.o
                0x000000008000890c                dfs_unlock
 .text.fd_alloc
                0x000000008000892a      0x188 build/kernel/components/dfs/src/dfs.o
 .text.fd_new   0x0000000080008ab2       0x90 build/kernel/components/dfs/src/dfs.o
                0x0000000080008ab2                fd_new
 .text.fd_get   0x0000000080008b42       0xc4 build/kernel/components/dfs/src/dfs.o
                0x0000000080008b42                fd_get
 .text.fd_put   0x0000000080008c06       0xb6 build/kernel/components/dfs/src/dfs.o
                0x0000000080008c06                fd_put
 .text.fd_is_open
                0x0000000080008cbc      0x126 build/kernel/components/dfs/src/dfs.o
                0x0000000080008cbc                fd_is_open
 .text.dfs_subdir
                0x0000000080008de2       0x7a build/kernel/components/dfs/src/dfs.o
                0x0000000080008de2                dfs_subdir
 .text.dfs_normalize_path
                0x0000000080008e5c      0x34c build/kernel/components/dfs/src/dfs.o
                0x0000000080008e5c                dfs_normalize_path
 .text.dfs_fdtable_get
                0x00000000800091a8       0x1e build/kernel/components/dfs/src/dfs.o
                0x00000000800091a8                dfs_fdtable_get
 .text.list_fd  0x00000000800091c6      0x1a8 build/kernel/components/dfs/src/dfs.o
                0x00000000800091c6                list_fd
 .text.dfs_file_open
                0x000000008000936e      0x1b6 build/kernel/components/dfs/src/dfs_file.o
                0x000000008000936e                dfs_file_open
 .text.dfs_file_close
                0x0000000080009524       0x6a build/kernel/components/dfs/src/dfs_file.o
                0x0000000080009524                dfs_file_close
 .text.dfs_file_read
                0x000000008000958e       0x7e build/kernel/components/dfs/src/dfs_file.o
                0x000000008000958e                dfs_file_read
 .text.dfs_file_getdents
                0x000000008000960c       0x66 build/kernel/components/dfs/src/dfs_file.o
                0x000000008000960c                dfs_file_getdents
 .text.dfs_file_unlink
                0x0000000080009672      0x102 build/kernel/components/dfs/src/dfs_file.o
                0x0000000080009672                dfs_file_unlink
 .text.dfs_file_write
                0x0000000080009774       0x50 build/kernel/components/dfs/src/dfs_file.o
                0x0000000080009774                dfs_file_write
 .text.dfs_file_lseek
                0x00000000800097c4       0x64 build/kernel/components/dfs/src/dfs_file.o
                0x00000000800097c4                dfs_file_lseek
 .text.dfs_file_stat
                0x0000000080009828      0x17e build/kernel/components/dfs/src/dfs_file.o
                0x0000000080009828                dfs_file_stat
 .text.dfs_file_rename
                0x00000000800099a6      0x124 build/kernel/components/dfs/src/dfs_file.o
                0x00000000800099a6                dfs_file_rename
 .text.ls       0x0000000080009aca      0x182 build/kernel/components/dfs/src/dfs_file.o
                0x0000000080009aca                ls
 .text.rm       0x0000000080009c4c       0x34 build/kernel/components/dfs/src/dfs_file.o
                0x0000000080009c4c                rm
 .text.cat      0x0000000080009c80       0x98 build/kernel/components/dfs/src/dfs_file.o
                0x0000000080009c80                cat
 .text.copyfile
                0x0000000080009d18      0x12c build/kernel/components/dfs/src/dfs_file.o
 .text.copydir  0x0000000080009e44      0x1a2 build/kernel/components/dfs/src/dfs_file.o
 .text._get_path_lastname
                0x0000000080009fe6       0x40 build/kernel/components/dfs/src/dfs_file.o
 .text.copy     0x000000008000a026      0x1bc build/kernel/components/dfs/src/dfs_file.o
                0x000000008000a026                copy
 .text.dfs_register
                0x000000008000a1e2       0xd8 build/kernel/components/dfs/src/dfs_fs.o
                0x000000008000a1e2                dfs_register
 .text.dfs_filesystem_lookup
                0x000000008000a2ba      0x112 build/kernel/components/dfs/src/dfs_fs.o
                0x000000008000a2ba                dfs_filesystem_lookup
 .text.dfs_mount
                0x000000008000a3cc      0x29a build/kernel/components/dfs/src/dfs_fs.o
                0x000000008000a3cc                dfs_mount
 .text.dfs_mkfs
                0x000000008000a666      0x13e build/kernel/components/dfs/src/dfs_fs.o
                0x000000008000a666                dfs_mkfs
 .text.dfs_statfs
                0x000000008000a7a4       0x4e build/kernel/components/dfs/src/dfs_fs.o
                0x000000008000a7a4                dfs_statfs
 .text.mkfs     0x000000008000a7f2       0x26 build/kernel/components/dfs/src/dfs_fs.o
                0x000000008000a7f2                mkfs
 .text.df       0x000000008000a818      0x12a build/kernel/components/dfs/src/dfs_fs.o
                0x000000008000a818                df
 .text.open     0x000000008000a942       0xa4 build/kernel/components/dfs/src/dfs_posix.o
                0x000000008000a942                open
 .text.close    0x000000008000a9e6       0x6e build/kernel/components/dfs/src/dfs_posix.o
                0x000000008000a9e6                close
 .text.read     0x000000008000aa54       0x80 build/kernel/components/dfs/src/dfs_posix.o
                0x000000008000aa54                read
 .text.write    0x000000008000aad4       0x80 build/kernel/components/dfs/src/dfs_posix.o
                0x000000008000aad4                write
 .text.lseek    0x000000008000ab54       0xf6 build/kernel/components/dfs/src/dfs_posix.o
                0x000000008000ab54                lseek
 .text.rename   0x000000008000ac4a       0x46 build/kernel/components/dfs/src/dfs_posix.o
                0x000000008000ac4a                rename
 .text.unlink   0x000000008000ac90       0x3e build/kernel/components/dfs/src/dfs_posix.o
                0x000000008000ac90                unlink
 .text.mkdir    0x000000008000acce       0xa8 build/kernel/components/dfs/src/dfs_posix.o
                0x000000008000acce                mkdir
 .text.opendir  0x000000008000ad76       0xd0 build/kernel/components/dfs/src/dfs_posix.o
                0x000000008000ad76                opendir
 .text.readdir  0x000000008000ae46       0xf8 build/kernel/components/dfs/src/dfs_posix.o
                0x000000008000ae46                readdir
 .text.rewinddir
                0x000000008000af3e       0x62 build/kernel/components/dfs/src/dfs_posix.o
                0x000000008000af3e                rewinddir
 .text.closedir
                0x000000008000afa0       0x76 build/kernel/components/dfs/src/dfs_posix.o
                0x000000008000afa0                closedir
 .text.getcwd   0x000000008000b016       0x2a build/kernel/components/dfs/src/dfs_posix.o
                0x000000008000b016                getcwd
 .text.dfs_device_fs_mount
                0x000000008000b040       0x1c build/kernel/components/dfs/filesystems/devfs/devfs.o
                0x000000008000b040                dfs_device_fs_mount
 .text.dfs_device_fs_ioctl
                0x000000008000b05c       0x8c build/kernel/components/dfs/filesystems/devfs/devfs.o
                0x000000008000b05c                dfs_device_fs_ioctl
 .text.dfs_device_fs_read
                0x000000008000b0e8       0x98 build/kernel/components/dfs/filesystems/devfs/devfs.o
                0x000000008000b0e8                dfs_device_fs_read
 .text.dfs_device_fs_write
                0x000000008000b180       0x98 build/kernel/components/dfs/filesystems/devfs/devfs.o
                0x000000008000b180                dfs_device_fs_write
 .text.dfs_device_fs_close
                0x000000008000b218       0xc2 build/kernel/components/dfs/filesystems/devfs/devfs.o
                0x000000008000b218                dfs_device_fs_close
 .text.dfs_device_fs_open
                0x000000008000b2da      0x1f0 build/kernel/components/dfs/filesystems/devfs/devfs.o
                0x000000008000b2da                dfs_device_fs_open
 .text.dfs_device_fs_stat
                0x000000008000b4ca      0x156 build/kernel/components/dfs/filesystems/devfs/devfs.o
                0x000000008000b4ca                dfs_device_fs_stat
 .text.dfs_device_fs_getdents
                0x000000008000b620      0x14c build/kernel/components/dfs/filesystems/devfs/devfs.o
                0x000000008000b620                dfs_device_fs_getdents
 .text.dfs_device_fs_poll
                0x000000008000b76c       0x1e build/kernel/components/dfs/filesystems/devfs/devfs.o
 .text.devfs_init
                0x000000008000b78a       0x20 build/kernel/components/dfs/filesystems/devfs/devfs.o
                0x000000008000b78a                devfs_init
 .text._pin_read
                0x000000008000b7aa       0x8e build/kernel/components/drivers/misc/pin.o
 .text._pin_write
                0x000000008000b838       0x8c build/kernel/components/drivers/misc/pin.o
 .text._pin_control
                0x000000008000b8c4       0x7e build/kernel/components/drivers/misc/pin.o
 .text.rt_device_pin_register
                0x000000008000b942       0xcc build/kernel/components/drivers/misc/pin.o
                0x000000008000b942                rt_device_pin_register
 .text.rt_pin_mode
                0x000000008000ba0e       0x5c build/kernel/components/drivers/misc/pin.o
                0x000000008000ba0e                rt_pin_mode
 .text.rt_pin_write
                0x000000008000ba6a       0x5c build/kernel/components/drivers/misc/pin.o
                0x000000008000ba6a                rt_pin_write
 .text.rt_pin_read
                0x000000008000bac6       0x56 build/kernel/components/drivers/misc/pin.o
                0x000000008000bac6                rt_pin_read
 .text.rt_poll_add
                0x000000008000bb1c       0x3e build/kernel/components/drivers/serial/serial.o
 .text.serial_fops_rx_ind
                0x000000008000bb5a       0x2c build/kernel/components/drivers/serial/serial.o
 .text.serial_fops_open
                0x000000008000bb86       0xec build/kernel/components/drivers/serial/serial.o
 .text.serial_fops_close
                0x000000008000bc72       0x34 build/kernel/components/drivers/serial/serial.o
 .text.serial_fops_ioctl
                0x000000008000bca6       0x42 build/kernel/components/drivers/serial/serial.o
 .text.serial_fops_read
                0x000000008000bce8       0x86 build/kernel/components/drivers/serial/serial.o
 .text.serial_fops_write
                0x000000008000bd6e       0x3e build/kernel/components/drivers/serial/serial.o
 .text.serial_fops_poll
                0x000000008000bdac       0xf0 build/kernel/components/drivers/serial/serial.o
 .text._serial_poll_rx
                0x000000008000be9c       0xba build/kernel/components/drivers/serial/serial.o
 .text._serial_poll_tx
                0x000000008000bf56       0xbc build/kernel/components/drivers/serial/serial.o
 .text._serial_int_rx
                0x000000008000c012      0x150 build/kernel/components/drivers/serial/serial.o
 .text._serial_int_tx
                0x000000008000c162       0xca build/kernel/components/drivers/serial/serial.o
 .text._serial_check_buffer_size
                0x000000008000c22c       0x42 build/kernel/components/drivers/serial/serial.o
 .text._serial_fifo_calc_recved_len
                0x000000008000c26e       0xdc build/kernel/components/drivers/serial/serial.o
 .text.rt_serial_init
                0x000000008000c34a       0x7a build/kernel/components/drivers/serial/serial.o
 .text.rt_serial_open
                0x000000008000c3c4      0x2f0 build/kernel/components/drivers/serial/serial.o
 .text.rt_serial_close
                0x000000008000c6b4      0x142 build/kernel/components/drivers/serial/serial.o
 .text.rt_serial_read
                0x000000008000c7f6       0x92 build/kernel/components/drivers/serial/serial.o
 .text.rt_serial_write
                0x000000008000c888       0x92 build/kernel/components/drivers/serial/serial.o
 .text.rt_serial_control
                0x000000008000c91a      0x198 build/kernel/components/drivers/serial/serial.o
 .text.rt_hw_serial_register
                0x000000008000cab2       0xec build/kernel/components/drivers/serial/serial.o
                0x000000008000cab2                rt_hw_serial_register
 .text.rt_hw_serial_isr
                0x000000008000cb9e      0x210 build/kernel/components/drivers/serial/serial.o
                0x000000008000cb9e                rt_hw_serial_isr
 .text.rt_list_init
                0x000000008000cdae       0x28 build/kernel/components/drivers/src/completion.o
 .text.rt_list_insert_before
                0x000000008000cdd6       0x42 build/kernel/components/drivers/src/completion.o
 .text.rt_list_isempty
                0x000000008000ce18       0x2a build/kernel/components/drivers/src/completion.o
 .text.rt_completion_init
                0x000000008000ce42       0x56 build/kernel/components/drivers/src/completion.o
                0x000000008000ce42                rt_completion_init
 .text.rt_completion_wait
                0x000000008000ce98      0x15c build/kernel/components/drivers/src/completion.o
                0x000000008000ce98                rt_completion_wait
 .text.rt_completion_done
                0x000000008000cff4       0x8e build/kernel/components/drivers/src/completion.o
                0x000000008000cff4                rt_completion_done
 .text.rt_slist_init
                0x000000008000d082       0x1a build/kernel/components/drivers/src/ringblk_buf.o
 .text.rt_slist_append
                0x000000008000d09c       0x44 build/kernel/components/drivers/src/ringblk_buf.o
 .text.rt_slist_len
                0x000000008000d0e0       0x40 build/kernel/components/drivers/src/ringblk_buf.o
 .text.rt_slist_remove
                0x000000008000d120       0x5a build/kernel/components/drivers/src/ringblk_buf.o
 .text.rt_slist_first
                0x000000008000d17a       0x18 build/kernel/components/drivers/src/ringblk_buf.o
 .text.rt_slist_tail
                0x000000008000d192       0x2a build/kernel/components/drivers/src/ringblk_buf.o
 .text.rt_slist_next
                0x000000008000d1bc       0x18 build/kernel/components/drivers/src/ringblk_buf.o
 .text.rt_slist_isempty
                0x000000008000d1d4       0x22 build/kernel/components/drivers/src/ringblk_buf.o
 .text.rt_rbb_init
                0x000000008000d1f6       0xe6 build/kernel/components/drivers/src/ringblk_buf.o
                0x000000008000d1f6                rt_rbb_init
 .text.rt_rbb_create
                0x000000008000d2dc       0x9e build/kernel/components/drivers/src/ringblk_buf.o
                0x000000008000d2dc                rt_rbb_create
 .text.rt_rbb_destroy
                0x000000008000d37a       0x54 build/kernel/components/drivers/src/ringblk_buf.o
                0x000000008000d37a                rt_rbb_destroy
 .text.find_empty_blk_in_set
                0x000000008000d3ce       0x84 build/kernel/components/drivers/src/ringblk_buf.o
 .text.rt_rbb_blk_alloc
                0x000000008000d452      0x322 build/kernel/components/drivers/src/ringblk_buf.o
                0x000000008000d452                rt_rbb_blk_alloc
 .text.rt_rbb_blk_put
                0x000000008000d774       0x66 build/kernel/components/drivers/src/ringblk_buf.o
                0x000000008000d774                rt_rbb_blk_put
 .text.rt_rbb_blk_get
                0x000000008000d7da       0xb2 build/kernel/components/drivers/src/ringblk_buf.o
                0x000000008000d7da                rt_rbb_blk_get
 .text.rt_rbb_blk_free
                0x000000008000d88c       0xa6 build/kernel/components/drivers/src/ringblk_buf.o
                0x000000008000d88c                rt_rbb_blk_free
 .text.rt_list_init
                0x000000008000d932       0x28 build/kernel/components/drivers/src/waitqueue.o
 .text.rt_list_insert_before
                0x000000008000d95a       0x42 build/kernel/components/drivers/src/waitqueue.o
 .text.rt_list_remove
                0x000000008000d99c       0x44 build/kernel/components/drivers/src/waitqueue.o
 .text.rt_list_isempty
                0x000000008000d9e0       0x2a build/kernel/components/drivers/src/waitqueue.o
 .text.rt_wqueue_add
                0x000000008000da0a       0x40 build/kernel/components/drivers/src/waitqueue.o
                0x000000008000da0a                rt_wqueue_add
 .text.rt_wqueue_remove
                0x000000008000da4a       0x32 build/kernel/components/drivers/src/waitqueue.o
                0x000000008000da4a                rt_wqueue_remove
 .text.__wqueue_default_wake
                0x000000008000da7c       0x18 build/kernel/components/drivers/src/waitqueue.o
                0x000000008000da7c                __wqueue_default_wake
 .text.rt_wqueue_wakeup
                0x000000008000da94       0xac build/kernel/components/drivers/src/waitqueue.o
                0x000000008000da94                rt_wqueue_wakeup
 .text.rt_wqueue_wait
                0x000000008000db40      0x14c build/kernel/components/drivers/src/waitqueue.o
                0x000000008000db40                rt_wqueue_wait
 .text.finsh_get_prompt
                0x000000008000dc8c       0xde build/kernel/components/finsh/shell.o
                0x000000008000dc8c                finsh_get_prompt
 .text.finsh_set_prompt_mode
                0x000000008000dd6a       0x66 build/kernel/components/finsh/shell.o
                0x000000008000dd6a                finsh_set_prompt_mode
 .text.finsh_getchar
                0x000000008000ddd0       0x18 build/kernel/components/finsh/shell.o
 .text.shell_auto_complete
                0x000000008000dde8       0x50 build/kernel/components/finsh/shell.o
 .text.shell_handle_history
                0x000000008000de38       0x42 build/kernel/components/finsh/shell.o
 .text.shell_push_history
                0x000000008000de7a      0x204 build/kernel/components/finsh/shell.o
 .text.finsh_thread_entry
                0x000000008000e07e      0x91e build/kernel/components/finsh/shell.o
                0x000000008000e07e                finsh_thread_entry
 .text.finsh_system_function_init
                0x000000008000e99c       0x32 build/kernel/components/finsh/shell.o
                0x000000008000e99c                finsh_system_function_init
 .text.finsh_system_var_init
                0x000000008000e9ce       0x32 build/kernel/components/finsh/shell.o
                0x000000008000e9ce                finsh_system_var_init
 .text.finsh_system_init
                0x000000008000ea00       0xc8 build/kernel/components/finsh/shell.o
                0x000000008000ea00                finsh_system_init
 .text.rt_list_isempty
                0x000000008000eac8       0x2a build/kernel/components/finsh/cmd.o
 .text.rt_list_len
                0x000000008000eaf2       0x46 build/kernel/components/finsh/cmd.o
 .text.hello    0x000000008000eb38       0x20 build/kernel/components/finsh/cmd.o
                0x000000008000eb38                hello
 .text.version  0x000000008000eb58       0x18 build/kernel/components/finsh/cmd.o
                0x000000008000eb58                version
 .text.object_split
                0x000000008000eb70       0x34 build/kernel/components/finsh/cmd.o
 .text.list_find_init
                0x000000008000eba4       0x74 build/kernel/components/finsh/cmd.o
 .text.list_get_next
                0x000000008000ec18      0x120 build/kernel/components/finsh/cmd.o
 .text.list_thread
                0x000000008000ed38      0x2a0 build/kernel/components/finsh/cmd.o
                0x000000008000ed38                list_thread
 .text.show_wait_queue
                0x000000008000efd8       0x6e build/kernel/components/finsh/cmd.o
 .text.list_sem
                0x000000008000f046      0x1a2 build/kernel/components/finsh/cmd.o
                0x000000008000f046                list_sem
 .text.list_event
                0x000000008000f1e8      0x184 build/kernel/components/finsh/cmd.o
                0x000000008000f1e8                list_event
 .text.list_mutex
                0x000000008000f36c      0x14c build/kernel/components/finsh/cmd.o
                0x000000008000f36c                list_mutex
 .text.list_mailbox
                0x000000008000f4b8      0x1c6 build/kernel/components/finsh/cmd.o
                0x000000008000f4b8                list_mailbox
 .text.list_msgqueue
                0x000000008000f67e      0x1a2 build/kernel/components/finsh/cmd.o
                0x000000008000f67e                list_msgqueue
 .text.list_timer
                0x000000008000f820      0x15c build/kernel/components/finsh/cmd.o
                0x000000008000f820                list_timer
 .text.list_device
                0x000000008000f97c      0x14a build/kernel/components/finsh/cmd.o
                0x000000008000f97c                list_device
 .text.list     0x000000008000fac6       0x86 build/kernel/components/finsh/cmd.o
                0x000000008000fac6                list
 .text.msh_is_used
                0x000000008000fb4c       0x10 build/kernel/components/finsh/msh.o
                0x000000008000fb4c                msh_is_used
 .text.msh_help
                0x000000008000fb5c       0xa0 build/kernel/components/finsh/msh.o
                0x000000008000fb5c                msh_help
 .text.cmd_ps   0x000000008000fbfc       0x22 build/kernel/components/finsh/msh.o
                0x000000008000fbfc                cmd_ps
 .text.cmd_free
                0x000000008000fc1e       0x22 build/kernel/components/finsh/msh.o
                0x000000008000fc1e                cmd_free
 .text.msh_split
                0x000000008000fc40      0x246 build/kernel/components/finsh/msh.o
 .text.msh_get_cmd
                0x000000008000fe86       0xaa build/kernel/components/finsh/msh.o
 .text._msh_exec_cmd
                0x000000008000ff30      0x11e build/kernel/components/finsh/msh.o
 .text.msh_exec
                0x000000008001004e       0xc2 build/kernel/components/finsh/msh.o
                0x000000008001004e                msh_exec
 .text.str_common
                0x0000000080010110       0x6a build/kernel/components/finsh/msh.o
 .text.msh_auto_complete_path
                0x000000008001017a      0x2fa build/kernel/components/finsh/msh.o
                0x000000008001017a                msh_auto_complete_path
 .text.msh_auto_complete
                0x0000000080010474      0x162 build/kernel/components/finsh/msh.o
                0x0000000080010474                msh_auto_complete
 .text.cmd_ls   0x00000000800105d6       0x48 build/kernel/components/finsh/msh_file.o
                0x00000000800105d6                cmd_ls
 .text.cmd_cp   0x000000008001061e       0x5e build/kernel/components/finsh/msh_file.o
                0x000000008001061e                cmd_cp
 .text.cmd_mv   0x000000008001067c      0x1a6 build/kernel/components/finsh/msh_file.o
                0x000000008001067c                cmd_mv
 .text.cmd_cat  0x0000000080010822       0x7e build/kernel/components/finsh/msh_file.o
                0x0000000080010822                cmd_cat
 .text.cmd_rm   0x00000000800108a0       0x7e build/kernel/components/finsh/msh_file.o
                0x00000000800108a0                cmd_rm
 .text.cmd_mkdir
                0x000000008001091e       0x56 build/kernel/components/finsh/msh_file.o
                0x000000008001091e                cmd_mkdir
 .text.cmd_mkfs
                0x0000000080010974       0xcc build/kernel/components/finsh/msh_file.o
                0x0000000080010974                cmd_mkfs
 .text.cmd_df   0x0000000080010a40       0x8a build/kernel/components/finsh/msh_file.o
                0x0000000080010a40                cmd_df
 .text.cmd_echo
                0x0000000080010aca       0xd0 build/kernel/components/finsh/msh_file.o
                0x0000000080010aca                cmd_echo
 .text.libc_system_init
                0x0000000080010b9a       0x46 build/kernel/components/libc/compilers/newlib/libc.o
                0x0000000080010b9a                libc_system_init
 .text.libc_stdio_set_console
                0x0000000080010be0      0x18e build/kernel/components/libc/compilers/newlib/stdio.o
                0x0000000080010be0                libc_stdio_set_console
 .text.libc_stdio_get_console
                0x0000000080010d6e       0x34 build/kernel/components/libc/compilers/newlib/stdio.o
                0x0000000080010d6e                libc_stdio_get_console
 .text.__errno  0x0000000080010da2       0x18 build/kernel/components/libc/compilers/newlib/syscalls.o
                0x0000000080010da2                __errno
 .text._close_r
                0x0000000080010dba       0x28 build/kernel/components/libc/compilers/newlib/syscalls.o
                0x0000000080010dba                _close_r
 .text._fstat_r
                0x0000000080010de2       0x28 build/kernel/components/libc/compilers/newlib/syscalls.o
                0x0000000080010de2                _fstat_r
 .text._isatty_r
                0x0000000080010e0a       0x40 build/kernel/components/libc/compilers/newlib/syscalls.o
                0x0000000080010e0a                _isatty_r
 .text._lseek_r
                0x0000000080010e4a       0x44 build/kernel/components/libc/compilers/newlib/syscalls.o
                0x0000000080010e4a                _lseek_r
 .text._open_r  0x0000000080010e8e       0x46 build/kernel/components/libc/compilers/newlib/syscalls.o
                0x0000000080010e8e                _open_r
 .text._read_r  0x0000000080010ed4       0x40 build/kernel/components/libc/compilers/newlib/syscalls.o
                0x0000000080010ed4                _read_r
 .text._write_r
                0x0000000080010f14       0x40 build/kernel/components/libc/compilers/newlib/syscalls.o
                0x0000000080010f14                _write_r
 .text._malloc_r
                0x0000000080010f54       0x38 build/kernel/components/libc/compilers/newlib/syscalls.o
                0x0000000080010f54                _malloc_r
 .text._realloc_r
                0x0000000080010f8c       0x40 build/kernel/components/libc/compilers/newlib/syscalls.o
                0x0000000080010f8c                _realloc_r
 .text._calloc_r
                0x0000000080010fcc       0x40 build/kernel/components/libc/compilers/newlib/syscalls.o
                0x0000000080010fcc                _calloc_r
 .text._free_r  0x000000008001100c       0x22 build/kernel/components/libc/compilers/newlib/syscalls.o
                0x000000008001100c                _free_r
 .text.rt_slist_init
                0x000000008001102e       0x1a build/kernel/components/utilities/ulog/ulog.o
 .text.rt_slist_append
                0x0000000080011048       0x44 build/kernel/components/utilities/ulog/ulog.o
 .text.rt_slist_first
                0x000000008001108c       0x18 build/kernel/components/utilities/ulog/ulog.o
 .text.rt_slist_next
                0x00000000800110a4       0x18 build/kernel/components/utilities/ulog/ulog.o
 .text.ulog_strcpy
                0x00000000800110bc       0xb2 build/kernel/components/utilities/ulog/ulog.o
                0x00000000800110bc                ulog_strcpy
 .text.ulog_ultoa
                0x000000008001116e       0xe4 build/kernel/components/utilities/ulog/ulog.o
                0x000000008001116e                ulog_ultoa
 .text.output_unlock
                0x0000000080011252       0x38 build/kernel/components/utilities/ulog/ulog.o
 .text.output_lock
                0x000000008001128a       0x3a build/kernel/components/utilities/ulog/ulog.o
 .text.get_log_buf
                0x00000000800112c4       0x2c build/kernel/components/utilities/ulog/ulog.o
 .text.ulog_formater
                0x00000000800112f0      0x4fe build/kernel/components/utilities/ulog/ulog.o
                0x00000000800112f0                ulog_formater
 .text.ulog_output_to_all_backend
                0x00000000800117ee      0x120 build/kernel/components/utilities/ulog/ulog.o
                0x00000000800117ee                ulog_output_to_all_backend
 .text.do_output
                0x000000008001190e      0x11a build/kernel/components/utilities/ulog/ulog.o
 .text.ulog_voutput
                0x0000000080011a28       0xea build/kernel/components/utilities/ulog/ulog.o
                0x0000000080011a28                ulog_voutput
 .text.ulog_output
                0x0000000080011b12       0x56 build/kernel/components/utilities/ulog/ulog.o
                0x0000000080011b12                ulog_output
 .text.ulog_backend_register
                0x0000000080011b68       0xf6 build/kernel/components/utilities/ulog/ulog.o
                0x0000000080011b68                ulog_backend_register
 .text.ulog_async_output
                0x0000000080011c5e       0xa2 build/kernel/components/utilities/ulog/ulog.o
                0x0000000080011c5e                ulog_async_output
 .text.ulog_async_waiting_log
                0x0000000080011d00       0x3a build/kernel/components/utilities/ulog/ulog.o
                0x0000000080011d00                ulog_async_waiting_log
 .text.async_output_thread_entry
                0x0000000080011d3a       0x1c build/kernel/components/utilities/ulog/ulog.o
 .text.ulog_init
                0x0000000080011d56      0x12e build/kernel/components/utilities/ulog/ulog.o
                0x0000000080011d56                ulog_init
 .text.ulog_console_backend_output
                0x0000000080011e84       0x8a build/kernel/components/utilities/ulog/backend/console_be.o
                0x0000000080011e84                ulog_console_backend_output
 .text.ulog_console_backend_init
                0x0000000080011f0e       0x40 build/kernel/components/utilities/ulog/backend/console_be.o
                0x0000000080011f0e                ulog_console_backend_init
 .text.usleep   0x0000000080011f4e       0x70 build/packages/kendryte-sdk-latest/kendryte-standalone-sdk/lib/bsp/sleep.o
                0x0000000080011f4e                usleep
 .text._init    0x0000000080011fbe        0xe build/packages/kendryte-sdk-latest/kendryte-standalone-sdk/lib/bsp/entry.o
                0x0000000080011fbe                _init
 .text._fini    0x0000000080011fcc        0xe build/packages/kendryte-sdk-latest/kendryte-standalone-sdk/lib/bsp/entry.o
                0x0000000080011fcc                _fini
 .text.clint_get_time
                0x0000000080011fda       0x2e build/packages/kendryte-sdk-latest/kendryte-standalone-sdk/lib/drivers/clint.o
                0x0000000080011fda                clint_get_time
 .text.clint_ipi_send
                0x0000000080012008       0x36 build/packages/kendryte-sdk-latest/kendryte-standalone-sdk/lib/drivers/clint.o
                0x0000000080012008                clint_ipi_send
 .text.clint_ipi_clear
                0x000000008001203e       0x4e build/packages/kendryte-sdk-latest/kendryte-standalone-sdk/lib/drivers/clint.o
                0x000000008001203e                clint_ipi_clear
 .text.dmac_enable
                0x000000008001208c       0x3a build/packages/kendryte-sdk-latest/kendryte-standalone-sdk/lib/drivers/dmac.o
 .text.dmac_init
                0x00000000800120c6       0xf0 build/packages/kendryte-sdk-latest/kendryte-standalone-sdk/lib/drivers/dmac.o
                0x00000000800120c6                dmac_init
 .text.fpioa_init
                0x00000000800121b6      0x1b6 build/packages/kendryte-sdk-latest/kendryte-standalone-sdk/lib/drivers/fpioa.o
                0x00000000800121b6                fpioa_init
 .text.fpioa_set_io_pull
                0x000000008001236c       0xec build/packages/kendryte-sdk-latest/kendryte-standalone-sdk/lib/drivers/fpioa.o
                0x000000008001236c                fpioa_set_io_pull
 .text.fpioa_set_function_raw
                0x0000000080012458      0x29a build/packages/kendryte-sdk-latest/kendryte-standalone-sdk/lib/drivers/fpioa.o
                0x0000000080012458                fpioa_set_function_raw
 .text.fpioa_set_function
                0x00000000800126f2       0xea build/packages/kendryte-sdk-latest/kendryte-standalone-sdk/lib/drivers/fpioa.o
                0x00000000800126f2                fpioa_set_function
 .text.fpioa_get_io_by_function
                0x00000000800127dc       0x60 build/packages/kendryte-sdk-latest/kendryte-standalone-sdk/lib/drivers/fpioa.o
                0x00000000800127dc                fpioa_get_io_by_function
 .text.gpiohs_set_drive_mode
                0x000000008001283c      0x17e build/packages/kendryte-sdk-latest/kendryte-standalone-sdk/lib/drivers/gpiohs.o
                0x000000008001283c                gpiohs_set_drive_mode
 .text.gpiohs_get_pin
                0x00000000800129ba       0x5e build/packages/kendryte-sdk-latest/kendryte-standalone-sdk/lib/drivers/gpiohs.o
                0x00000000800129ba                gpiohs_get_pin
 .text.gpiohs_set_pin
                0x0000000080012a18       0x68 build/packages/kendryte-sdk-latest/kendryte-standalone-sdk/lib/drivers/gpiohs.o
                0x0000000080012a18                gpiohs_set_pin
 .text.gpiohs_set_pin_edge
                0x0000000080012a80      0x1c8 build/packages/kendryte-sdk-latest/kendryte-standalone-sdk/lib/drivers/gpiohs.o
                0x0000000080012a80                gpiohs_set_pin_edge
 .text.plic_set_priority
                0x0000000080012c48       0x44 build/packages/kendryte-sdk-latest/kendryte-standalone-sdk/lib/drivers/plic.o
                0x0000000080012c48                plic_set_priority
 .text.plic_get_instance
                0x0000000080012c8c       0x16 build/packages/kendryte-sdk-latest/kendryte-standalone-sdk/lib/drivers/plic.o
                0x0000000080012c8c                plic_get_instance
 .text.sysctl_clock_bus_en
                0x0000000080012ca2       0xc2 build/packages/kendryte-sdk-latest/kendryte-standalone-sdk/lib/drivers/sysctl.o
 .text.sysctl_clock_device_en
                0x0000000080012d64      0x54c build/packages/kendryte-sdk-latest/kendryte-standalone-sdk/lib/drivers/sysctl.o
 .text.sysctl_clock_enable
                0x00000000800132b0       0x46 build/packages/kendryte-sdk-latest/kendryte-standalone-sdk/lib/drivers/sysctl.o
                0x00000000800132b0                sysctl_clock_enable
 .text.sysctl_clock_get_threshold
                0x00000000800132f6      0x272 build/packages/kendryte-sdk-latest/kendryte-standalone-sdk/lib/drivers/sysctl.o
                0x00000000800132f6                sysctl_clock_get_threshold
 .text.sysctl_clock_set_clock_select
                0x0000000080013568      0x1b6 build/packages/kendryte-sdk-latest/kendryte-standalone-sdk/lib/drivers/sysctl.o
                0x0000000080013568                sysctl_clock_set_clock_select
 .text.sysctl_clock_get_clock_select
                0x000000008001371e      0x124 build/packages/kendryte-sdk-latest/kendryte-standalone-sdk/lib/drivers/sysctl.o
                0x000000008001371e                sysctl_clock_get_clock_select
 .text.sysctl_clock_source_get_freq
                0x0000000080013842       0x9c build/packages/kendryte-sdk-latest/kendryte-standalone-sdk/lib/drivers/sysctl.o
                0x0000000080013842                sysctl_clock_source_get_freq
 .text.sysctl_pll_is_lock
                0x00000000800138de       0xa0 build/packages/kendryte-sdk-latest/kendryte-standalone-sdk/lib/drivers/sysctl.o
 .text.sysctl_pll_clear_slip
                0x000000008001397e       0x90 build/packages/kendryte-sdk-latest/kendryte-standalone-sdk/lib/drivers/sysctl.o
 .text.sysctl_pll_get_freq
                0x0000000080013a0e      0x1ea build/packages/kendryte-sdk-latest/kendryte-standalone-sdk/lib/drivers/sysctl.o
                0x0000000080013a0e                sysctl_pll_get_freq
 .text.sysctl_pll_source_set_freq
                0x0000000080013bf8      0xb12 build/packages/kendryte-sdk-latest/kendryte-standalone-sdk/lib/drivers/sysctl.o
 .text.sysctl_clock_get_freq
                0x000000008001470a      0x7a0 build/packages/kendryte-sdk-latest/kendryte-standalone-sdk/lib/drivers/sysctl.o
                0x000000008001470a                sysctl_clock_get_freq
 .text.sysctl_set_power_mode
                0x0000000080014eaa       0x7c build/packages/kendryte-sdk-latest/kendryte-standalone-sdk/lib/drivers/sysctl.o
                0x0000000080014eaa                sysctl_set_power_mode
 .text.sysctl_pll_set_freq
                0x0000000080014f26      0x188 build/packages/kendryte-sdk-latest/kendryte-standalone-sdk/lib/drivers/sysctl.o
                0x0000000080014f26                sysctl_pll_set_freq
 .text.set_bit  0x00000000800150ae       0x58 build/packages/kendryte-sdk-latest/kendryte-standalone-sdk/lib/drivers/utils.o
                0x00000000800150ae                set_bit
 .text.set_bit_offset
                0x0000000080015106       0x5a build/packages/kendryte-sdk-latest/kendryte-standalone-sdk/lib/drivers/utils.o
                0x0000000080015106                set_bit_offset
 .text.set_gpio_bit
                0x0000000080015160       0x34 build/packages/kendryte-sdk-latest/kendryte-standalone-sdk/lib/drivers/utils.o
                0x0000000080015160                set_gpio_bit
 .text.get_bit  0x0000000080015194       0x48 build/packages/kendryte-sdk-latest/kendryte-standalone-sdk/lib/drivers/utils.o
                0x0000000080015194                get_bit
 .text.get_gpio_bit
                0x00000000800151dc       0x2c build/packages/kendryte-sdk-latest/kendryte-standalone-sdk/lib/drivers/utils.o
                0x00000000800151dc                get_gpio_bit
 .text._fclose_r
                0x0000000080015208      0x104 /home/hehe/xPacks/riscv-none-embed-gcc/8.3.0-1.1/bin/../lib/gcc/riscv-none-embed/8.3.0/../../../../riscv-none-embed/lib/rv64imafdc/lp64d/libc.a(lib_a-fclose.o)
                0x0000000080015208                _fclose_r
 .text.fclose   0x000000008001530c       0x10 /home/hehe/xPacks/riscv-none-embed-gcc/8.3.0-1.1/bin/../lib/gcc/riscv-none-embed/8.3.0/../../../../riscv-none-embed/lib/rv64imafdc/lp64d/libc.a(lib_a-fclose.o)
                0x000000008001530c                fclose
 .text.__sflush_r
                0x000000008001531c      0x196 /home/hehe/xPacks/riscv-none-embed-gcc/8.3.0-1.1/bin/../lib/gcc/riscv-none-embed/8.3.0/../../../../riscv-none-embed/lib/rv64imafdc/lp64d/libc.a(lib_a-fflush.o)
                0x000000008001531c                __sflush_r
 .text._fflush_r
                0x00000000800154b2       0x88 /home/hehe/xPacks/riscv-none-embed-gcc/8.3.0-1.1/bin/../lib/gcc/riscv-none-embed/8.3.0/../../../../riscv-none-embed/lib/rv64imafdc/lp64d/libc.a(lib_a-fflush.o)
                0x00000000800154b2                _fflush_r
 .text.fflush   0x000000008001553a       0x28 /home/hehe/xPacks/riscv-none-embed-gcc/8.3.0-1.1/bin/../lib/gcc/riscv-none-embed/8.3.0/../../../../riscv-none-embed/lib/rv64imafdc/lp64d/libc.a(lib_a-fflush.o)
                0x000000008001553a                fflush
 .text.fileno   0x0000000080015562       0x8e /home/hehe/xPacks/riscv-none-embed-gcc/8.3.0-1.1/bin/../lib/gcc/riscv-none-embed/8.3.0/../../../../riscv-none-embed/lib/rv64imafdc/lp64d/libc.a(lib_a-fileno.o)
                0x0000000080015562                fileno
 .text.std      0x00000000800155f0       0x6c /home/hehe/xPacks/riscv-none-embed-gcc/8.3.0-1.1/bin/../lib/gcc/riscv-none-embed/8.3.0/../../../../riscv-none-embed/lib/rv64imafdc/lp64d/libc.a(lib_a-findfp.o)
 .text._cleanup_r
                0x000000008001565c        0xa /home/hehe/xPacks/riscv-none-embed-gcc/8.3.0-1.1/bin/../lib/gcc/riscv-none-embed/8.3.0/../../../../riscv-none-embed/lib/rv64imafdc/lp64d/libc.a(lib_a-findfp.o)
                0x000000008001565c                _cleanup_r
 .text.__sfmoreglue
                0x0000000080015666       0x48 /home/hehe/xPacks/riscv-none-embed-gcc/8.3.0-1.1/bin/../lib/gcc/riscv-none-embed/8.3.0/../../../../riscv-none-embed/lib/rv64imafdc/lp64d/libc.a(lib_a-findfp.o)
                0x0000000080015666                __sfmoreglue
 .text.__sinit  0x00000000800156ae       0x66 /home/hehe/xPacks/riscv-none-embed-gcc/8.3.0-1.1/bin/../lib/gcc/riscv-none-embed/8.3.0/../../../../riscv-none-embed/lib/rv64imafdc/lp64d/libc.a(lib_a-findfp.o)
                0x00000000800156ae                __sinit
 .text.__sfp    0x0000000080015714       0xec /home/hehe/xPacks/riscv-none-embed-gcc/8.3.0-1.1/bin/../lib/gcc/riscv-none-embed/8.3.0/../../../../riscv-none-embed/lib/rv64imafdc/lp64d/libc.a(lib_a-findfp.o)
                0x0000000080015714                __sfp
 .text.__sfp_lock_acquire
                0x0000000080015800        0xa /home/hehe/xPacks/riscv-none-embed-gcc/8.3.0-1.1/bin/../lib/gcc/riscv-none-embed/8.3.0/../../../../riscv-none-embed/lib/rv64imafdc/lp64d/libc.a(lib_a-findfp.o)
                0x0000000080015800                __sfp_lock_acquire
 .text.__sfp_lock_release
                0x000000008001580a        0xa /home/hehe/xPacks/riscv-none-embed-gcc/8.3.0-1.1/bin/../lib/gcc/riscv-none-embed/8.3.0/../../../../riscv-none-embed/lib/rv64imafdc/lp64d/libc.a(lib_a-findfp.o)
                0x000000008001580a                __sfp_lock_release
 .text._fopen_r
                0x0000000080015814       0xf6 /home/hehe/xPacks/riscv-none-embed-gcc/8.3.0-1.1/bin/../lib/gcc/riscv-none-embed/8.3.0/../../../../riscv-none-embed/lib/rv64imafdc/lp64d/libc.a(lib_a-fopen.o)
                0x0000000080015814                _fopen_r
 .text.fopen    0x000000008001590a       0x12 /home/hehe/xPacks/riscv-none-embed-gcc/8.3.0-1.1/bin/../lib/gcc/riscv-none-embed/8.3.0/../../../../riscv-none-embed/lib/rv64imafdc/lp64d/libc.a(lib_a-fopen.o)
                0x000000008001590a                fopen
 .text._fseek_r
                0x000000008001591c        0x2 /home/hehe/xPacks/riscv-none-embed-gcc/8.3.0-1.1/bin/../lib/gcc/riscv-none-embed/8.3.0/../../../../riscv-none-embed/lib/rv64imafdc/lp64d/libc.a(lib_a-fseek.o)
                0x000000008001591c                _fseek_r
 .text._fseeko_r
                0x000000008001591e      0x364 /home/hehe/xPacks/riscv-none-embed-gcc/8.3.0-1.1/bin/../lib/gcc/riscv-none-embed/8.3.0/../../../../riscv-none-embed/lib/rv64imafdc/lp64d/libc.a(lib_a-fseeko.o)
                0x000000008001591e                _fseeko_r
 .text._fwalk   0x0000000080015c82       0x8a /home/hehe/xPacks/riscv-none-embed-gcc/8.3.0-1.1/bin/../lib/gcc/riscv-none-embed/8.3.0/../../../../riscv-none-embed/lib/rv64imafdc/lp64d/libc.a(lib_a-fwalk.o)
                0x0000000080015c82                _fwalk
 .text._fwalk_reent
                0x0000000080015d0c       0x92 /home/hehe/xPacks/riscv-none-embed-gcc/8.3.0-1.1/bin/../lib/gcc/riscv-none-embed/8.3.0/../../../../riscv-none-embed/lib/rv64imafdc/lp64d/libc.a(lib_a-fwalk.o)
                0x0000000080015d0c                _fwalk_reent
 .text.getchar  0x0000000080015d9e       0x10 /home/hehe/xPacks/riscv-none-embed-gcc/8.3.0-1.1/bin/../lib/gcc/riscv-none-embed/8.3.0/../../../../riscv-none-embed/lib/rv64imafdc/lp64d/libc.a(lib_a-getchar.o)
                0x0000000080015d9e                getchar
 .text.__retarget_lock_init_recursive
                0x0000000080015dae        0x2 /home/hehe/xPacks/riscv-none-embed-gcc/8.3.0-1.1/bin/../lib/gcc/riscv-none-embed/8.3.0/../../../../riscv-none-embed/lib/rv64imafdc/lp64d/libc.a(lib_a-lock.o)
                0x0000000080015dae                __retarget_lock_init_recursive
 .text.__retarget_lock_close_recursive
                0x0000000080015db0        0x2 /home/hehe/xPacks/riscv-none-embed-gcc/8.3.0-1.1/bin/../lib/gcc/riscv-none-embed/8.3.0/../../../../riscv-none-embed/lib/rv64imafdc/lp64d/libc.a(lib_a-lock.o)
                0x0000000080015db0                __retarget_lock_close_recursive
 .text.__retarget_lock_acquire_recursive
                0x0000000080015db2        0x2 /home/hehe/xPacks/riscv-none-embed-gcc/8.3.0-1.1/bin/../lib/gcc/riscv-none-embed/8.3.0/../../../../riscv-none-embed/lib/rv64imafdc/lp64d/libc.a(lib_a-lock.o)
                0x0000000080015db2                __retarget_lock_acquire_recursive
 .text.__retarget_lock_release_recursive
                0x0000000080015db4        0x2 /home/hehe/xPacks/riscv-none-embed-gcc/8.3.0-1.1/bin/../lib/gcc/riscv-none-embed/8.3.0/../../../../riscv-none-embed/lib/rv64imafdc/lp64d/libc.a(lib_a-lock.o)
                0x0000000080015db4                __retarget_lock_release_recursive
 .text.__swhatbuf_r
                0x0000000080015db6       0x82 /home/hehe/xPacks/riscv-none-embed-gcc/8.3.0-1.1/bin/../lib/gcc/riscv-none-embed/8.3.0/../../../../riscv-none-embed/lib/rv64imafdc/lp64d/libc.a(lib_a-makebuf.o)
                0x0000000080015db6                __swhatbuf_r
 .text.__smakebuf_r
                0x0000000080015e38       0xbc /home/hehe/xPacks/riscv-none-embed-gcc/8.3.0-1.1/bin/../lib/gcc/riscv-none-embed/8.3.0/../../../../riscv-none-embed/lib/rv64imafdc/lp64d/libc.a(lib_a-makebuf.o)
                0x0000000080015e38                __smakebuf_r
 .text.malloc   0x0000000080015ef4       0x10 /home/hehe/xPacks/riscv-none-embed-gcc/8.3.0-1.1/bin/../lib/gcc/riscv-none-embed/8.3.0/../../../../riscv-none-embed/lib/rv64imafdc/lp64d/libc.a(lib_a-malloc.o)
                0x0000000080015ef4                malloc
 .text.memcmp   0x0000000080015f04       0x64 /home/hehe/xPacks/riscv-none-embed-gcc/8.3.0-1.1/bin/../lib/gcc/riscv-none-embed/8.3.0/../../../../riscv-none-embed/lib/rv64imafdc/lp64d/libc.a(lib_a-memcmp.o)
                0x0000000080015f04                memcmp
 .text.memcpy   0x0000000080015f68       0xe2 /home/hehe/xPacks/riscv-none-embed-gcc/8.3.0-1.1/bin/../lib/gcc/riscv-none-embed/8.3.0/../../../../riscv-none-embed/lib/rv64imafdc/lp64d/libc.a(lib_a-memcpy.o)
                0x0000000080015f68                memcpy
 .text.printf   0x000000008001604a       0x36 /home/hehe/xPacks/riscv-none-embed-gcc/8.3.0-1.1/bin/../lib/gcc/riscv-none-embed/8.3.0/../../../../riscv-none-embed/lib/rv64imafdc/lp64d/libc.a(lib_a-printf.o)
                0x000000008001604a                printf
 .text.putenv   0x0000000080016080        0xe /home/hehe/xPacks/riscv-none-embed-gcc/8.3.0-1.1/bin/../lib/gcc/riscv-none-embed/8.3.0/../../../../riscv-none-embed/lib/rv64imafdc/lp64d/libc.a(lib_a-putenv.o)
                0x0000000080016080                putenv
 .text._putenv_r
                0x000000008001608e       0x62 /home/hehe/xPacks/riscv-none-embed-gcc/8.3.0-1.1/bin/../lib/gcc/riscv-none-embed/8.3.0/../../../../riscv-none-embed/lib/rv64imafdc/lp64d/libc.a(lib_a-putenv_r.o)
                0x000000008001608e                _putenv_r
 .text.lflush   0x00000000800160f0       0x14 /home/hehe/xPacks/riscv-none-embed-gcc/8.3.0-1.1/bin/../lib/gcc/riscv-none-embed/8.3.0/../../../../riscv-none-embed/lib/rv64imafdc/lp64d/libc.a(lib_a-refill.o)
 .text.__srefill_r
                0x0000000080016104      0x168 /home/hehe/xPacks/riscv-none-embed-gcc/8.3.0-1.1/bin/../lib/gcc/riscv-none-embed/8.3.0/../../../../riscv-none-embed/lib/rv64imafdc/lp64d/libc.a(lib_a-refill.o)
                0x0000000080016104                __srefill_r
 .text._setenv_r
                0x000000008001626c      0x1d4 /home/hehe/xPacks/riscv-none-embed-gcc/8.3.0-1.1/bin/../lib/gcc/riscv-none-embed/8.3.0/../../../../riscv-none-embed/lib/rv64imafdc/lp64d/libc.a(lib_a-setenv_r.o)
                0x000000008001626c                _setenv_r
 .text.setvbuf  0x0000000080016440      0x1de /home/hehe/xPacks/riscv-none-embed-gcc/8.3.0-1.1/bin/../lib/gcc/riscv-none-embed/8.3.0/../../../../riscv-none-embed/lib/rv64imafdc/lp64d/libc.a(lib_a-setvbuf.o)
                0x0000000080016440                setvbuf
 .text.snprintf
                0x000000008001661e       0xa2 /home/hehe/xPacks/riscv-none-embed-gcc/8.3.0-1.1/bin/../lib/gcc/riscv-none-embed/8.3.0/../../../../riscv-none-embed/lib/rv64imafdc/lp64d/libc.a(lib_a-snprintf.o)
                0x000000008001661e                snprintf
 .text.__sread  0x00000000800166c0       0x38 /home/hehe/xPacks/riscv-none-embed-gcc/8.3.0-1.1/bin/../lib/gcc/riscv-none-embed/8.3.0/../../../../riscv-none-embed/lib/rv64imafdc/lp64d/libc.a(lib_a-stdio.o)
                0x00000000800166c0                __sread
 .text.__swrite
                0x00000000800166f8       0x54 /home/hehe/xPacks/riscv-none-embed-gcc/8.3.0-1.1/bin/../lib/gcc/riscv-none-embed/8.3.0/../../../../riscv-none-embed/lib/rv64imafdc/lp64d/libc.a(lib_a-stdio.o)
                0x00000000800166f8                __swrite
 .text.__sseek  0x000000008001674c       0x42 /home/hehe/xPacks/riscv-none-embed-gcc/8.3.0-1.1/bin/../lib/gcc/riscv-none-embed/8.3.0/../../../../riscv-none-embed/lib/rv64imafdc/lp64d/libc.a(lib_a-stdio.o)
                0x000000008001674c                __sseek
 .text.__sclose
                0x000000008001678e        0x8 /home/hehe/xPacks/riscv-none-embed-gcc/8.3.0-1.1/bin/../lib/gcc/riscv-none-embed/8.3.0/../../../../riscv-none-embed/lib/rv64imafdc/lp64d/libc.a(lib_a-stdio.o)
                0x000000008001678e                __sclose
 .text.strchr   0x0000000080016796      0x106 /home/hehe/xPacks/riscv-none-embed-gcc/8.3.0-1.1/bin/../lib/gcc/riscv-none-embed/8.3.0/../../../../riscv-none-embed/lib/rv64imafdc/lp64d/libc.a(lib_a-strchr.o)
                0x0000000080016796                strchr
 .text.strcpy   0x000000008001689c       0xa4 /home/hehe/xPacks/riscv-none-embed-gcc/8.3.0-1.1/bin/../lib/gcc/riscv-none-embed/8.3.0/../../../../riscv-none-embed/lib/rv64imafdc/lp64d/libc.a(lib_a-strcpy.o)
                0x000000008001689c                strcpy
 .text._strdup_r
                0x0000000080016940       0x3a /home/hehe/xPacks/riscv-none-embed-gcc/8.3.0-1.1/bin/../lib/gcc/riscv-none-embed/8.3.0/../../../../riscv-none-embed/lib/rv64imafdc/lp64d/libc.a(lib_a-strdup_r.o)
                0x0000000080016940                _strdup_r
 .text.strlen   0x000000008001697a       0x98 /home/hehe/xPacks/riscv-none-embed-gcc/8.3.0-1.1/bin/../lib/gcc/riscv-none-embed/8.3.0/../../../../riscv-none-embed/lib/rv64imafdc/lp64d/libc.a(lib_a-strlen.o)
                0x000000008001697a                strlen
 .text.strncmp  0x0000000080016a12       0xb6 /home/hehe/xPacks/riscv-none-embed-gcc/8.3.0-1.1/bin/../lib/gcc/riscv-none-embed/8.3.0/../../../../riscv-none-embed/lib/rv64imafdc/lp64d/libc.a(lib_a-strncmp.o)
                0x0000000080016a12                strncmp
 .text.strncpy  0x0000000080016ac8       0x9e /home/hehe/xPacks/riscv-none-embed-gcc/8.3.0-1.1/bin/../lib/gcc/riscv-none-embed/8.3.0/../../../../riscv-none-embed/lib/rv64imafdc/lp64d/libc.a(lib_a-strncpy.o)
                0x0000000080016ac8                strncpy
 .text.strrchr  0x0000000080016b66       0x32 /home/hehe/xPacks/riscv-none-embed-gcc/8.3.0-1.1/bin/../lib/gcc/riscv-none-embed/8.3.0/../../../../riscv-none-embed/lib/rv64imafdc/lp64d/libc.a(lib_a-strrchr.o)
                0x0000000080016b66                strrchr
 .text._svfprintf_r
                0x0000000080016b98     0x1ba8 /home/hehe/xPacks/riscv-none-embed-gcc/8.3.0-1.1/bin/../lib/gcc/riscv-none-embed/8.3.0/../../../../riscv-none-embed/lib/rv64imafdc/lp64d/libc.a(lib_a-svfprintf.o)
                0x0000000080016b98                _svfprintf_r
 .text.__sprint_r.part.0
                0x0000000080018740       0xa4 /home/hehe/xPacks/riscv-none-embed-gcc/8.3.0-1.1/bin/../lib/gcc/riscv-none-embed/8.3.0/../../../../riscv-none-embed/lib/rv64imafdc/lp64d/libc.a(lib_a-vfiprintf.o)
 .text.__sprint_r
                0x00000000800187e4       0x10 /home/hehe/xPacks/riscv-none-embed-gcc/8.3.0-1.1/bin/../lib/gcc/riscv-none-embed/8.3.0/../../../../riscv-none-embed/lib/rv64imafdc/lp64d/libc.a(lib_a-vfiprintf.o)
                0x00000000800187e4                __sprint_r
 .text._vfprintf_r
                0x00000000800187f4     0x1c64 /home/hehe/xPacks/riscv-none-embed-gcc/8.3.0-1.1/bin/../lib/gcc/riscv-none-embed/8.3.0/../../../../riscv-none-embed/lib/rv64imafdc/lp64d/libc.a(lib_a-vfprintf.o)
                0x00000000800187f4                _vfprintf_r
 .text.__sbprintf
                0x000000008001a458       0xb0 /home/hehe/xPacks/riscv-none-embed-gcc/8.3.0-1.1/bin/../lib/gcc/riscv-none-embed/8.3.0/../../../../riscv-none-embed/lib/rv64imafdc/lp64d/libc.a(lib_a-vfprintf.o)
 .text._vsnprintf_r
                0x000000008001a508       0x84 /home/hehe/xPacks/riscv-none-embed-gcc/8.3.0-1.1/bin/../lib/gcc/riscv-none-embed/8.3.0/../../../../riscv-none-embed/lib/rv64imafdc/lp64d/libc.a(lib_a-vsnprintf.o)
                0x000000008001a508                _vsnprintf_r
 .text.vsnprintf
                0x000000008001a58c       0x16 /home/hehe/xPacks/riscv-none-embed-gcc/8.3.0-1.1/bin/../lib/gcc/riscv-none-embed/8.3.0/../../../../riscv-none-embed/lib/rv64imafdc/lp64d/libc.a(lib_a-vsnprintf.o)
                0x000000008001a58c                vsnprintf
 .text.__swsetup_r
                0x000000008001a5a2       0xf8 /home/hehe/xPacks/riscv-none-embed-gcc/8.3.0-1.1/bin/../lib/gcc/riscv-none-embed/8.3.0/../../../../riscv-none-embed/lib/rv64imafdc/lp64d/libc.a(lib_a-wsetup.o)
                0x000000008001a5a2                __swsetup_r
 .text.__env_lock
                0x000000008001a69a        0xc /home/hehe/xPacks/riscv-none-embed-gcc/8.3.0-1.1/bin/../lib/gcc/riscv-none-embed/8.3.0/../../../../riscv-none-embed/lib/rv64imafdc/lp64d/libc.a(lib_a-envlock.o)
                0x000000008001a69a                __env_lock
 .text.__env_unlock
                0x000000008001a6a6        0xc /home/hehe/xPacks/riscv-none-embed-gcc/8.3.0-1.1/bin/../lib/gcc/riscv-none-embed/8.3.0/../../../../riscv-none-embed/lib/rv64imafdc/lp64d/libc.a(lib_a-envlock.o)
                0x000000008001a6a6                __env_unlock
 .text.__sflags
                0x000000008001a6b2       0x80 /home/hehe/xPacks/riscv-none-embed-gcc/8.3.0-1.1/bin/../lib/gcc/riscv-none-embed/8.3.0/../../../../riscv-none-embed/lib/rv64imafdc/lp64d/libc.a(lib_a-flags.o)
                0x000000008001a6b2                __sflags
 .text.__fputwc
                0x000000008001a732       0xc6 /home/hehe/xPacks/riscv-none-embed-gcc/8.3.0-1.1/bin/../lib/gcc/riscv-none-embed/8.3.0/../../../../riscv-none-embed/lib/rv64imafdc/lp64d/libc.a(lib_a-fputwc.o)
                0x000000008001a732                __fputwc
 .text._fputwc_r
                0x000000008001a7f8       0x92 /home/hehe/xPacks/riscv-none-embed-gcc/8.3.0-1.1/bin/../lib/gcc/riscv-none-embed/8.3.0/../../../../riscv-none-embed/lib/rv64imafdc/lp64d/libc.a(lib_a-fputwc.o)
                0x000000008001a7f8                _fputwc_r
 .text.__sfvwrite_r
                0x000000008001a88a      0x32c /home/hehe/xPacks/riscv-none-embed-gcc/8.3.0-1.1/bin/../lib/gcc/riscv-none-embed/8.3.0/../../../../riscv-none-embed/lib/rv64imafdc/lp64d/libc.a(lib_a-fvwrite.o)
                0x000000008001a88a                __sfvwrite_r
 .text._getc_r  0x000000008001abb6       0x88 /home/hehe/xPacks/riscv-none-embed-gcc/8.3.0-1.1/bin/../lib/gcc/riscv-none-embed/8.3.0/../../../../riscv-none-embed/lib/rv64imafdc/lp64d/libc.a(lib_a-getc.o)
                0x000000008001abb6                _getc_r
 .text._findenv_r
                0x000000008001ac3e       0xb2 /home/hehe/xPacks/riscv-none-embed-gcc/8.3.0-1.1/bin/../lib/gcc/riscv-none-embed/8.3.0/../../../../riscv-none-embed/lib/rv64imafdc/lp64d/libc.a(lib_a-getenv_r.o)
                0x000000008001ac3e                _findenv_r
 .text.eshdn1   0x000000008001acf0       0x4c /home/hehe/xPacks/riscv-none-embed-gcc/8.3.0-1.1/bin/../lib/gcc/riscv-none-embed/8.3.0/../../../../riscv-none-embed/lib/rv64imafdc/lp64d/libc.a(lib_a-ldtoa.o)
 .text.eshup1   0x000000008001ad3c       0x5a /home/hehe/xPacks/riscv-none-embed-gcc/8.3.0-1.1/bin/../lib/gcc/riscv-none-embed/8.3.0/../../../../riscv-none-embed/lib/rv64imafdc/lp64d/libc.a(lib_a-ldtoa.o)
 .text.m16m     0x000000008001ad96       0x74 /home/hehe/xPacks/riscv-none-embed-gcc/8.3.0-1.1/bin/../lib/gcc/riscv-none-embed/8.3.0/../../../../riscv-none-embed/lib/rv64imafdc/lp64d/libc.a(lib_a-ldtoa.o)
 .text.eisnan.part.0
                0x000000008001ae0a       0x18 /home/hehe/xPacks/riscv-none-embed-gcc/8.3.0-1.1/bin/../lib/gcc/riscv-none-embed/8.3.0/../../../../riscv-none-embed/lib/rv64imafdc/lp64d/libc.a(lib_a-ldtoa.o)
 .text.eneg     0x000000008001ae22       0x30 /home/hehe/xPacks/riscv-none-embed-gcc/8.3.0-1.1/bin/../lib/gcc/riscv-none-embed/8.3.0/../../../../riscv-none-embed/lib/rv64imafdc/lp64d/libc.a(lib_a-ldtoa.o)
 .text.eisneg   0x000000008001ae52       0x2a /home/hehe/xPacks/riscv-none-embed-gcc/8.3.0-1.1/bin/../lib/gcc/riscv-none-embed/8.3.0/../../../../riscv-none-embed/lib/rv64imafdc/lp64d/libc.a(lib_a-ldtoa.o)
 .text.emovi    0x000000008001ae7c       0xac /home/hehe/xPacks/riscv-none-embed-gcc/8.3.0-1.1/bin/../lib/gcc/riscv-none-embed/8.3.0/../../../../riscv-none-embed/lib/rv64imafdc/lp64d/libc.a(lib_a-ldtoa.o)
 .text.ecmp     0x000000008001af28       0xc8 /home/hehe/xPacks/riscv-none-embed-gcc/8.3.0-1.1/bin/../lib/gcc/riscv-none-embed/8.3.0/../../../../riscv-none-embed/lib/rv64imafdc/lp64d/libc.a(lib_a-ldtoa.o)
 .text.eisinf.part.1
                0x000000008001aff0       0x12 /home/hehe/xPacks/riscv-none-embed-gcc/8.3.0-1.1/bin/../lib/gcc/riscv-none-embed/8.3.0/../../../../riscv-none-embed/lib/rv64imafdc/lp64d/libc.a(lib_a-ldtoa.o)
 .text.eshift.part.3
                0x000000008001b002      0x13a /home/hehe/xPacks/riscv-none-embed-gcc/8.3.0-1.1/bin/../lib/gcc/riscv-none-embed/8.3.0/../../../../riscv-none-embed/lib/rv64imafdc/lp64d/libc.a(lib_a-ldtoa.o)
 .text.enormlz  0x000000008001b13c      0x120 /home/hehe/xPacks/riscv-none-embed-gcc/8.3.0-1.1/bin/../lib/gcc/riscv-none-embed/8.3.0/../../../../riscv-none-embed/lib/rv64imafdc/lp64d/libc.a(lib_a-ldtoa.o)
 .text.emdnorm  0x000000008001b25c      0x300 /home/hehe/xPacks/riscv-none-embed-gcc/8.3.0-1.1/bin/../lib/gcc/riscv-none-embed/8.3.0/../../../../riscv-none-embed/lib/rv64imafdc/lp64d/libc.a(lib_a-ldtoa.o)
 .text.eiremain
                0x000000008001b55c       0xf4 /home/hehe/xPacks/riscv-none-embed-gcc/8.3.0-1.1/bin/../lib/gcc/riscv-none-embed/8.3.0/../../../../riscv-none-embed/lib/rv64imafdc/lp64d/libc.a(lib_a-ldtoa.o)
 .text.emovo.isra.6
                0x000000008001b650       0x82 /home/hehe/xPacks/riscv-none-embed-gcc/8.3.0-1.1/bin/../lib/gcc/riscv-none-embed/8.3.0/../../../../riscv-none-embed/lib/rv64imafdc/lp64d/libc.a(lib_a-ldtoa.o)
 .text.emul     0x000000008001b6d2      0x304 /home/hehe/xPacks/riscv-none-embed-gcc/8.3.0-1.1/bin/../lib/gcc/riscv-none-embed/8.3.0/../../../../riscv-none-embed/lib/rv64imafdc/lp64d/libc.a(lib_a-ldtoa.o)
 .text.ediv     0x000000008001b9d6      0x3b4 /home/hehe/xPacks/riscv-none-embed-gcc/8.3.0-1.1/bin/../lib/gcc/riscv-none-embed/8.3.0/../../../../riscv-none-embed/lib/rv64imafdc/lp64d/libc.a(lib_a-ldtoa.o)
 .text.e113toe.isra.8
                0x000000008001bd8a       0xf4 /home/hehe/xPacks/riscv-none-embed-gcc/8.3.0-1.1/bin/../lib/gcc/riscv-none-embed/8.3.0/../../../../riscv-none-embed/lib/rv64imafdc/lp64d/libc.a(lib_a-ldtoa.o)
 .text._ldtoa_r
                0x000000008001be7e      0xec8 /home/hehe/xPacks/riscv-none-embed-gcc/8.3.0-1.1/bin/../lib/gcc/riscv-none-embed/8.3.0/../../../../riscv-none-embed/lib/rv64imafdc/lp64d/libc.a(lib_a-ldtoa.o)
                0x000000008001be7e                _ldtoa_r
 .text._ldcheck
                0x000000008001cd46       0x36 /home/hehe/xPacks/riscv-none-embed-gcc/8.3.0-1.1/bin/../lib/gcc/riscv-none-embed/8.3.0/../../../../riscv-none-embed/lib/rv64imafdc/lp64d/libc.a(lib_a-ldtoa.o)
                0x000000008001cd46                _ldcheck
 .text.__locale_mb_cur_max
                0x000000008001cd7c        0xa /home/hehe/xPacks/riscv-none-embed-gcc/8.3.0-1.1/bin/../lib/gcc/riscv-none-embed/8.3.0/../../../../riscv-none-embed/lib/rv64imafdc/lp64d/libc.a(lib_a-locale.o)
                0x000000008001cd7c                __locale_mb_cur_max
 .text._localeconv_r